Archive member included to satisfy reference by file (symbol)

D:/Arm_GUN_Toolchain/14.2 rel1/bin/../lib/gcc/arm-none-eabi/14.2.1/thumb/v7e-m+fp/hard\libgcc.a(_arm_muldf3.o)
                              CMakeFiles/DM_T_Code.elf.dir/MathFunction_User/diff.c.obj (__aeabi_dmul)
D:/Arm_GUN_Toolchain/14.2 rel1/bin/../lib/gcc/arm-none-eabi/14.2.1/thumb/v7e-m+fp/hard\libgcc.a(_arm_addsubdf3.o)
                              CMakeFiles/DM_T_Code.elf.dir/MathFunction_User/diff.c.obj (__aeabi_dsub)
D:/Arm_GUN_Toolchain/14.2 rel1/bin/../lib/gcc/arm-none-eabi/14.2.1/thumb/v7e-m+fp/hard\libgcc.a(_arm_muldivdf3.o)
                              CMakeFiles/DM_T_Code.elf.dir/Driver_User/driver_dm_motor.c.obj (__aeabi_ddiv)
D:/Arm_GUN_Toolchain/14.2 rel1/bin/../lib/gcc/arm-none-eabi/14.2.1/thumb/v7e-m+fp/hard\libgcc.a(_arm_truncdfsf2.o)
                              CMakeFiles/DM_T_Code.elf.dir/Driver_User/driver_dm_motor.c.obj (__aeabi_d2f)
D:/Arm_GUN_Toolchain/14.2 rel1/bin/../lib/gcc/arm-none-eabi/14.2.1/thumb/v7e-m+fp/hard\libgcc.a(_aeabi_uldivmod.o)
                              CMakeFiles/DM_T_Code.elf.dir/Drivers/STM32H7xx_HAL_Driver/Src/stm32h7xx_hal_uart.c.obj (__aeabi_uldivmod)
D:/Arm_GUN_Toolchain/14.2 rel1/bin/../lib/gcc/arm-none-eabi/14.2.1/thumb/v7e-m+fp/hard\libgcc.a(_udivmoddi4.o)
                              D:/Arm_GUN_Toolchain/14.2 rel1/bin/../lib/gcc/arm-none-eabi/14.2.1/thumb/v7e-m+fp/hard\libgcc.a(_aeabi_uldivmod.o) (__udivmoddi4)
D:/Arm_GUN_Toolchain/14.2 rel1/bin/../lib/gcc/arm-none-eabi/14.2.1/thumb/v7e-m+fp/hard\libgcc.a(_dvmd_tls.o)
                              D:/Arm_GUN_Toolchain/14.2 rel1/bin/../lib/gcc/arm-none-eabi/14.2.1/thumb/v7e-m+fp/hard\libgcc.a(_aeabi_uldivmod.o) (__aeabi_ldiv0)
D:/Arm_GUN_Toolchain/14.2 rel1/bin/../lib/gcc/arm-none-eabi/14.2.1/thumb/v7e-m+fp/hard\libg.a(libc_a-exit.o)
                              D:/Arm_GUN_Toolchain/14.2 rel1/bin/../lib/gcc/arm-none-eabi/14.2.1/thumb/v7e-m+fp/hard/crt0.o (exit)
D:/Arm_GUN_Toolchain/14.2 rel1/bin/../lib/gcc/arm-none-eabi/14.2.1/thumb/v7e-m+fp/hard\libg.a(libc_a-findfp.o)
                              CMakeFiles/DM_T_Code.elf.dir/Middlewares/Third_Party/FreeRTOS/Source/tasks.c.obj (__sf)
D:/Arm_GUN_Toolchain/14.2 rel1/bin/../lib/gcc/arm-none-eabi/14.2.1/thumb/v7e-m+fp/hard\libg.a(libc_a-fwalk.o)
                              D:/Arm_GUN_Toolchain/14.2 rel1/bin/../lib/gcc/arm-none-eabi/14.2.1/thumb/v7e-m+fp/hard\libg.a(libc_a-findfp.o) (_fwalk_sglue)
D:/Arm_GUN_Toolchain/14.2 rel1/bin/../lib/gcc/arm-none-eabi/14.2.1/thumb/v7e-m+fp/hard\libg.a(libc_a-stdio.o)
                              D:/Arm_GUN_Toolchain/14.2 rel1/bin/../lib/gcc/arm-none-eabi/14.2.1/thumb/v7e-m+fp/hard\libg.a(libc_a-findfp.o) (__sread)
D:/Arm_GUN_Toolchain/14.2 rel1/bin/../lib/gcc/arm-none-eabi/14.2.1/thumb/v7e-m+fp/hard\libg.a(libc_a-memset.o)
                              D:/Arm_GUN_Toolchain/14.2 rel1/bin/../lib/gcc/arm-none-eabi/14.2.1/thumb/v7e-m+fp/hard/crt0.o (memset)
D:/Arm_GUN_Toolchain/14.2 rel1/bin/../lib/gcc/arm-none-eabi/14.2.1/thumb/v7e-m+fp/hard\libg.a(libc_a-closer.o)
                              D:/Arm_GUN_Toolchain/14.2 rel1/bin/../lib/gcc/arm-none-eabi/14.2.1/thumb/v7e-m+fp/hard\libg.a(libc_a-stdio.o) (_close_r)
D:/Arm_GUN_Toolchain/14.2 rel1/bin/../lib/gcc/arm-none-eabi/14.2.1/thumb/v7e-m+fp/hard\libg.a(libc_a-reent.o)
                              CMakeFiles/DM_T_Code.elf.dir/Middlewares/Third_Party/FreeRTOS/Source/tasks.c.obj (_reclaim_reent)
D:/Arm_GUN_Toolchain/14.2 rel1/bin/../lib/gcc/arm-none-eabi/14.2.1/thumb/v7e-m+fp/hard\libg.a(libc_a-impure.o)
                              CMakeFiles/DM_T_Code.elf.dir/Middlewares/Third_Party/FreeRTOS/Source/tasks.c.obj (_impure_ptr)
D:/Arm_GUN_Toolchain/14.2 rel1/bin/../lib/gcc/arm-none-eabi/14.2.1/thumb/v7e-m+fp/hard\libg.a(libc_a-lseekr.o)
                              D:/Arm_GUN_Toolchain/14.2 rel1/bin/../lib/gcc/arm-none-eabi/14.2.1/thumb/v7e-m+fp/hard\libg.a(libc_a-stdio.o) (_lseek_r)
D:/Arm_GUN_Toolchain/14.2 rel1/bin/../lib/gcc/arm-none-eabi/14.2.1/thumb/v7e-m+fp/hard\libg.a(libc_a-readr.o)
                              D:/Arm_GUN_Toolchain/14.2 rel1/bin/../lib/gcc/arm-none-eabi/14.2.1/thumb/v7e-m+fp/hard\libg.a(libc_a-stdio.o) (_read_r)
D:/Arm_GUN_Toolchain/14.2 rel1/bin/../lib/gcc/arm-none-eabi/14.2.1/thumb/v7e-m+fp/hard\libg.a(libc_a-writer.o)
                              D:/Arm_GUN_Toolchain/14.2 rel1/bin/../lib/gcc/arm-none-eabi/14.2.1/thumb/v7e-m+fp/hard\libg.a(libc_a-stdio.o) (_write_r)
D:/Arm_GUN_Toolchain/14.2 rel1/bin/../lib/gcc/arm-none-eabi/14.2.1/thumb/v7e-m+fp/hard\libg.a(libc_a-errno.o)
                              CMakeFiles/DM_T_Code.elf.dir/Core/Src/syscalls.c.obj (__errno)
D:/Arm_GUN_Toolchain/14.2 rel1/bin/../lib/gcc/arm-none-eabi/14.2.1/thumb/v7e-m+fp/hard\libg.a(libc_a-init.o)
                              D:/Arm_GUN_Toolchain/14.2 rel1/bin/../lib/gcc/arm-none-eabi/14.2.1/thumb/v7e-m+fp/hard/crt0.o (__libc_init_array)
[...]
Memory Configuration

Name             Origin             Length             Attributes
ITCMRAM          0x00000000         0x00010000         xrw
DTCMRAM          0x20000000         0x00020000         xrw
FLASH            0x08000000         0x00100000         xr
RAM_D1           0x24000000         0x00050000         xrw
RAM_D2           0x30000000         0x00008000         xrw
RAM_D3           0x38000000         0x00004000         xrw
*default*        0x00000000         0xffffffff

Linker script and memory map

LOAD D:/Arm_GUN_Toolchain/14.2 rel1/bin/../lib/gcc/arm-none-eabi/14.2.1/thumb/v7e-m+fp/hard/crti.o
LOAD D:/Arm_GUN_Toolchain/14.2 rel1/bin/../lib/gcc/arm-none-eabi/14.2.1/thumb/v7e-m+fp/hard/crtbegin.o
LOAD D:/Arm_GUN_Toolchain/14.2 rel1/bin/../lib/gcc/arm-none-eabi/14.2.1/thumb/v7e-m+fp/hard/crt0.o
LOAD CMakeFiles/DM_T_Code.elf.dir/App_User/app_tsda_servo.c.obj
LOAD CMakeFiles/DM_T_Code.elf.dir/App_User/tsda_slide_motion.c.obj
LOAD CMakeFiles/DM_T_Code.elf.dir/Bsp_User/bsp_fdcan.c.obj
LOAD CMakeFiles/DM_T_Code.elf.dir/Bsp_User/bsp_pwm.c.obj
LOAD CMakeFiles/DM_T_Code.elf.dir/Bsp_User/bsp_spi.c.obj
LOAD CMakeFiles/DM_T_Code.elf.dir/Bsp_User/bsp_usart.c.obj
LOAD CMakeFiles/DM_T_Code.elf.dir/Core/Src/dma.c.obj
LOAD CMakeFiles/DM_T_Code.elf.dir/Core/Src/fdcan.c.obj
LOAD CMakeFiles/DM_T_Code.elf.dir/Core/Src/freertos.c.obj
LOAD CMakeFiles/DM_T_Code.elf.dir/Core/Src/gpio.c.obj
LOAD CMakeFiles/DM_T_Code.elf.dir/Core/Src/main.c.obj
LOAD CMakeFiles/DM_T_Code.elf.dir/Core/Src/memorymap.c.obj
LOAD CMakeFiles/DM_T_Code.elf.dir/Core/Src/spi.c.obj
LOAD CMakeFiles/DM_T_Code.elf.dir/Core/Src/stm32h7xx_hal_msp.c.obj
LOAD CMakeFiles/DM_T_Code.elf.dir/Core/Src/stm32h7xx_hal_timebase_tim.c.obj
LOAD CMakeFiles/DM_T_Code.elf.dir/Core/Src/stm32h7xx_it.c.obj
LOAD CMakeFiles/DM_T_Code.elf.dir/Core/Src/syscalls.c.obj
LOAD CMakeFiles/DM_T_Code.elf.dir/Core/Src/sysmem.c.obj
LOAD CMakeFiles/DM_T_Code.elf.dir/Core/Src/system_stm32h7xx.c.obj
LOAD CMakeFiles/DM_T_Code.elf.dir/Core/Src/tim.c.obj
LOAD CMakeFiles/DM_T_Code.elf.dir/Core/Src/usart.c.obj
LOAD CMakeFiles/DM_T_Code.elf.dir/Core/Startup/startup_stm32h723vgtx.s.obj
LOAD CMakeFiles/DM_T_Code.elf.dir/Driver_User/driver_dm_motor.c.obj
LOAD CMakeFiles/DM_T_Code.elf.dir/Driver_User/driver_led.c.obj
LOAD CMakeFiles/DM_T_Code.elf.dir/Driver_User/driver_los.c.obj
LOAD CMakeFiles/DM_T_Code.elf.dir/Driver_User/driver_motor.c.obj
LOAD CMakeFiles/DM_T_Code.elf.dir/Driver_User/driver_power.c.obj
LOAD CMakeFiles/DM_T_Code.elf.dir/Driver_User/driver_remote.c.obj
LOAD CMakeFiles/DM_T_Code.elf.dir/Driver_User/driver_rs_motor.c.obj
LOAD CMakeFiles/DM_T_Code.elf.dir/Driver_User/driver_tsda_servo.c.obj
LOAD CMakeFiles/DM_T_Code.elf.dir/Drivers/STM32H7xx_HAL_Driver/Src/stm32h7xx_hal.c.obj
LOAD CMakeFiles/DM_T_Code.elf.dir/Drivers/STM32H7xx_HAL_Driver/Src/stm32h7xx_hal_cortex.c.obj
LOAD CMakeFiles/DM_T_Code.elf.dir/Drivers/STM32H7xx_HAL_Driver/Src/stm32h7xx_hal_dma.c.obj
LOAD CMakeFiles/DM_T_Code.elf.dir/Drivers/STM32H7xx_HAL_Driver/Src/stm32h7xx_hal_dma_ex.c.obj
LOAD CMakeFiles/DM_T_Code.elf.dir/Drivers/STM32H7xx_HAL_Driver/Src/stm32h7xx_hal_exti.c.obj
LOAD CMakeFiles/DM_T_Code.elf.dir/Drivers/STM32H7xx_HAL_Driver/Src/stm32h7xx_hal_fdcan.c.obj
LOAD CMakeFiles/DM_T_Code.elf.dir/Drivers/STM32H7xx_HAL_Driver/Src/stm32h7xx_hal_flash.c.obj
LOAD CMakeFiles/DM_T_Code.elf.dir/Drivers/STM32H7xx_HAL_Driver/Src/stm32h7xx_hal_flash_ex.c.obj
LOAD CMakeFiles/DM_T_Code.elf.dir/Drivers/STM32H7xx_HAL_Driver/Src/stm32h7xx_hal_gpio.c.obj
LOAD CMakeFiles/DM_T_Code.elf.dir/Drivers/STM32H7xx_HAL_Driver/Src/stm32h7xx_hal_hsem.c.obj
LOAD CMakeFiles/DM_T_Code.elf.dir/Drivers/STM32H7xx_HAL_Driver/Src/stm32h7xx_hal_i2c.c.obj
LOAD CMakeFiles/DM_T_Code.elf.dir/Drivers/STM32H7xx_HAL_Driver/Src/stm32h7xx_hal_i2c_ex.c.obj
LOAD CMakeFiles/DM_T_Code.elf.dir/Drivers/STM32H7xx_HAL_Driver/Src/stm32h7xx_hal_mdma.c.obj
LOAD CMakeFiles/DM_T_Code.elf.dir/Drivers/STM32H7xx_HAL_Driver/Src/stm32h7xx_hal_pcd.c.obj
LOAD CMakeFiles/DM_T_Code.elf.dir/Drivers/STM32H7xx_HAL_Driver/Src/stm32h7xx_hal_pcd_ex.c.obj
LOAD CMakeFiles/DM_T_Code.elf.dir/Drivers/STM32H7xx_HAL_Driver/Src/stm32h7xx_hal_pwr.c.obj
LOAD CMakeFiles/DM_T_Code.elf.dir/Drivers/STM32H7xx_HAL_Driver/Src/stm32h7xx_hal_pwr_ex.c.obj
LOAD CMakeFiles/DM_T_Code.elf.dir/Drivers/STM32H7xx_HAL_Driver/Src/stm32h7xx_hal_rcc.c.obj
LOAD CMakeFiles/DM_T_Code.elf.dir/Drivers/STM32H7xx_HAL_Driver/Src/stm32h7xx_hal_rcc_ex.c.obj
LOAD CMakeFiles/DM_T_Code.elf.dir/Drivers/STM32H7xx_HAL_Driver/Src/stm32h7xx_hal_spi.c.obj
LOAD CMakeFiles/DM_T_Code.elf.dir/Drivers/STM32H7xx_HAL_Driver/Src/stm32h7xx_hal_spi_ex.c.obj
LOAD CMakeFiles/DM_T_Code.elf.dir/Drivers/STM32H7xx_HAL_Driver/Src/stm32h7xx_hal_tim.c.obj
LOAD CMakeFiles/DM_T_Code.elf.dir/Drivers/STM32H7xx_HAL_Driver/Src/stm32h7xx_hal_tim_ex.c.obj
LOAD CMakeFiles/DM_T_Code.elf.dir/Drivers/STM32H7xx_HAL_Driver/Src/stm32h7xx_hal_uart.c.obj
LOAD CMakeFiles/DM_T_Code.elf.dir/Drivers/STM32H7xx_HAL_Driver/Src/stm32h7xx_hal_uart_ex.c.obj
LOAD CMakeFiles/DM_T_Code.elf.dir/Drivers/STM32H7xx_HAL_Driver/Src/stm32h7xx_ll_usb.c.obj
LOAD CMakeFiles/DM_T_Code.elf.dir/MathFunction_User/convert.c.obj
LOAD CMakeFiles/DM_T_Code.elf.dir/MathFunction_User/crc.c.obj
LOAD CMakeFiles/DM_T_Code.elf.dir/MathFunction_User/diff.c.obj
LOAD CMakeFiles/DM_T_Code.elf.dir/MathFunction_User/pid.c.obj
LOAD CMakeFiles/DM_T_Code.elf.dir/MathFunction_User/position_velocity_planner.c.obj
LOAD CMakeFiles/DM_T_Code.elf.dir/Middlewares/ST/STM32_USB_Device_Library/Class/CDC/Src/usbd_cdc.c.obj
LOAD CMakeFiles/DM_T_Code.elf.dir/Middlewares/ST/STM32_USB_Device_Library/Core/Src/usbd_core.c.obj
LOAD CMakeFiles/DM_T_Code.elf.dir/Middlewares/ST/STM32_USB_Device_Library/Core/Src/usbd_ctlreq.c.obj
LOAD CMakeFiles/DM_T_Code.elf.dir/Middlewares/ST/STM32_USB_Device_Library/Core/Src/usbd_ioreq.c.obj
LOAD CMakeFiles/DM_T_Code.elf.dir/Middlewares/Third_Party/FreeRTOS/Source/CMSIS_RTOS_V2/cmsis_os2.c.obj
LOAD CMakeFiles/DM_T_Code.elf.dir/Middlewares/Third_Party/FreeRTOS/Source/croutine.c.obj
LOAD CMakeFiles/DM_T_Code.elf.dir/Middlewares/Third_Party/FreeRTOS/Source/event_groups.c.obj
LOAD CMakeFiles/DM_T_Code.elf.dir/Middlewares/Third_Party/FreeRTOS/Source/list.c.obj
LOAD CMakeFiles/DM_T_Code.elf.dir/Middlewares/Third_Party/FreeRTOS/Source/portable/GCC/ARM_CM4F/port.c.obj
LOAD CMakeFiles/DM_T_Code.elf.dir/Middlewares/Third_Party/FreeRTOS/Source/portable/MemMang/heap_4.c.obj
LOAD CMakeFiles/DM_T_Code.elf.dir/Middlewares/Third_Party/FreeRTOS/Source/queue.c.obj
LOAD CMakeFiles/DM_T_Code.elf.dir/Middlewares/Third_Party/FreeRTOS/Source/stream_buffer.c.obj
LOAD CMakeFiles/DM_T_Code.elf.dir/Middlewares/Third_Party/FreeRTOS/Source/tasks.c.obj
LOAD CMakeFiles/DM_T_Code.elf.dir/Middlewares/Third_Party/FreeRTOS/Source/timers.c.obj
LOAD CMakeFiles/DM_T_Code.elf.dir/Task_User/task_led.c.obj
LOAD CMakeFiles/DM_T_Code.elf.dir/Task_User/task_los.c.obj
LOAD CMakeFiles/DM_T_Code.elf.dir/Task_User/task_motor.c.obj
LOAD CMakeFiles/DM_T_Code.elf.dir/Task_User/task_remote.c.obj
LOAD CMakeFiles/DM_T_Code.elf.dir/USB_DEVICE/App/usb_device.c.obj
LOAD CMakeFiles/DM_T_Code.elf.dir/USB_DEVICE/App/usbd_cdc_if.c.obj
LOAD CMakeFiles/DM_T_Code.elf.dir/USB_DEVICE/App/usbd_desc.c.obj
LOAD CMakeFiles/DM_T_Code.elf.dir/USB_DEVICE/Target/usbd_conf.c.obj
START GROUP
LOAD D:/Arm_GUN_Toolchain/14.2 rel1/bin/../lib/gcc/arm-none-eabi/14.2.1/thumb/v7e-m+fp/hard\libgcc.a
LOAD D:/Arm_GUN_Toolchain/14.2 rel1/bin/../lib/gcc/arm-none-eabi/14.2.1/thumb/v7e-m+fp/hard\libg.a
LOAD D:/Arm_GUN_Toolchain/14.2 rel1/bin/../lib/gcc/arm-none-eabi/14.2.1/thumb/v7e-m+fp/hard\libc.a
END GROUP
LOAD D:/Arm_GUN_Toolchain/14.2 rel1/bin/../lib/gcc/arm-none-eabi/14.2.1/thumb/v7e-m+fp/hard/crtend.o
LOAD D:/Arm_GUN_Toolchain/14.2 rel1/bin/../lib/gcc/arm-none-eabi/14.2.1/thumb/v7e-m+fp/hard/crtn.o
                0x24050000                        _estack = (ORIGIN (RAM_D1) + LENGTH (RAM_D1))
                0x00000200                        _Min_Heap_Size = 0x200
                0x00000400                        _Min_Stack_Size = 0x400

.isr_vector     0x08000000      0x2cc
                0x08000000                        . = ALIGN (0x4)
 *(.isr_vector)
 .isr_vector    0x08000000      0x2cc CMakeFiles/DM_T_Code.elf.dir/Core/Startup/startup_stm32h723vgtx.s.obj
                0x08000000                g_pfnVectors
                0x080002cc                        . = ALIGN (0x4)

.text           0x080002d0    0x11538
                0x080002d0                        . = ALIGN (0x4)
 *(.text)
 .text          0x080002d0      0x378 D:/Arm_GUN_Toolchain/14.2 rel1/bin/../lib/gcc/arm-none-eabi/14.2.1/thumb/v7e-m+fp/hard\libgcc.a(_arm_addsubdf3.o)
                0x080002d0                __aeabi_drsub
                0x080002d8                __aeabi_dsub
                0x080002d8                __subdf3
                0x080002dc                __aeabi_dadd
                0x080002dc                __adddf3
                0x08000554                __floatunsidf
                0x08000554                __aeabi_ui2d
                0x08000574                __floatsidf
                0x08000574                __aeabi_i2d
                0x08000598                __aeabi_f2d
                0x08000598                __extendsfdf2
                0x080005dc                __floatundidf
                0x080005dc                __aeabi_ul2d
                0x080005ec                __floatdidf
                0x080005ec                __aeabi_l2d
 .text          0x08000648      0x424 D:/Arm_GUN_Toolchain/14.2 rel1/bin/../lib/gcc/arm-none-eabi/14.2.1/thumb/v7e-m+fp/hard\libgcc.a(_arm_muldivdf3.o)
                0x08000648                __aeabi_dmul
                0x08000648                __muldf3
                0x0800089c                __divdf3
                0x0800089c                __aeabi_ddiv
 .text          0x08000a6c       0xa0 D:/Arm_GUN_Toolchain/14.2 rel1/bin/../lib/gcc/arm-none-eabi/14.2.1/thumb/v7e-m+fp/hard\libgcc.a(_arm_truncdfsf2.o)
                0x08000a6c                __truncdfsf2
                0x08000a6c                __aeabi_d2f
 .text          0x08000b0c       0x30 D:/Arm_GUN_Toolchain/14.2 rel1/bin/../lib/gcc/arm-none-eabi/14.2.1/thumb/v7e-m+fp/hard\libgcc.a(_aeabi_uldivmod.o)
                0x08000b0c                __aeabi_uldivmod
 .text          0x08000b3c        0x4 D:/Arm_GUN_Toolchain/14.2 rel1/bin/../lib/gcc/arm-none-eabi/14.2.1/thumb/v7e-m+fp/hard\libgcc.a(_dvmd_tls.o)
                0x08000b3c                __aeabi_idiv0
                0x08000b3c                __aeabi_ldiv0
 .text          0x08000b40      0x134 D:/Arm_GUN_Toolchain/14.2 rel1/bin/../lib/gcc/arm-none-eabi/14.2.1/thumb/v7e-m+fp/hard\libg.a(libc_a-memcpy.o)
                0x08000b40                memcpy
 *(.text*)
 .text.deregister_tm_clones
                0x08000c74       0x1c D:/Arm_GUN_Toolchain/14.2 rel1/bin/../lib/gcc/arm-none-eabi/14.2.1/thumb/v7e-m+fp/hard/crtbegin.o
 .text.register_tm_clones
                0x08000c90       0x24 D:/Arm_GUN_Toolchain/14.2 rel1/bin/../lib/gcc/arm-none-eabi/14.2.1/thumb/v7e-m+fp/hard/crtbegin.o
 .text.__do_global_dtors_aux
                0x08000cb4       0x28 D:/Arm_GUN_Toolchain/14.2 rel1/bin/../lib/gcc/arm-none-eabi/14.2.1/thumb/v7e-m+fp/hard/crtbegin.o
 .text.frame_dummy
                0x08000cdc       0x24 D:/Arm_GUN_Toolchain/14.2 rel1/bin/../lib/gcc/arm-none-eabi/14.2.1/thumb/v7e-m+fp/hard/crtbegin.o
 .text.TSDA_AppRawToHeightMm
                0x08000d00       0x24 CMakeFiles/DM_T_Code.elf.dir/App_User/app_tsda_servo.c.obj
 .text.TSDA_AppHeightMmToRaw
                0x08000d24       0x44 CMakeFiles/DM_T_Code.elf.dir/App_User/app_tsda_servo.c.obj
 .text.TSDA_AppClampTargetPosition
                0x08000d68       0x3c CMakeFiles/DM_T_Code.elf.dir/App_User/app_tsda_servo.c.obj
 .text.TSDA_AppSetState
                0x08000da4       0x54 CMakeFiles/DM_T_Code.elf.dir/App_User/app_tsda_servo.c.obj
 .text.TSDA_AppSetWait
                0x08000df8       0x2c CMakeFiles/DM_T_Code.elf.dir/App_User/app_tsda_servo.c.obj
 .text.TSDA_AppCommandIntervalElapsed
                0x08000e24       0x18 CMakeFiles/DM_T_Code.elf.dir/App_User/app_tsda_servo.c.obj
 .text.TSDA_AppCheckHomingProtection
                0x08000e3c       0x6c CMakeFiles/DM_T_Code.elf.dir/App_User/app_tsda_servo.c.obj
 .text.TSDA_AppHomeReturnStopped
                0x08000ea8       0x64 CMakeFiles/DM_T_Code.elf.dir/App_User/app_tsda_servo.c.obj
 .text.TSDA_AppUpdateExternalFeedback
                0x08000f0c       0x60 CMakeFiles/DM_T_Code.elf.dir/App_User/app_tsda_servo.c.obj
 .text.TSDA_AppEnterError
                0x08000f6c       0x5c CMakeFiles/DM_T_Code.elf.dir/App_User/app_tsda_servo.c.obj
 .text.TSDA_AppHandleWaitTimeout
                0x08000fc8       0x3c CMakeFiles/DM_T_Code.elf.dir/App_User/app_tsda_servo.c.obj
 .text.TSDA_AppSendSucceeded
                0x08001004       0x20 CMakeFiles/DM_T_Code.elf.dir/App_User/app_tsda_servo.c.obj
 .text.TSDA_AppRunUpperHoming
                0x08001024       0x70 CMakeFiles/DM_T_Code.elf.dir/App_User/app_tsda_servo.c.obj
 .text.TSDA_AppRunHomeReturnFixedSpeed
                0x08001094       0xa4 CMakeFiles/DM_T_Code.elf.dir/App_User/app_tsda_servo.c.obj
 .text.TSDA_AppProcessRxFrame
                0x08001138      0x2bc CMakeFiles/DM_T_Code.elf.dir/App_User/app_tsda_servo.c.obj
 .text.TSDA_AppProcessRxQueue
                0x080013f4       0x44 CMakeFiles/DM_T_Code.elf.dir/App_User/app_tsda_servo.c.obj
 .text.TSDA_AppRunDone
                0x08001438       0xa4 CMakeFiles/DM_T_Code.elf.dir/App_User/app_tsda_servo.c.obj
 .text.TSDA_AppInit
                0x080014dc       0x90 CMakeFiles/DM_T_Code.elf.dir/App_User/app_tsda_servo.c.obj
                0x080014dc                TSDA_AppInit
 .text.TSDA_AppUpdate
                0x0800156c      0x434 CMakeFiles/DM_T_Code.elf.dir/App_User/app_tsda_servo.c.obj
                0x0800156c                TSDA_AppUpdate
 .text.TSDA_AppOnCanRx
                0x080019a0       0x64 CMakeFiles/DM_T_Code.elf.dir/App_User/app_tsda_servo.c.obj
                0x080019a0                TSDA_AppOnCanRx
 .text.TSDA_AppIsError
                0x08001a04       0x14 CMakeFiles/DM_T_Code.elf.dir/App_User/app_tsda_servo.c.obj
                0x08001a04                TSDA_AppIsError
 .text.TSDA_AppIsServoEnabled
                0x08001a18        0xc CMakeFiles/DM_T_Code.elf.dir/App_User/app_tsda_servo.c.obj
                0x08001a18                TSDA_AppIsServoEnabled
 .text.TSDA_SlideAbsFloat
                0x08001a24       0x12 CMakeFiles/DM_T_Code.elf.dir/App_User/tsda_slide_motion.c.obj
 .text.TSDA_SlideAbsRpm
                0x08001a36        0xa CMakeFiles/DM_T_Code.elf.dir/App_User/tsda_slide_motion.c.obj
 .text.TSDA_SlideVelocityToMotorRpm
                0x08001a40       0x68 CMakeFiles/DM_T_Code.elf.dir/App_User/tsda_slide_motion.c.obj
 .text.TSDA_SlideMotionReset
                0x08001aa8       0x10 CMakeFiles/DM_T_Code.elf.dir/App_User/tsda_slide_motion.c.obj
                0x08001aa8                TSDA_SlideMotionReset
 .text.TSDA_SlideMotionStep
                0x08001ab8      0x108 CMakeFiles/DM_T_Code.elf.dir/App_User/tsda_slide_motion.c.obj
                0x08001ab8                TSDA_SlideMotionStep
 .text.FDCAN1_Filter_Config
                0x08001bc0       0x58 CMakeFiles/DM_T_Code.elf.dir/Bsp_User/bsp_fdcan.c.obj
                0x08001bc0                FDCAN1_Filter_Config
 .text.FDCAN2_Filter_Config
                0x08001c18       0x58 CMakeFiles/DM_T_Code.elf.dir/Bsp_User/bsp_fdcan.c.obj
                0x08001c18                FDCAN2_Filter_Config
 .text.FDCAN3_Filter_Config
                0x08001c70       0x50 CMakeFiles/DM_T_Code.elf.dir/Bsp_User/bsp_fdcan.c.obj
                0x08001c70                FDCAN3_Filter_Config
 .text.FDCAN1Config
                0x08001cc0       0x20 CMakeFiles/DM_T_Code.elf.dir/Bsp_User/bsp_fdcan.c.obj
                0x08001cc0                FDCAN1Config
 .text.FDCAN2Config
                0x08001ce0       0x20 CMakeFiles/DM_T_Code.elf.dir/Bsp_User/bsp_fdcan.c.obj
                0x08001ce0                FDCAN2Config
 .text.FDCAN3Config
                0x08001d00       0x20 CMakeFiles/DM_T_Code.elf.dir/Bsp_User/bsp_fdcan.c.obj
                0x08001d00                FDCAN3Config
 .text.FDCAN1_Send_Msg
                0x08001d20       0x50 CMakeFiles/DM_T_Code.elf.dir/Bsp_User/bsp_fdcan.c.obj
                0x08001d20                FDCAN1_Send_Msg
 .text.HAL_FDCAN_RxFifo0Callback
                0x08001d70       0x2c CMakeFiles/DM_T_Code.elf.dir/Bsp_User/bsp_fdcan.c.obj
                0x08001d70                HAL_FDCAN_RxFifo0Callback
 .text.HAL_FDCAN_RxFifo1Callback
                0x08001d9c       0x14 CMakeFiles/DM_T_Code.elf.dir/Bsp_User/bsp_fdcan.c.obj
                0x08001d9c                HAL_FDCAN_RxFifo1Callback
 .text.PWM_Init
                0x08001db0       0x10 CMakeFiles/DM_T_Code.elf.dir/Bsp_User/bsp_pwm.c.obj
                0x08001db0                PWM_Init
 .text.BeepSet  0x08001dc0        0xc CMakeFiles/DM_T_Code.elf.dir/Bsp_User/bsp_pwm.c.obj
                0x08001dc0                BeepSet
 .text.UART7ConfigEnable
                0x08001dcc       0x98 CMakeFiles/DM_T_Code.elf.dir/Bsp_User/bsp_usart.c.obj
                0x08001dcc                UART7ConfigEnable
 .text.HAL_UARTEx_RxEventCallback
                0x08001e64       0x2c CMakeFiles/DM_T_Code.elf.dir/Bsp_User/bsp_usart.c.obj
                0x08001e64                HAL_UARTEx_RxEventCallback
 .text.MX_DMA_Init
                0x08001e90       0x48 CMakeFiles/DM_T_Code.elf.dir/Core/Src/dma.c.obj
                0x08001e90                MX_DMA_Init
 .text.MX_FDCAN1_Init
                0x08001ed8       0x64 CMakeFiles/DM_T_Code.elf.dir/Core/Src/fdcan.c.obj
                0x08001ed8                MX_FDCAN1_Init
 .text.MX_FDCAN2_Init
                0x08001f3c       0x68 CMakeFiles/DM_T_Code.elf.dir/Core/Src/fdcan.c.obj
                0x08001f3c                MX_FDCAN2_Init
 .text.MX_FDCAN3_Init
                0x08001fa4       0x68 CMakeFiles/DM_T_Code.elf.dir/Core/Src/fdcan.c.obj
                0x08001fa4                MX_FDCAN3_Init
 .text.HAL_FDCAN_MspInit
                0x0800200c      0x228 CMakeFiles/DM_T_Code.elf.dir/Core/Src/fdcan.c.obj
                0x0800200c                HAL_FDCAN_MspInit
 .text.StartDefaultTask
                0x08002234        0xe CMakeFiles/DM_T_Code.elf.dir/Core/Src/freertos.c.obj
                0x08002234                StartDefaultTask
 *fill*         0x08002242        0x2 
 .text.MX_FREERTOS_Init
                0x08002244       0x9c CMakeFiles/DM_T_Code.elf.dir/Core/Src/freertos.c.obj
                0x08002244                MX_FREERTOS_Init
 .text.MX_GPIO_Init
                0x080022e0      0x12c CMakeFiles/DM_T_Code.elf.dir/Core/Src/gpio.c.obj
                0x080022e0                MX_GPIO_Init
 .text.HAL_TIM_PeriodElapsedCallback
                0x0800240c       0x18 CMakeFiles/DM_T_Code.elf.dir/Core/Src/main.c.obj
                0x0800240c                HAL_TIM_PeriodElapsedCallback
 .text.Error_Handler
                0x08002424        0x4 CMakeFiles/DM_T_Code.elf.dir/Core/Src/main.c.obj
                0x08002424                Error_Handler
 .text.SystemClock_Config
                0x08002428       0xa8 CMakeFiles/DM_T_Code.elf.dir/Core/Src/main.c.obj
                0x08002428                SystemClock_Config
 .text.main     0x080024d0       0x3c CMakeFiles/DM_T_Code.elf.dir/Core/Src/main.c.obj
                0x080024d0                main
 .text.MX_SPI6_Init
                0x0800250c       0x64 CMakeFiles/DM_T_Code.elf.dir/Core/Src/spi.c.obj
                0x0800250c                MX_SPI6_Init
 .text.HAL_SPI_MspInit
                0x08002570      0x160 CMakeFiles/DM_T_Code.elf.dir/Core/Src/spi.c.obj
                0x08002570                HAL_SPI_MspInit
 .text.HAL_MspInit
                0x080026d0       0x34 CMakeFiles/DM_T_Code.elf.dir/Core/Src/stm32h7xx_hal_msp.c.obj
                0x080026d0                HAL_MspInit
 .text.HAL_InitTick
                0x08002704       0x9c CMakeFiles/DM_T_Code.elf.dir/Core/Src/stm32h7xx_hal_timebase_tim.c.obj
                0x08002704                HAL_InitTick
 .text.NMI_Handler
                0x080027a0        0x2 CMakeFiles/DM_T_Code.elf.dir/Core/Src/stm32h7xx_it.c.obj
                0x080027a0                NMI_Handler
 .text.HardFault_Handler
                0x080027a2        0x2 CMakeFiles/DM_T_Code.elf.dir/Core/Src/stm32h7xx_it.c.obj
                0x080027a2                HardFault_Handler
 .text.MemManage_Handler
                0x080027a4        0x2 CMakeFiles/DM_T_Code.elf.dir/Core/Src/stm32h7xx_it.c.obj
                0x080027a4                MemManage_Handler
 .text.BusFault_Handler
                0x080027a6        0x2 CMakeFiles/DM_T_Code.elf.dir/Core/Src/stm32h7xx_it.c.obj
                0x080027a6                BusFault_Handler
 .text.UsageFault_Handler
                0x080027a8        0x2 CMakeFiles/DM_T_Code.elf.dir/Core/Src/stm32h7xx_it.c.obj
                0x080027a8                UsageFault_Handler
 .text.DebugMon_Handler
                0x080027aa        0x2 CMakeFiles/DM_T_Code.elf.dir/Core/Src/stm32h7xx_it.c.obj
                0x080027aa                DebugMon_Handler
 .text.DMA1_Stream0_IRQHandler
                0x080027ac       0x10 CMakeFiles/DM_T_Code.elf.dir/Core/Src/stm32h7xx_it.c.obj
                0x080027ac                DMA1_Stream0_IRQHandler
 .text.DMA1_Stream1_IRQHandler
                0x080027bc       0x10 CMakeFiles/DM_T_Code.elf.dir/Core/Src/stm32h7xx_it.c.obj
                0x080027bc                DMA1_Stream1_IRQHandler
 .text.FDCAN1_IT0_IRQHandler
                0x080027cc       0x10 CMakeFiles/DM_T_Code.elf.dir/Core/Src/stm32h7xx_it.c.obj
                0x080027cc                FDCAN1_IT0_IRQHandler
 .text.FDCAN2_IT0_IRQHandler
                0x080027dc       0x10 CMakeFiles/DM_T_Code.elf.dir/Core/Src/stm32h7xx_it.c.obj
                0x080027dc                FDCAN2_IT0_IRQHandler
 .text.FDCAN1_IT1_IRQHandler
                0x080027ec       0x10 CMakeFiles/DM_T_Code.elf.dir/Core/Src/stm32h7xx_it.c.obj
                0x080027ec                FDCAN1_IT1_IRQHandler
 .text.FDCAN2_IT1_IRQHandler
                0x080027fc       0x10 CMakeFiles/DM_T_Code.elf.dir/Core/Src/stm32h7xx_it.c.obj
                0x080027fc                FDCAN2_IT1_IRQHandler
 .text.TIM8_TRG_COM_TIM14_IRQHandler
                0x0800280c       0x10 CMakeFiles/DM_T_Code.elf.dir/Core/Src/stm32h7xx_it.c.obj
                0x0800280c                TIM8_TRG_COM_TIM14_IRQHandler
 .text.UART5_IRQHandler
                0x0800281c       0x10 CMakeFiles/DM_T_Code.elf.dir/Core/Src/stm32h7xx_it.c.obj
                0x0800281c                UART5_IRQHandler
 .text.OTG_HS_IRQHandler
                0x0800282c       0x10 CMakeFiles/DM_T_Code.elf.dir/Core/Src/stm32h7xx_it.c.obj
                0x0800282c                OTG_HS_IRQHandler
 .text.UART7_IRQHandler
                0x0800283c       0x10 CMakeFiles/DM_T_Code.elf.dir/Core/Src/stm32h7xx_it.c.obj
                0x0800283c                UART7_IRQHandler
 .text.FDCAN3_IT0_IRQHandler
                0x0800284c       0x10 CMakeFiles/DM_T_Code.elf.dir/Core/Src/stm32h7xx_it.c.obj
                0x0800284c                FDCAN3_IT0_IRQHandler
 .text.FDCAN3_IT1_IRQHandler
                0x0800285c       0x10 CMakeFiles/DM_T_Code.elf.dir/Core/Src/stm32h7xx_it.c.obj
                0x0800285c                FDCAN3_IT1_IRQHandler
 .text._sbrk    0x0800286c       0x48 CMakeFiles/DM_T_Code.elf.dir/Core/Src/sysmem.c.obj
                0x0800286c                _sbrk
 .text.SystemInit
                0x080028b4       0xac CMakeFiles/DM_T_Code.elf.dir/Core/Src/system_stm32h7xx.c.obj
                0x080028b4                SystemInit
 .text.HAL_TIM_PWM_MspInit
                0x08002960       0x34 CMakeFiles/DM_T_Code.elf.dir/Core/Src/tim.c.obj
                0x08002960                HAL_TIM_PWM_MspInit
 .text.HAL_TIM_MspPostInit
                0x08002994       0x5c CMakeFiles/DM_T_Code.elf.dir/Core/Src/tim.c.obj
                0x08002994                HAL_TIM_MspPostInit
 .text.MX_TIM12_Init
                0x080029f0       0x88 CMakeFiles/DM_T_Code.elf.dir/Core/Src/tim.c.obj
                0x080029f0                MX_TIM12_Init
 .text.MX_UART5_Init
                0x08002a78       0x78 CMakeFiles/DM_T_Code.elf.dir/Core/Src/usart.c.obj
                0x08002a78                MX_UART5_Init
 .text.MX_UART7_Init
                0x08002af0       0x6c CMakeFiles/DM_T_Code.elf.dir/Core/Src/usart.c.obj
                0x08002af0                MX_UART7_Init
 .text.HAL_UART_MspInit
                0x08002b5c      0x1d8 CMakeFiles/DM_T_Code.elf.dir/Core/Src/usart.c.obj
                0x08002b5c                HAL_UART_MspInit
 .text.Reset_Handler
                0x08002d34       0x50 CMakeFiles/DM_T_Code.elf.dir/Core/Startup/startup_stm32h723vgtx.s.obj
                0x08002d34                Reset_Handler
 .text.Default_Handler
                0x08002d84        0x2 CMakeFiles/DM_T_Code.elf.dir/Core/Startup/startup_stm32h723vgtx.s.obj
                0x08002d84                RTC_Alarm_IRQHandler
                0x08002d84                EXTI2_IRQHandler
                0x08002d84                TIM8_CC_IRQHandler
                0x08002d84                UART8_IRQHandler
                0x08002d84                SPI4_IRQHandler
                0x08002d84                TIM1_CC_IRQHandler
                0x08002d84                BDMA_Channel6_IRQHandler
                0x08002d84                DMA2_Stream5_IRQHandler
                0x08002d84                DMA1_Stream5_IRQHandler
                0x08002d84                CORDIC_IRQHandler
                0x08002d84                BDMA_Channel1_IRQHandler
                0x08002d84                TAMP_STAMP_IRQHandler
                0x08002d84                EXTI3_IRQHandler
                0x08002d84                LPTIM4_IRQHandler
                0x08002d84                LPTIM2_IRQHandler
                0x08002d84                DFSDM1_FLT1_IRQHandler
                0x08002d84                DMAMUX2_OVR_IRQHandler
                0x08002d84                TIM8_UP_TIM13_IRQHandler
                0x08002d84                I2C3_ER_IRQHandler
                0x08002d84                DFSDM1_FLT2_IRQHandler
                0x08002d84                I2C5_EV_IRQHandler
                0x08002d84                USART10_IRQHandler
                0x08002d84                MDMA_IRQHandler
                0x08002d84                LPTIM3_IRQHandler
                0x08002d84                HSEM1_IRQHandler
                0x08002d84                EXTI0_IRQHandler
                0x08002d84                I2C2_EV_IRQHandler
                0x08002d84                DMA1_Stream2_IRQHandler
                0x08002d84                FPU_IRQHandler
                0x08002d84                OTG_HS_WKUP_IRQHandler
                0x08002d84                LTDC_ER_IRQHandler
                0x08002d84                DMA2_Stream2_IRQHandler
                0x08002d84                SPI1_IRQHandler
                0x08002d84                OCTOSPI1_IRQHandler
                0x08002d84                TIM6_DAC_IRQHandler
                0x08002d84                DMA2_Stream3_IRQHandler
                0x08002d84                OCTOSPI2_IRQHandler
                0x08002d84                DFSDM1_FLT3_IRQHandler
                0x08002d84                TIM23_IRQHandler
                0x08002d84                USART6_IRQHandler
                0x08002d84                TIM17_IRQHandler
                0x08002d84                USART3_IRQHandler
                0x08002d84                BDMA_Channel7_IRQHandler
                0x08002d84                LPTIM5_IRQHandler
                0x08002d84                ADC3_IRQHandler
                0x08002d84                DMA2_Stream0_IRQHandler
                0x08002d84                TIM4_IRQHandler
                0x08002d84                BDMA_Channel2_IRQHandler
                0x08002d84                I2C1_EV_IRQHandler
                0x08002d84                DMA1_Stream6_IRQHandler
                0x08002d84                DMAMUX1_OVR_IRQHandler
                0x08002d84                TIM16_IRQHandler
                0x08002d84                UART4_IRQHandler
                0x08002d84                BDMA_Channel5_IRQHandler
                0x08002d84                TIM3_IRQHandler
                0x08002d84                RCC_IRQHandler
                0x08002d84                UART9_IRQHandler
                0x08002d84                TIM8_BRK_TIM12_IRQHandler
                0x08002d84                TIM1_TRG_COM_IRQHandler
                0x08002d84                Default_Handler
                0x08002d84                ECC_IRQHandler
                0x08002d84                FMAC_IRQHandler
                0x08002d84                CEC_IRQHandler
                0x08002d84                EXTI15_10_IRQHandler
                0x08002d84                BDMA_Channel0_IRQHandler
                0x08002d84                ADC_IRQHandler
                0x08002d84                I2C5_ER_IRQHandler
                0x08002d84                DMA1_Stream7_IRQHandler
                0x08002d84                SPI5_IRQHandler
                0x08002d84                TIM7_IRQHandler
                0x08002d84                SDMMC1_IRQHandler
                0x08002d84                TIM5_IRQHandler
                0x08002d84                DMA2_Stream7_IRQHandler
                0x08002d84                TIM15_IRQHandler
                0x08002d84                PVD_AVD_IRQHandler
                0x08002d84                I2C3_EV_IRQHandler
                0x08002d84                EXTI9_5_IRQHandler
                0x08002d84                RTC_WKUP_IRQHandler
                0x08002d84                LTDC_IRQHandler
                0x08002d84                ETH_WKUP_IRQHandler
                0x08002d84                SPDIF_RX_IRQHandler
                0x08002d84                SPI2_IRQHandler
                0x08002d84                OTG_HS_EP1_IN_IRQHandler
                0x08002d84                TIM24_IRQHandler
                0x08002d84                CRS_IRQHandler
                0x08002d84                EXTI4_IRQHandler
                0x08002d84                RNG_IRQHandler
                0x08002d84                ETH_IRQHandler
                0x08002d84                TIM1_UP_IRQHandler
                0x08002d84                BDMA_Channel4_IRQHandler
                0x08002d84                OTG_HS_EP1_OUT_IRQHandler
                0x08002d84                WWDG_IRQHandler
                0x08002d84                SPI6_IRQHandler
                0x08002d84                MDIOS_IRQHandler
                0x08002d84                I2C4_EV_IRQHandler
                0x08002d84                LPUART1_IRQHandler
                0x08002d84                TIM2_IRQHandler
                0x08002d84                DMA2D_IRQHandler
                0x08002d84                TIM1_BRK_IRQHandler
                0x08002d84                EXTI1_IRQHandler
                0x08002d84                SDMMC2_IRQHandler
                0x08002d84                BDMA_Channel3_IRQHandler
                0x08002d84                DTS_IRQHandler
                0x08002d84                MDIOS_WKUP_IRQHandler
                0x08002d84                USART2_IRQHandler
                0x08002d84                DFSDM1_FLT0_IRQHandler
                0x08002d84                SAI4_IRQHandler
                0x08002d84                I2C2_ER_IRQHandler
                0x08002d84                DMA2_Stream1_IRQHandler
                0x08002d84                FLASH_IRQHandler
                0x08002d84                DMA2_Stream4_IRQHandler
                0x08002d84                USART1_IRQHandler
                0x08002d84                SPI3_IRQHandler
                0x08002d84                WAKEUP_PIN_IRQHandler
                0x08002d84                DMA1_Stream4_IRQHandler
                0x08002d84                I2C1_ER_IRQHandler
                0x08002d84                FMC_IRQHandler
                0x08002d84                FDCAN_CAL_IRQHandler
                0x08002d84                SWPMI1_IRQHandler
                0x08002d84                COMP1_IRQHandler
                0x08002d84                LPTIM1_IRQHandler
                0x08002d84                DCMI_PSSI_IRQHandler
                0x08002d84                I2C4_ER_IRQHandler
                0x08002d84                DMA2_Stream6_IRQHandler
                0x08002d84                SAI1_IRQHandler
                0x08002d84                DMA1_Stream3_IRQHandler
 *fill*         0x08002d86        0x2 
 .text.WS2812_Ctrl
                0x08002d88       0xbc CMakeFiles/DM_T_Code.elf.dir/Driver_User/driver_led.c.obj
                0x08002d88                WS2812_Ctrl
 .text.LED_Light_Up
                0x08002e44       0x5e CMakeFiles/DM_T_Code.elf.dir/Driver_User/driver_led.c.obj
                0x08002e44                LED_Light_Up
 *fill*         0x08002ea2        0x2 
 .text.SignalTimeInit
                0x08002ea4       0x18 CMakeFiles/DM_T_Code.elf.dir/Driver_User/driver_los.c.obj
                0x08002ea4                SignalTimeInit
 .text.LostOfSignalFeed
                0x08002ebc        0xc CMakeFiles/DM_T_Code.elf.dir/Driver_User/driver_los.c.obj
                0x08002ebc                LostOfSignalFeed
 .text.LostSignalCount
                0x08002ec8       0x9c CMakeFiles/DM_T_Code.elf.dir/Driver_User/driver_los.c.obj
                0x08002ec8                LostSignalCount
 .text.SignalLossHandling
                0x08002f64       0x2c CMakeFiles/DM_T_Code.elf.dir/Driver_User/driver_los.c.obj
                0x08002f64                SignalLossHandling
 .text.MotorInit
                0x08002f90       0x3c CMakeFiles/DM_T_Code.elf.dir/Driver_User/driver_motor.c.obj
                0x08002f90                MotorInit
 .text.MotorDataUpdate
                0x08002fcc       0x10 CMakeFiles/DM_T_Code.elf.dir/Driver_User/driver_motor.c.obj
                0x08002fcc                MotorDataUpdate
 .text.MotorSettingUpdate
                0x08002fdc       0x94 CMakeFiles/DM_T_Code.elf.dir/Driver_User/driver_motor.c.obj
                0x08002fdc                MotorSettingUpdate
 .text.MotorCalculate
                0x08003070       0x1c CMakeFiles/DM_T_Code.elf.dir/Driver_User/driver_motor.c.obj
                0x08003070                MotorCalculate
 .text.MotorCANSend
                0x0800308c       0x30 CMakeFiles/DM_T_Code.elf.dir/Driver_User/driver_motor.c.obj
                0x0800308c                MotorCANSend
 .text.PowerOut5VTurnON
                0x080030bc       0x14 CMakeFiles/DM_T_Code.elf.dir/Driver_User/driver_power.c.obj
                0x080030bc                PowerOut5VTurnON
 .text.RemoteDeadBand
                0x080030d0       0x36 CMakeFiles/DM_T_Code.elf.dir/Driver_User/driver_remote.c.obj
                0x080030d0                RemoteDeadBand
 .text.CrsfDataUpdate
                0x08003106      0x12e CMakeFiles/DM_T_Code.elf.dir/Driver_User/driver_remote.c.obj
                0x08003106                CrsfDataUpdate
 .text.RemoteDataUpdate
                0x08003234      0x120 CMakeFiles/DM_T_Code.elf.dir/Driver_User/driver_remote.c.obj
                0x08003234                RemoteDataUpdate
 .text.RS_MotorInit
                0x08003354       0xee CMakeFiles/DM_T_Code.elf.dir/Driver_User/driver_rs_motor.c.obj
                0x08003354                RS_MotorInit
 *fill*         0x08003442        0x2 
 .text.RS_MotorThrValUpdate
                0x08003444       0xb8 CMakeFiles/DM_T_Code.elf.dir/Driver_User/driver_rs_motor.c.obj
                0x08003444                RS_MotorThrValUpdate
 .text.RS_MotorFeedbackFrameDataUpdate
                0x080034fc       0xcc CMakeFiles/DM_T_Code.elf.dir/Driver_User/driver_rs_motor.c.obj
                0x080034fc                RS_MotorFeedbackFrameDataUpdate
 .text.RS_MotorRawFeedbackDataCalculate
                0x080035c8       0xec CMakeFiles/DM_T_Code.elf.dir/Driver_User/driver_rs_motor.c.obj
                0x080035c8                RS_MotorRawFeedbackDataCalculate
 .text.RS_MotorParamReadFrameDataUpdate
                0x080036b4       0x44 CMakeFiles/DM_T_Code.elf.dir/Driver_User/driver_rs_motor.c.obj
                0x080036b4                RS_MotorParamReadFrameDataUpdate
 .text.RS_MotorErrorFrameDataUpdate
                0x080036f8       0x38 CMakeFiles/DM_T_Code.elf.dir/Driver_User/driver_rs_motor.c.obj
                0x080036f8                RS_MotorErrorFrameDataUpdate
 .text.RS_MotorOperatingStateUpdate
                0x08003730       0x96 CMakeFiles/DM_T_Code.elf.dir/Driver_User/driver_rs_motor.c.obj
                0x08003730                RS_MotorOperatingStateUpdate
 .text.RS_MotorDataUpdate
                0x080037c6       0x82 CMakeFiles/DM_T_Code.elf.dir/Driver_User/driver_rs_motor.c.obj
                0x080037c6                RS_MotorDataUpdate
 .text.RS_MotorSendDataCalculate
                0x08003848       0xc4 CMakeFiles/DM_T_Code.elf.dir/Driver_User/driver_rs_motor.c.obj
                0x08003848                RS_MotorSendDataCalculate
 .text.RS_MotorEnableSendFrameDataUpdate
                0x0800390c       0x30 CMakeFiles/DM_T_Code.elf.dir/Driver_User/driver_rs_motor.c.obj
                0x0800390c                RS_MotorEnableSendFrameDataUpdate
 .text.RS_MotorStopSendFrameDataUpdate
                0x0800393c       0x3e CMakeFiles/DM_T_Code.elf.dir/Driver_User/driver_rs_motor.c.obj
                0x0800393c                RS_MotorStopSendFrameDataUpdate
 .text.RS_MotorModeInitSendFrameDataUpdate
                0x0800397a       0x42 CMakeFiles/DM_T_Code.elf.dir/Driver_User/driver_rs_motor.c.obj
                0x0800397a                RS_MotorModeInitSendFrameDataUpdate
 .text.RS_MotorModeZeroPosSetFrameDataUpdate
                0x080039bc       0x34 CMakeFiles/DM_T_Code.elf.dir/Driver_User/driver_rs_motor.c.obj
                0x080039bc                RS_MotorModeZeroPosSetFrameDataUpdate
 .text.RS_MotorModeDataStorageSendFrameDataUpdate
                0x080039f0       0x30 CMakeFiles/DM_T_Code.elf.dir/Driver_User/driver_rs_motor.c.obj
                0x080039f0                RS_MotorModeDataStorageSendFrameDataUpdate
 .text.RS_MotorModePauseSendFrameDataUpdate
                0x08003a20       0x2e CMakeFiles/DM_T_Code.elf.dir/Driver_User/driver_rs_motor.c.obj
                0x08003a20                RS_MotorModePauseSendFrameDataUpdate
 .text.RS_MotorRunReadSendFrameDataUpdate
                0x08003a4e       0x36 CMakeFiles/DM_T_Code.elf.dir/Driver_User/driver_rs_motor.c.obj
                0x08003a4e                RS_MotorRunReadSendFrameDataUpdate
 .text.RS_Motor_CON_SendFrameDataUpdate
                0x08003a84       0xe8 CMakeFiles/DM_T_Code.elf.dir/Driver_User/driver_rs_motor.c.obj
                0x08003a84                RS_Motor_CON_SendFrameDataUpdate
 .text.RS_Motor_POS_SendFrameDataUpdate
                0x08003b6c       0x3c CMakeFiles/DM_T_Code.elf.dir/Driver_User/driver_rs_motor.c.obj
                0x08003b6c                RS_Motor_POS_SendFrameDataUpdate
 .text.RS_Motor_VEL_SendFrameDataUpdate
                0x08003ba8       0x3c CMakeFiles/DM_T_Code.elf.dir/Driver_User/driver_rs_motor.c.obj
                0x08003ba8                RS_Motor_VEL_SendFrameDataUpdate
 .text.RS_Motor_CUR_SendFrameDataUpdate
                0x08003be4       0x3c CMakeFiles/DM_T_Code.elf.dir/Driver_User/driver_rs_motor.c.obj
                0x08003be4                RS_Motor_CUR_SendFrameDataUpdate
 .text.RS_MotorSendFrameDataUpdate
                0x08003c20      0x164 CMakeFiles/DM_T_Code.elf.dir/Driver_User/driver_rs_motor.c.obj
                0x08003c20                RS_MotorSendFrameDataUpdate
 .text.RS_MotorSendDataUpdate
                0x08003d84       0x34 CMakeFiles/DM_T_Code.elf.dir/Driver_User/driver_rs_motor.c.obj
                0x08003d84                RS_MotorSendDataUpdate
 .text.RS_MotorSpeedCalculate
                0x08003db8       0x1c CMakeFiles/DM_T_Code.elf.dir/Driver_User/driver_rs_motor.c.obj
                0x08003db8                RS_MotorSpeedCalculate
 .text.RS_MotorLocationCalculate
                0x08003dd4       0x1c CMakeFiles/DM_T_Code.elf.dir/Driver_User/driver_rs_motor.c.obj
                0x08003dd4                RS_MotorLocationCalculate
 .text.RS_MotorSpeedFFCalculate
                0x08003df0       0xa8 CMakeFiles/DM_T_Code.elf.dir/Driver_User/driver_rs_motor.c.obj
                0x08003df0                RS_MotorSpeedFFCalculate
 .text.RS_MotorPIDCalculate
                0x08003e98       0xbe CMakeFiles/DM_T_Code.elf.dir/Driver_User/driver_rs_motor.c.obj
                0x08003e98                RS_MotorPIDCalculate
 .text.TSDA_SendFrame
                0x08003f56       0x26 CMakeFiles/DM_T_Code.elf.dir/Driver_User/driver_tsda_servo.c.obj
 .text.TSDA_PackInt16
                0x08003f7c        0xa CMakeFiles/DM_T_Code.elf.dir/Driver_User/driver_tsda_servo.c.obj
 .text.TSDA_Init
                0x08003f86        0xe CMakeFiles/DM_T_Code.elf.dir/Driver_User/driver_tsda_servo.c.obj
                0x08003f86                TSDA_Init
 .text.TSDA_WriteReg2
                0x08003f94       0x48 CMakeFiles/DM_T_Code.elf.dir/Driver_User/driver_tsda_servo.c.obj
                0x08003f94                TSDA_WriteReg2
 .text.TSDA_WriteReg
                0x08003fdc       0x14 CMakeFiles/DM_T_Code.elf.dir/Driver_User/driver_tsda_servo.c.obj
                0x08003fdc                TSDA_WriteReg
 .text.TSDA_ReadReg2
                0x08003ff0       0x3c CMakeFiles/DM_T_Code.elf.dir/Driver_User/driver_tsda_servo.c.obj
                0x08003ff0                TSDA_ReadReg2
 .text.TSDA_ReadReg
                0x0800402c        0xa CMakeFiles/DM_T_Code.elf.dir/Driver_User/driver_tsda_servo.c.obj
                0x0800402c                TSDA_ReadReg
 .text.TSDA_ClearFault
                0x08004036        0xc CMakeFiles/DM_T_Code.elf.dir/Driver_User/driver_tsda_servo.c.obj
                0x08004036                TSDA_ClearFault
 .text.TSDA_SetSpeedModeAndAccDec
                0x08004042       0x1c CMakeFiles/DM_T_Code.elf.dir/Driver_User/driver_tsda_servo.c.obj
                0x08004042                TSDA_SetSpeedModeAndAccDec
 .text.TSDA_SetTargetSpeedRpm
                0x0800405e        0xc CMakeFiles/DM_T_Code.elf.dir/Driver_User/driver_tsda_servo.c.obj
                0x0800405e                TSDA_SetTargetSpeedRpm
 .text.TSDA_Enable
                0x0800406a        0xc CMakeFiles/DM_T_Code.elf.dir/Driver_User/driver_tsda_servo.c.obj
                0x0800406a                TSDA_Enable
 .text.TSDA_Disable
                0x08004076        0xc CMakeFiles/DM_T_Code.elf.dir/Driver_User/driver_tsda_servo.c.obj
                0x08004076                TSDA_Disable
 .text.TSDA_GetAckCanId
                0x08004082       0x10 CMakeFiles/DM_T_Code.elf.dir/Driver_User/driver_tsda_servo.c.obj
                0x08004082                TSDA_GetAckCanId
 .text.TSDA_MakeAckExpect
                0x08004092       0x28 CMakeFiles/DM_T_Code.elf.dir/Driver_User/driver_tsda_servo.c.obj
                0x08004092                TSDA_MakeAckExpect
 .text.TSDA_IsExpectedWriteAck
                0x080040ba       0x5e CMakeFiles/DM_T_Code.elf.dir/Driver_User/driver_tsda_servo.c.obj
                0x080040ba                TSDA_IsExpectedWriteAck
 .text.TSDA_IsExpectedReadResponse
                0x08004118       0x5e CMakeFiles/DM_T_Code.elf.dir/Driver_User/driver_tsda_servo.c.obj
                0x08004118                TSDA_IsExpectedReadResponse
 .text.TSDA_GetResponseValue1
                0x08004176       0x12 CMakeFiles/DM_T_Code.elf.dir/Driver_User/driver_tsda_servo.c.obj
                0x08004176                TSDA_GetResponseValue1
 .text.TSDA_GetResponseValue2
                0x08004188       0x12 CMakeFiles/DM_T_Code.elf.dir/Driver_User/driver_tsda_servo.c.obj
                0x08004188                TSDA_GetResponseValue2
 *fill*         0x0800419a        0x2 
 .text.HAL_Init
                0x0800419c       0x5c CMakeFiles/DM_T_Code.elf.dir/Drivers/STM32H7xx_HAL_Driver/Src/stm32h7xx_hal.c.obj
                0x0800419c                HAL_Init
 .text.HAL_IncTick
                0x080041f8       0x18 CMakeFiles/DM_T_Code.elf.dir/Drivers/STM32H7xx_HAL_Driver/Src/stm32h7xx_hal.c.obj
                0x080041f8                HAL_IncTick
 .text.HAL_GetTick
                0x08004210        0xc CMakeFiles/DM_T_Code.elf.dir/Drivers/STM32H7xx_HAL_Driver/Src/stm32h7xx_hal.c.obj
                0x08004210                HAL_GetTick
 .text.HAL_Delay
                0x0800421c       0x28 CMakeFiles/DM_T_Code.elf.dir/Drivers/STM32H7xx_HAL_Driver/Src/stm32h7xx_hal.c.obj
                0x0800421c                HAL_Delay
 .text.__NVIC_EnableIRQ
                0x08004244       0x1c CMakeFiles/DM_T_Code.elf.dir/Drivers/STM32H7xx_HAL_Driver/Src/stm32h7xx_hal_cortex.c.obj
 .text.__NVIC_SetPriority
                0x08004260       0x24 CMakeFiles/DM_T_Code.elf.dir/Drivers/STM32H7xx_HAL_Driver/Src/stm32h7xx_hal_cortex.c.obj
 .text.NVIC_EncodePriority
                0x08004284       0x3e CMakeFiles/DM_T_Code.elf.dir/Drivers/STM32H7xx_HAL_Driver/Src/stm32h7xx_hal_cortex.c.obj
 *fill*         0x080042c2        0x2 
 .text.HAL_NVIC_SetPriorityGrouping
                0x080042c4       0x24 CMakeFiles/DM_T_Code.elf.dir/Drivers/STM32H7xx_HAL_Driver/Src/stm32h7xx_hal_cortex.c.obj
                0x080042c4                HAL_NVIC_SetPriorityGrouping
 .text.HAL_NVIC_SetPriority
                0x080042e8       0x20 CMakeFiles/DM_T_Code.elf.dir/Drivers/STM32H7xx_HAL_Driver/Src/stm32h7xx_hal_cortex.c.obj
                0x080042e8                HAL_NVIC_SetPriority
 .text.HAL_NVIC_EnableIRQ
                0x08004308        0x8 CMakeFiles/DM_T_Code.elf.dir/Drivers/STM32H7xx_HAL_Driver/Src/stm32h7xx_hal_cortex.c.obj
                0x08004308                HAL_NVIC_EnableIRQ
 .text.DMA_SetConfig
                0x08004310      0x1b4 CMakeFiles/DM_T_Code.elf.dir/Drivers/STM32H7xx_HAL_Driver/Src/stm32h7xx_hal_dma.c.obj
 .text.DMA_CalcBaseAndBitshift
                0x080044c4       0xb0 CMakeFiles/DM_T_Code.elf.dir/Drivers/STM32H7xx_HAL_Driver/Src/stm32h7xx_hal_dma.c.obj
 .text.DMA_CheckFifoParam
                0x08004574       0x92 CMakeFiles/DM_T_Code.elf.dir/Drivers/STM32H7xx_HAL_Driver/Src/stm32h7xx_hal_dma.c.obj
 *fill*         0x08004606        0x2 
 .text.DMA_CalcDMAMUXChannelBaseAndMask
                0x08004608       0xac CMakeFiles/DM_T_Code.elf.dir/Drivers/STM32H7xx_HAL_Driver/Src/stm32h7xx_hal_dma.c.obj
 .text.DMA_CalcDMAMUXRequestGenBaseAndMask
                0x080046b4       0x7c CMakeFiles/DM_T_Code.elf.dir/Drivers/STM32H7xx_HAL_Driver/Src/stm32h7xx_hal_dma.c.obj
 .text.HAL_DMA_Init
                0x08004730      0x39c CMakeFiles/DM_T_Code.elf.dir/Drivers/STM32H7xx_HAL_Driver/Src/stm32h7xx_hal_dma.c.obj
                0x08004730                HAL_DMA_Init
 .text.HAL_DMA_Start_IT
                0x08004acc      0x294 CMakeFiles/DM_T_Code.elf.dir/Drivers/STM32H7xx_HAL_Driver/Src/stm32h7xx_hal_dma.c.obj
                0x08004acc                HAL_DMA_Start_IT
 .text.HAL_DMA_Abort
                0x08004d60      0x33c CMakeFiles/DM_T_Code.elf.dir/Drivers/STM32H7xx_HAL_Driver/Src/stm32h7xx_hal_dma.c.obj
                0x08004d60                HAL_DMA_Abort
 .text.HAL_DMA_Abort_IT
                0x0800509c      0x26c CMakeFiles/DM_T_Code.elf.dir/Drivers/STM32H7xx_HAL_Driver/Src/stm32h7xx_hal_dma.c.obj
                0x0800509c                HAL_DMA_Abort_IT
 .text.HAL_DMA_IRQHandler
                0x08005308      0x734 CMakeFiles/DM_T_Code.elf.dir/Drivers/STM32H7xx_HAL_Driver/Src/stm32h7xx_hal_dma.c.obj
                0x08005308                HAL_DMA_IRQHandler
 .text.FDCAN_CalcultateRamBlockAddresses
                0x08005a3c      0x1d4 CMakeFiles/DM_T_Code.elf.dir/Drivers/STM32H7xx_HAL_Driver/Src/stm32h7xx_hal_fdcan.c.obj
 .text.FDCAN_CopyMessageToRAM
                0x08005c10       0x8c CMakeFiles/DM_T_Code.elf.dir/Drivers/STM32H7xx_HAL_Driver/Src/stm32h7xx_hal_fdcan.c.obj
 .text.HAL_FDCAN_Init
                0x08005c9c      0x294 CMakeFiles/DM_T_Code.elf.dir/Drivers/STM32H7xx_HAL_Driver/Src/stm32h7xx_hal_fdcan.c.obj
                0x08005c9c                HAL_FDCAN_Init
 .text.HAL_FDCAN_ConfigFilter
                0x08005f30       0x8a CMakeFiles/DM_T_Code.elf.dir/Drivers/STM32H7xx_HAL_Driver/Src/stm32h7xx_hal_fdcan.c.obj
                0x08005f30                HAL_FDCAN_ConfigFilter
 .text.HAL_FDCAN_ConfigGlobalFilter
                0x08005fba       0x32 CMakeFiles/DM_T_Code.elf.dir/Drivers/STM32H7xx_HAL_Driver/Src/stm32h7xx_hal_fdcan.c.obj
                0x08005fba                HAL_FDCAN_ConfigGlobalFilter
 .text.HAL_FDCAN_Start
                0x08005fec       0x32 CMakeFiles/DM_T_Code.elf.dir/Drivers/STM32H7xx_HAL_Driver/Src/stm32h7xx_hal_fdcan.c.obj
                0x08005fec                HAL_FDCAN_Start
 .text.HAL_FDCAN_AddMessageToTxFifoQ
                0x0800601e       0x74 CMakeFiles/DM_T_Code.elf.dir/Drivers/STM32H7xx_HAL_Driver/Src/stm32h7xx_hal_fdcan.c.obj
                0x0800601e                HAL_FDCAN_AddMessageToTxFifoQ
 *fill*         0x08006092        0x2 
 .text.HAL_FDCAN_GetRxMessage
                0x08006094      0x1dc CMakeFiles/DM_T_Code.elf.dir/Drivers/STM32H7xx_HAL_Driver/Src/stm32h7xx_hal_fdcan.c.obj
                0x08006094                HAL_FDCAN_GetRxMessage
 .text.HAL_FDCAN_ActivateNotification
                0x08006270       0x90 CMakeFiles/DM_T_Code.elf.dir/Drivers/STM32H7xx_HAL_Driver/Src/stm32h7xx_hal_fdcan.c.obj
                0x08006270                HAL_FDCAN_ActivateNotification
 .text.HAL_FDCAN_ClockCalibrationCallback
                0x08006300        0x2 CMakeFiles/DM_T_Code.elf.dir/Drivers/STM32H7xx_HAL_Driver/Src/stm32h7xx_hal_fdcan.c.obj
                0x08006300                HAL_FDCAN_ClockCalibrationCallback
 .text.HAL_FDCAN_TxEventFifoCallback
                0x08006302        0x2 CMakeFiles/DM_T_Code.elf.dir/Drivers/STM32H7xx_HAL_Driver/Src/stm32h7xx_hal_fdcan.c.obj
                0x08006302                HAL_FDCAN_TxEventFifoCallback
 .text.HAL_FDCAN_TxFifoEmptyCallback
                0x08006304        0x2 CMakeFiles/DM_T_Code.elf.dir/Drivers/STM32H7xx_HAL_Driver/Src/stm32h7xx_hal_fdcan.c.obj
                0x08006304                HAL_FDCAN_TxFifoEmptyCallback
 .text.HAL_FDCAN_TxBufferCompleteCallback
                0x08006306        0x2 CMakeFiles/DM_T_Code.elf.dir/Drivers/STM32H7xx_HAL_Driver/Src/stm32h7xx_hal_fdcan.c.obj
                0x08006306                HAL_FDCAN_TxBufferCompleteCallback
 .text.HAL_FDCAN_TxBufferAbortCallback
                0x08006308        0x2 CMakeFiles/DM_T_Code.elf.dir/Drivers/STM32H7xx_HAL_Driver/Src/stm32h7xx_hal_fdcan.c.obj
                0x08006308                HAL_FDCAN_TxBufferAbortCallback
 .text.HAL_FDCAN_RxBufferNewMessageCallback
                0x0800630a        0x2 CMakeFiles/DM_T_Code.elf.dir/Drivers/STM32H7xx_HAL_Driver/Src/stm32h7xx_hal_fdcan.c.obj
                0x0800630a                HAL_FDCAN_RxBufferNewMessageCallback
 .text.HAL_FDCAN_TimestampWraparoundCallback
                0x0800630c        0x2 CMakeFiles/DM_T_Code.elf.dir/Drivers/STM32H7xx_HAL_Driver/Src/stm32h7xx_hal_fdcan.c.obj
                0x0800630c                HAL_FDCAN_TimestampWraparoundCallback
 .text.HAL_FDCAN_TimeoutOccurredCallback
                0x0800630e        0x2 CMakeFiles/DM_T_Code.elf.dir/Drivers/STM32H7xx_HAL_Driver/Src/stm32h7xx_hal_fdcan.c.obj
                0x0800630e                HAL_FDCAN_TimeoutOccurredCallback
 .text.HAL_FDCAN_HighPriorityMessageCallback
                0x08006310        0x2 CMakeFiles/DM_T_Code.elf.dir/Drivers/STM32H7xx_HAL_Driver/Src/stm32h7xx_hal_fdcan.c.obj
                0x08006310                HAL_FDCAN_HighPriorityMessageCallback
 .text.HAL_FDCAN_ErrorCallback
                0x08006312        0x2 CMakeFiles/DM_T_Code.elf.dir/Drivers/STM32H7xx_HAL_Driver/Src/stm32h7xx_hal_fdcan.c.obj
                0x08006312                HAL_FDCAN_ErrorCallback
 .text.HAL_FDCAN_ErrorStatusCallback
                0x08006314        0x2 CMakeFiles/DM_T_Code.elf.dir/Drivers/STM32H7xx_HAL_Driver/Src/stm32h7xx_hal_fdcan.c.obj
                0x08006314                HAL_FDCAN_ErrorStatusCallback
 .text.HAL_FDCAN_TT_ScheduleSyncCallback
                0x08006316        0x2 CMakeFiles/DM_T_Code.elf.dir/Drivers/STM32H7xx_HAL_Driver/Src/stm32h7xx_hal_fdcan.c.obj
                0x08006316                HAL_FDCAN_TT_ScheduleSyncCallback
 .text.HAL_FDCAN_TT_TimeMarkCallback
                0x08006318        0x2 CMakeFiles/DM_T_Code.elf.dir/Drivers/STM32H7xx_HAL_Driver/Src/stm32h7xx_hal_fdcan.c.obj
                0x08006318                HAL_FDCAN_TT_TimeMarkCallback
 .text.HAL_FDCAN_TT_StopWatchCallback
                0x0800631a        0x2 CMakeFiles/DM_T_Code.elf.dir/Drivers/STM32H7xx_HAL_Driver/Src/stm32h7xx_hal_fdcan.c.obj
                0x0800631a                HAL_FDCAN_TT_StopWatchCallback
 .text.HAL_FDCAN_TT_GlobalTimeCallback
                0x0800631c        0x2 CMakeFiles/DM_T_Code.elf.dir/Drivers/STM32H7xx_HAL_Driver/Src/stm32h7xx_hal_fdcan.c.obj
                0x0800631c                HAL_FDCAN_TT_GlobalTimeCallback
 *fill*         0x0800631e        0x2 
 .text.HAL_FDCAN_IRQHandler
                0x08006320      0x320 CMakeFiles/DM_T_Code.elf.dir/Drivers/STM32H7xx_HAL_Driver/Src/stm32h7xx_hal_fdcan.c.obj
                0x08006320                HAL_FDCAN_IRQHandler
 .text.HAL_GPIO_Init
                0x08006640      0x214 CMakeFiles/DM_T_Code.elf.dir/Drivers/STM32H7xx_HAL_Driver/Src/stm32h7xx_hal_gpio.c.obj
                0x08006640                HAL_GPIO_Init
 .text.HAL_GPIO_WritePin
                0x08006854        0xc CMakeFiles/DM_T_Code.elf.dir/Drivers/STM32H7xx_HAL_Driver/Src/stm32h7xx_hal_gpio.c.obj
                0x08006854                HAL_GPIO_WritePin
 .text.PCD_WriteEmptyTxFifo
                0x08006860       0xd0 CMakeFiles/DM_T_Code.elf.dir/Drivers/STM32H7xx_HAL_Driver/Src/stm32h7xx_hal_pcd.c.obj
 .text.HAL_PCD_Init
                0x08006930      0x102 CMakeFiles/DM_T_Code.elf.dir/Drivers/STM32H7xx_HAL_Driver/Src/stm32h7xx_hal_pcd.c.obj
                0x08006930                HAL_PCD_Init
 .text.HAL_PCD_Start
                0x08006a32       0x44 CMakeFiles/DM_T_Code.elf.dir/Drivers/STM32H7xx_HAL_Driver/Src/stm32h7xx_hal_pcd.c.obj
                0x08006a32                HAL_PCD_Start
 *fill*         0x08006a76        0x2 
 .text.PCD_EP_OutXfrComplete_int
                0x08006a78      0x104 CMakeFiles/DM_T_Code.elf.dir/Drivers/STM32H7xx_HAL_Driver/Src/stm32h7xx_hal_pcd.c.obj
 .text.PCD_EP_OutSetupPacket_int
                0x08006b7c       0x50 CMakeFiles/DM_T_Code.elf.dir/Drivers/STM32H7xx_HAL_Driver/Src/stm32h7xx_hal_pcd.c.obj
 .text.HAL_PCD_SetAddress
                0x08006bcc       0x26 CMakeFiles/DM_T_Code.elf.dir/Drivers/STM32H7xx_HAL_Driver/Src/stm32h7xx_hal_pcd.c.obj
                0x08006bcc                HAL_PCD_SetAddress
 .text.HAL_PCD_EP_Open
                0x08006bf2       0x8c CMakeFiles/DM_T_Code.elf.dir/Drivers/STM32H7xx_HAL_Driver/Src/stm32h7xx_hal_pcd.c.obj
                0x08006bf2                HAL_PCD_EP_Open
 .text.HAL_PCD_EP_Close
                0x08006c7e       0x70 CMakeFiles/DM_T_Code.elf.dir/Drivers/STM32H7xx_HAL_Driver/Src/stm32h7xx_hal_pcd.c.obj
                0x08006c7e                HAL_PCD_EP_Close
 .text.HAL_PCD_EP_Receive
                0x08006cee       0x4a CMakeFiles/DM_T_Code.elf.dir/Drivers/STM32H7xx_HAL_Driver/Src/stm32h7xx_hal_pcd.c.obj
                0x08006cee                HAL_PCD_EP_Receive
 .text.HAL_PCD_EP_GetRxCount
                0x08006d38       0x12 CMakeFiles/DM_T_Code.elf.dir/Drivers/STM32H7xx_HAL_Driver/Src/stm32h7xx_hal_pcd.c.obj
                0x08006d38                HAL_PCD_EP_GetRxCount
 .text.HAL_PCD_EP_Transmit
                0x08006d4a       0x4a CMakeFiles/DM_T_Code.elf.dir/Drivers/STM32H7xx_HAL_Driver/Src/stm32h7xx_hal_pcd.c.obj
                0x08006d4a                HAL_PCD_EP_Transmit
 .text.HAL_PCD_EP_SetStall
                0x08006d94       0x86 CMakeFiles/DM_T_Code.elf.dir/Drivers/STM32H7xx_HAL_Driver/Src/stm32h7xx_hal_pcd.c.obj
                0x08006d94                HAL_PCD_EP_SetStall
 .text.HAL_PCD_EP_ClrStall
                0x08006e1a       0x74 CMakeFiles/DM_T_Code.elf.dir/Drivers/STM32H7xx_HAL_Driver/Src/stm32h7xx_hal_pcd.c.obj
                0x08006e1a                HAL_PCD_EP_ClrStall
 .text.HAL_PCD_EP_Abort
                0x08006e8e       0x34 CMakeFiles/DM_T_Code.elf.dir/Drivers/STM32H7xx_HAL_Driver/Src/stm32h7xx_hal_pcd.c.obj
                0x08006e8e                HAL_PCD_EP_Abort
 .text.HAL_PCD_IRQHandler
                0x08006ec2      0x600 CMakeFiles/DM_T_Code.elf.dir/Drivers/STM32H7xx_HAL_Driver/Src/stm32h7xx_hal_pcd.c.obj
                0x08006ec2                HAL_PCD_IRQHandler
 .text.HAL_PCDEx_SetTxFiFo
                0x080074c2       0x4c CMakeFiles/DM_T_Code.elf.dir/Drivers/STM32H7xx_HAL_Driver/Src/stm32h7xx_hal_pcd_ex.c.obj
                0x080074c2                HAL_PCDEx_SetTxFiFo
 .text.HAL_PCDEx_SetRxFiFo
                0x0800750e        0x8 CMakeFiles/DM_T_Code.elf.dir/Drivers/STM32H7xx_HAL_Driver/Src/stm32h7xx_hal_pcd_ex.c.obj
                0x0800750e                HAL_PCDEx_SetRxFiFo
 *fill*         0x08007516        0x2 
 .text.HAL_PCDEx_ActivateLPM
                0x08007518       0x28 CMakeFiles/DM_T_Code.elf.dir/Drivers/STM32H7xx_HAL_Driver/Src/stm32h7xx_hal_pcd_ex.c.obj
                0x08007518                HAL_PCDEx_ActivateLPM
 .text.HAL_PCDEx_LPM_Callback
                0x08007540        0x2 CMakeFiles/DM_T_Code.elf.dir/Drivers/STM32H7xx_HAL_Driver/Src/stm32h7xx_hal_pcd_ex.c.obj
                0x08007540                HAL_PCDEx_LPM_Callback
 *fill*         0x08007542        0x2 
 .text.HAL_PWREx_ConfigSupply
                0x08007544       0x54 CMakeFiles/DM_T_Code.elf.dir/Drivers/STM32H7xx_HAL_Driver/Src/stm32h7xx_hal_pwr_ex.c.obj
                0x08007544                HAL_PWREx_ConfigSupply
 .text.HAL_PWREx_EnableUSBVoltageDetector
                0x08007598       0x10 CMakeFiles/DM_T_Code.elf.dir/Drivers/STM32H7xx_HAL_Driver/Src/stm32h7xx_hal_pwr_ex.c.obj
                0x08007598                HAL_PWREx_EnableUSBVoltageDetector
 .text.HAL_RCC_OscConfig
                0x080075a8      0x5e4 CMakeFiles/DM_T_Code.elf.dir/Drivers/STM32H7xx_HAL_Driver/Src/stm32h7xx_hal_rcc.c.obj
                0x080075a8                HAL_RCC_OscConfig
 .text.HAL_RCC_GetSysClockFreq
                0x08007b8c      0x1f8 CMakeFiles/DM_T_Code.elf.dir/Drivers/STM32H7xx_HAL_Driver/Src/stm32h7xx_hal_rcc.c.obj
                0x08007b8c                HAL_RCC_GetSysClockFreq
 .text.HAL_RCC_ClockConfig
                0x08007d84      0x294 CMakeFiles/DM_T_Code.elf.dir/Drivers/STM32H7xx_HAL_Driver/Src/stm32h7xx_hal_rcc.c.obj
                0x08007d84                HAL_RCC_ClockConfig
 .text.HAL_RCC_GetHCLKFreq
                0x08008018       0x44 CMakeFiles/DM_T_Code.elf.dir/Drivers/STM32H7xx_HAL_Driver/Src/stm32h7xx_hal_rcc.c.obj
                0x08008018                HAL_RCC_GetHCLKFreq
 .text.HAL_RCC_GetPCLK1Freq
                0x0800805c       0x24 CMakeFiles/DM_T_Code.elf.dir/Drivers/STM32H7xx_HAL_Driver/Src/stm32h7xx_hal_rcc.c.obj
                0x0800805c                HAL_RCC_GetPCLK1Freq
 .text.HAL_RCC_GetPCLK2Freq
                0x08008080       0x24 CMakeFiles/DM_T_Code.elf.dir/Drivers/STM32H7xx_HAL_Driver/Src/stm32h7xx_hal_rcc.c.obj
                0x08008080                HAL_RCC_GetPCLK2Freq
 .text.HAL_RCC_GetClockConfig
                0x080080a4       0x54 CMakeFiles/DM_T_Code.elf.dir/Drivers/STM32H7xx_HAL_Driver/Src/stm32h7xx_hal_rcc.c.obj
                0x080080a4                HAL_RCC_GetClockConfig
 .text.RCCEx_PLL2_Config
                0x080080f8      0x108 CMakeFiles/DM_T_Code.elf.dir/Drivers/STM32H7xx_HAL_Driver/Src/stm32h7xx_hal_rcc_ex.c.obj
 .text.RCCEx_PLL3_Config
                0x08008200      0x108 CMakeFiles/DM_T_Code.elf.dir/Drivers/STM32H7xx_HAL_Driver/Src/stm32h7xx_hal_rcc_ex.c.obj
 .text.HAL_RCCEx_PeriphCLKConfig
                0x08008308      0xa38 CMakeFiles/DM_T_Code.elf.dir/Drivers/STM32H7xx_HAL_Driver/Src/stm32h7xx_hal_rcc_ex.c.obj
                0x08008308                HAL_RCCEx_PeriphCLKConfig
 .text.HAL_RCCEx_GetD3PCLK1Freq
                0x08008d40       0x24 CMakeFiles/DM_T_Code.elf.dir/Drivers/STM32H7xx_HAL_Driver/Src/stm32h7xx_hal_rcc_ex.c.obj
                0x08008d40                HAL_RCCEx_GetD3PCLK1Freq
 .text.HAL_RCCEx_GetPLL2ClockFreq
                0x08008d64      0x200 CMakeFiles/DM_T_Code.elf.dir/Drivers/STM32H7xx_HAL_Driver/Src/stm32h7xx_hal_rcc_ex.c.obj
                0x08008d64                HAL_RCCEx_GetPLL2ClockFreq
 .text.HAL_RCCEx_GetPLL3ClockFreq
                0x08008f64      0x200 CMakeFiles/DM_T_Code.elf.dir/Drivers/STM32H7xx_HAL_Driver/Src/stm32h7xx_hal_rcc_ex.c.obj
                0x08008f64                HAL_RCCEx_GetPLL3ClockFreq
 .text.SPI_CloseTransfer
                0x08009164       0xcc CMakeFiles/DM_T_Code.elf.dir/Drivers/STM32H7xx_HAL_Driver/Src/stm32h7xx_hal_spi.c.obj
 .text.SPI_GetPacketSize
                0x08009230       0x10 CMakeFiles/DM_T_Code.elf.dir/Drivers/STM32H7xx_HAL_Driver/Src/stm32h7xx_hal_spi.c.obj
 .text.SPI_WaitOnFlagUntilTimeout
                0x08009240       0x48 CMakeFiles/DM_T_Code.elf.dir/Drivers/STM32H7xx_HAL_Driver/Src/stm32h7xx_hal_spi.c.obj
 .text.HAL_SPI_Init
                0x08009288      0x190 CMakeFiles/DM_T_Code.elf.dir/Drivers/STM32H7xx_HAL_Driver/Src/stm32h7xx_hal_spi.c.obj
                0x08009288                HAL_SPI_Init
 .text.HAL_SPI_Transmit
                0x08009418      0x2c0 CMakeFiles/DM_T_Code.elf.dir/Drivers/STM32H7xx_HAL_Driver/Src/stm32h7xx_hal_spi.c.obj
                0x08009418                HAL_SPI_Transmit
 .text.TIM_OC1_SetConfig
                0x080096d8       0xa4 CMakeFiles/DM_T_Code.elf.dir/Drivers/STM32H7xx_HAL_Driver/Src/stm32h7xx_hal_tim.c.obj
 .text.TIM_OC3_SetConfig
                0x0800977c       0x94 CMakeFiles/DM_T_Code.elf.dir/Drivers/STM32H7xx_HAL_Driver/Src/stm32h7xx_hal_tim.c.obj
 .text.TIM_OC4_SetConfig
                0x08009810       0x74 CMakeFiles/DM_T_Code.elf.dir/Drivers/STM32H7xx_HAL_Driver/Src/stm32h7xx_hal_tim.c.obj
 .text.TIM_OC5_SetConfig
                0x08009884       0x74 CMakeFiles/DM_T_Code.elf.dir/Drivers/STM32H7xx_HAL_Driver/Src/stm32h7xx_hal_tim.c.obj
 .text.TIM_OC6_SetConfig
                0x080098f8       0x74 CMakeFiles/DM_T_Code.elf.dir/Drivers/STM32H7xx_HAL_Driver/Src/stm32h7xx_hal_tim.c.obj
 .text.HAL_TIM_Base_MspInit
                0x0800996c        0x2 CMakeFiles/DM_T_Code.elf.dir/Drivers/STM32H7xx_HAL_Driver/Src/stm32h7xx_hal_tim.c.obj
                0x0800996c                HAL_TIM_Base_MspInit
 *fill*         0x0800996e        0x2 
 .text.HAL_TIM_Base_Start_IT
                0x08009970       0xa0 CMakeFiles/DM_T_Code.elf.dir/Drivers/STM32H7xx_HAL_Driver/Src/stm32h7xx_hal_tim.c.obj
                0x08009970                HAL_TIM_Base_Start_IT
 .text.HAL_TIM_OC_DelayElapsedCallback
                0x08009a10        0x2 CMakeFiles/DM_T_Code.elf.dir/Drivers/STM32H7xx_HAL_Driver/Src/stm32h7xx_hal_tim.c.obj
                0x08009a10                HAL_TIM_OC_DelayElapsedCallback
 .text.HAL_TIM_IC_CaptureCallback
                0x08009a12        0x2 CMakeFiles/DM_T_Code.elf.dir/Drivers/STM32H7xx_HAL_Driver/Src/stm32h7xx_hal_tim.c.obj
                0x08009a12                HAL_TIM_IC_CaptureCallback
 .text.HAL_TIM_PWM_PulseFinishedCallback
                0x08009a14        0x2 CMakeFiles/DM_T_Code.elf.dir/Drivers/STM32H7xx_HAL_Driver/Src/stm32h7xx_hal_tim.c.obj
                0x08009a14                HAL_TIM_PWM_PulseFinishedCallback
 .text.HAL_TIM_TriggerCallback
                0x08009a16        0x2 CMakeFiles/DM_T_Code.elf.dir/Drivers/STM32H7xx_HAL_Driver/Src/stm32h7xx_hal_tim.c.obj
                0x08009a16                HAL_TIM_TriggerCallback
 .text.HAL_TIM_IRQHandler
                0x08009a18      0x17a CMakeFiles/DM_T_Code.elf.dir/Drivers/STM32H7xx_HAL_Driver/Src/stm32h7xx_hal_tim.c.obj
                0x08009a18                HAL_TIM_IRQHandler
 *fill*         0x08009b92        0x2 
 .text.TIM_Base_SetConfig
                0x08009b94      0x120 CMakeFiles/DM_T_Code.elf.dir/Drivers/STM32H7xx_HAL_Driver/Src/stm32h7xx_hal_tim.c.obj
                0x08009b94                TIM_Base_SetConfig
 .text.HAL_TIM_Base_Init
                0x08009cb4       0x60 CMakeFiles/DM_T_Code.elf.dir/Drivers/STM32H7xx_HAL_Driver/Src/stm32h7xx_hal_tim.c.obj
                0x08009cb4                HAL_TIM_Base_Init
 .text.HAL_TIM_PWM_Init
                0x08009d14       0x60 CMakeFiles/DM_T_Code.elf.dir/Drivers/STM32H7xx_HAL_Driver/Src/stm32h7xx_hal_tim.c.obj
                0x08009d14                HAL_TIM_PWM_Init
 .text.TIM_OC2_SetConfig
                0x08009d74       0x94 CMakeFiles/DM_T_Code.elf.dir/Drivers/STM32H7xx_HAL_Driver/Src/stm32h7xx_hal_tim.c.obj
                0x08009d74                TIM_OC2_SetConfig
 .text.HAL_TIM_PWM_ConfigChannel
                0x08009e08      0x13a CMakeFiles/DM_T_Code.elf.dir/Drivers/STM32H7xx_HAL_Driver/Src/stm32h7xx_hal_tim.c.obj
                0x08009e08                HAL_TIM_PWM_ConfigChannel
 .text.TIM_CCxChannelCmd
                0x08009f42       0x1e CMakeFiles/DM_T_Code.elf.dir/Drivers/STM32H7xx_HAL_Driver/Src/stm32h7xx_hal_tim.c.obj
                0x08009f42                TIM_CCxChannelCmd
 .text.HAL_TIM_PWM_Start
                0x08009f60      0x170 CMakeFiles/DM_T_Code.elf.dir/Drivers/STM32H7xx_HAL_Driver/Src/stm32h7xx_hal_tim.c.obj
                0x08009f60                HAL_TIM_PWM_Start
 .text.HAL_TIMEx_MasterConfigSynchronization
                0x0800a0d0       0xb0 CMakeFiles/DM_T_Code.elf.dir/Drivers/STM32H7xx_HAL_Driver/Src/stm32h7xx_hal_tim_ex.c.obj
                0x0800a0d0                HAL_TIMEx_MasterConfigSynchronization
 .text.HAL_TIMEx_CommutCallback
                0x0800a180        0x2 CMakeFiles/DM_T_Code.elf.dir/Drivers/STM32H7xx_HAL_Driver/Src/stm32h7xx_hal_tim_ex.c.obj
                0x0800a180                HAL_TIMEx_CommutCallback
 .text.HAL_TIMEx_BreakCallback
                0x0800a182        0x2 CMakeFiles/DM_T_Code.elf.dir/Drivers/STM32H7xx_HAL_Driver/Src/stm32h7xx_hal_tim_ex.c.obj
                0x0800a182                HAL_TIMEx_BreakCallback
 .text.HAL_TIMEx_Break2Callback
                0x0800a184        0x2 CMakeFiles/DM_T_Code.elf.dir/Drivers/STM32H7xx_HAL_Driver/Src/stm32h7xx_hal_tim_ex.c.obj
                0x0800a184                HAL_TIMEx_Break2Callback
 .text.UART_EndTxTransfer
                0x0800a186       0x32 CMakeFiles/DM_T_Code.elf.dir/Drivers/STM32H7xx_HAL_Driver/Src/stm32h7xx_hal_uart.c.obj
 .text.UART_EndRxTransfer
                0x0800a1b8       0x58 CMakeFiles/DM_T_Code.elf.dir/Drivers/STM32H7xx_HAL_Driver/Src/stm32h7xx_hal_uart.c.obj
 .text.HAL_UART_TxCpltCallback
                0x0800a210        0x2 CMakeFiles/DM_T_Code.elf.dir/Drivers/STM32H7xx_HAL_Driver/Src/stm32h7xx_hal_uart.c.obj
                0x0800a210                HAL_UART_TxCpltCallback
 .text.UART_EndTransmit_IT
                0x0800a212       0x24 CMakeFiles/DM_T_Code.elf.dir/Drivers/STM32H7xx_HAL_Driver/Src/stm32h7xx_hal_uart.c.obj
 .text.HAL_UART_RxCpltCallback
                0x0800a236        0x2 CMakeFiles/DM_T_Code.elf.dir/Drivers/STM32H7xx_HAL_Driver/Src/stm32h7xx_hal_uart.c.obj
                0x0800a236                HAL_UART_RxCpltCallback
 .text.HAL_UART_RxHalfCpltCallback
                0x0800a238        0x2 CMakeFiles/DM_T_Code.elf.dir/Drivers/STM32H7xx_HAL_Driver/Src/stm32h7xx_hal_uart.c.obj
                0x0800a238                HAL_UART_RxHalfCpltCallback
 .text.HAL_UART_ErrorCallback
                0x0800a23a        0x2 CMakeFiles/DM_T_Code.elf.dir/Drivers/STM32H7xx_HAL_Driver/Src/stm32h7xx_hal_uart.c.obj
                0x0800a23a                HAL_UART_ErrorCallback
 .text.UART_DMAError
                0x0800a23c       0x58 CMakeFiles/DM_T_Code.elf.dir/Drivers/STM32H7xx_HAL_Driver/Src/stm32h7xx_hal_uart.c.obj
 .text.UART_DMAAbortOnError
                0x0800a294       0x10 CMakeFiles/DM_T_Code.elf.dir/Drivers/STM32H7xx_HAL_Driver/Src/stm32h7xx_hal_uart.c.obj
 .text.HAL_UART_IRQHandler
                0x0800a2a4      0x3d0 CMakeFiles/DM_T_Code.elf.dir/Drivers/STM32H7xx_HAL_Driver/Src/stm32h7xx_hal_uart.c.obj
                0x0800a2a4                HAL_UART_IRQHandler
 .text.UART_DMARxHalfCplt
                0x0800a674       0x20 CMakeFiles/DM_T_Code.elf.dir/Drivers/STM32H7xx_HAL_Driver/Src/stm32h7xx_hal_uart.c.obj
 .text.UART_DMAReceiveCplt
                0x0800a694       0x90 CMakeFiles/DM_T_Code.elf.dir/Drivers/STM32H7xx_HAL_Driver/Src/stm32h7xx_hal_uart.c.obj
 .text.UART_SetConfig
                0x0800a724      0x6bc CMakeFiles/DM_T_Code.elf.dir/Drivers/STM32H7xx_HAL_Driver/Src/stm32h7xx_hal_uart.c.obj
                0x0800a724                UART_SetConfig
 .text.UART_AdvFeatureConfig
                0x0800ade0       0xca CMakeFiles/DM_T_Code.elf.dir/Drivers/STM32H7xx_HAL_Driver/Src/stm32h7xx_hal_uart.c.obj
                0x0800ade0                UART_AdvFeatureConfig
 .text.UART_WaitOnFlagUntilTimeout
                0x0800aeaa       0xa6 CMakeFiles/DM_T_Code.elf.dir/Drivers/STM32H7xx_HAL_Driver/Src/stm32h7xx_hal_uart.c.obj
                0x0800aeaa                UART_WaitOnFlagUntilTimeout
 .text.UART_CheckIdleState
                0x0800af50       0xca CMakeFiles/DM_T_Code.elf.dir/Drivers/STM32H7xx_HAL_Driver/Src/stm32h7xx_hal_uart.c.obj
                0x0800af50                UART_CheckIdleState
 .text.HAL_UART_Init
                0x0800b01a       0x66 CMakeFiles/DM_T_Code.elf.dir/Drivers/STM32H7xx_HAL_Driver/Src/stm32h7xx_hal_uart.c.obj
                0x0800b01a                HAL_UART_Init
 .text.UART_Start_Receive_DMA
                0x0800b080       0xb0 CMakeFiles/DM_T_Code.elf.dir/Drivers/STM32H7xx_HAL_Driver/Src/stm32h7xx_hal_uart.c.obj
                0x0800b080                UART_Start_Receive_DMA
 .text.UARTEx_SetNbDataToProcess
                0x0800b130       0x4c CMakeFiles/DM_T_Code.elf.dir/Drivers/STM32H7xx_HAL_Driver/Src/stm32h7xx_hal_uart_ex.c.obj
 .text.HAL_UARTEx_WakeupCallback
                0x0800b17c        0x2 CMakeFiles/DM_T_Code.elf.dir/Drivers/STM32H7xx_HAL_Driver/Src/stm32h7xx_hal_uart_ex.c.obj
                0x0800b17c                HAL_UARTEx_WakeupCallback
 .text.HAL_UARTEx_RxFifoFullCallback
                0x0800b17e        0x2 CMakeFiles/DM_T_Code.elf.dir/Drivers/STM32H7xx_HAL_Driver/Src/stm32h7xx_hal_uart_ex.c.obj
                0x0800b17e                HAL_UARTEx_RxFifoFullCallback
 .text.HAL_UARTEx_TxFifoEmptyCallback
                0x0800b180        0x2 CMakeFiles/DM_T_Code.elf.dir/Drivers/STM32H7xx_HAL_Driver/Src/stm32h7xx_hal_uart_ex.c.obj
                0x0800b180                HAL_UARTEx_TxFifoEmptyCallback
 .text.HAL_UARTEx_DisableFifoMode
                0x0800b182       0x3e CMakeFiles/DM_T_Code.elf.dir/Drivers/STM32H7xx_HAL_Driver/Src/stm32h7xx_hal_uart_ex.c.obj
                0x0800b182                HAL_UARTEx_DisableFifoMode
 .text.HAL_UARTEx_SetTxFifoThreshold
                0x0800b1c0       0x4a CMakeFiles/DM_T_Code.elf.dir/Drivers/STM32H7xx_HAL_Driver/Src/stm32h7xx_hal_uart_ex.c.obj
                0x0800b1c0                HAL_UARTEx_SetTxFifoThreshold
 .text.HAL_UARTEx_SetRxFifoThreshold
                0x0800b20a       0x4a CMakeFiles/DM_T_Code.elf.dir/Drivers/STM32H7xx_HAL_Driver/Src/stm32h7xx_hal_uart_ex.c.obj
                0x0800b20a                HAL_UARTEx_SetRxFifoThreshold
 .text.HAL_UARTEx_ReceiveToIdle_DMA
                0x0800b254       0x50 CMakeFiles/DM_T_Code.elf.dir/Drivers/STM32H7xx_HAL_Driver/Src/stm32h7xx_hal_uart_ex.c.obj
                0x0800b254                HAL_UARTEx_ReceiveToIdle_DMA
 .text.USB_CoreReset
                0x0800b2a4       0x4a CMakeFiles/DM_T_Code.elf.dir/Drivers/STM32H7xx_HAL_Driver/Src/stm32h7xx_ll_usb.c.obj
 *fill*         0x0800b2ee        0x2 
 .text.USB_CoreInit
                0x0800b2f0       0xa4 CMakeFiles/DM_T_Code.elf.dir/Drivers/STM32H7xx_HAL_Driver/Src/stm32h7xx_ll_usb.c.obj
                0x0800b2f0                USB_CoreInit
 .text.USB_SetTurnaroundTime
                0x0800b394       0xe4 CMakeFiles/DM_T_Code.elf.dir/Drivers/STM32H7xx_HAL_Driver/Src/stm32h7xx_ll_usb.c.obj
                0x0800b394                USB_SetTurnaroundTime
 .text.USB_EnableGlobalInt
                0x0800b478        0xc CMakeFiles/DM_T_Code.elf.dir/Drivers/STM32H7xx_HAL_Driver/Src/stm32h7xx_ll_usb.c.obj
                0x0800b478                USB_EnableGlobalInt
 .text.USB_DisableGlobalInt
                0x0800b484        0xc CMakeFiles/DM_T_Code.elf.dir/Drivers/STM32H7xx_HAL_Driver/Src/stm32h7xx_ll_usb.c.obj
                0x0800b484                USB_DisableGlobalInt
 .text.USB_FlushTxFifo
                0x0800b490       0x4a CMakeFiles/DM_T_Code.elf.dir/Drivers/STM32H7xx_HAL_Driver/Src/stm32h7xx_ll_usb.c.obj
                0x0800b490                USB_FlushTxFifo
 .text.USB_FlushRxFifo
                0x0800b4da       0x46 CMakeFiles/DM_T_Code.elf.dir/Drivers/STM32H7xx_HAL_Driver/Src/stm32h7xx_ll_usb.c.obj
                0x0800b4da                USB_FlushRxFifo
 .text.USB_SetDevSpeed
                0x0800b520        0xe CMakeFiles/DM_T_Code.elf.dir/Drivers/STM32H7xx_HAL_Driver/Src/stm32h7xx_ll_usb.c.obj
                0x0800b520                USB_SetDevSpeed
 *fill*         0x0800b52e        0x2 
 .text.USB_DevInit
                0x0800b530      0x190 CMakeFiles/DM_T_Code.elf.dir/Drivers/STM32H7xx_HAL_Driver/Src/stm32h7xx_ll_usb.c.obj
                0x0800b530                USB_DevInit
 .text.USB_GetDevSpeed
                0x0800b6c0       0x22 CMakeFiles/DM_T_Code.elf.dir/Drivers/STM32H7xx_HAL_Driver/Src/stm32h7xx_ll_usb.c.obj
                0x0800b6c0                USB_GetDevSpeed
 *fill*         0x0800b6e2        0x2 
 .text.USB_ActivateEndpoint
                0x0800b6e4       0x98 CMakeFiles/DM_T_Code.elf.dir/Drivers/STM32H7xx_HAL_Driver/Src/stm32h7xx_ll_usb.c.obj
                0x0800b6e4                USB_ActivateEndpoint
 .text.USB_DeactivateEndpoint
                0x0800b77c       0xe0 CMakeFiles/DM_T_Code.elf.dir/Drivers/STM32H7xx_HAL_Driver/Src/stm32h7xx_ll_usb.c.obj
                0x0800b77c                USB_DeactivateEndpoint
 .text.USB_EPStopXfer
                0x0800b85c       0xbe CMakeFiles/DM_T_Code.elf.dir/Drivers/STM32H7xx_HAL_Driver/Src/stm32h7xx_ll_usb.c.obj
                0x0800b85c                USB_EPStopXfer
 .text.USB_WritePacket
                0x0800b91a       0x2e CMakeFiles/DM_T_Code.elf.dir/Drivers/STM32H7xx_HAL_Driver/Src/stm32h7xx_ll_usb.c.obj
                0x0800b91a                USB_WritePacket
 .text.USB_EPStartXfer
                0x0800b948      0x244 CMakeFiles/DM_T_Code.elf.dir/Drivers/STM32H7xx_HAL_Driver/Src/stm32h7xx_ll_usb.c.obj
                0x0800b948                USB_EPStartXfer
 .text.USB_ReadPacket
                0x0800bb8c       0x46 CMakeFiles/DM_T_Code.elf.dir/Drivers/STM32H7xx_HAL_Driver/Src/stm32h7xx_ll_usb.c.obj
                0x0800bb8c                USB_ReadPacket
 .text.USB_EPSetStall
                0x0800bbd2       0x5a CMakeFiles/DM_T_Code.elf.dir/Drivers/STM32H7xx_HAL_Driver/Src/stm32h7xx_ll_usb.c.obj
                0x0800bbd2                USB_EPSetStall
 .text.USB_EPClearStall
                0x0800bc2c       0x5c CMakeFiles/DM_T_Code.elf.dir/Drivers/STM32H7xx_HAL_Driver/Src/stm32h7xx_ll_usb.c.obj
                0x0800bc2c                USB_EPClearStall
 .text.USB_SetDevAddress
                0x0800bc88       0x20 CMakeFiles/DM_T_Code.elf.dir/Drivers/STM32H7xx_HAL_Driver/Src/stm32h7xx_ll_usb.c.obj
                0x0800bc88                USB_SetDevAddress
 .text.USB_DevConnect
                0x0800bca8       0x1c CMakeFiles/DM_T_Code.elf.dir/Drivers/STM32H7xx_HAL_Driver/Src/stm32h7xx_ll_usb.c.obj
                0x0800bca8                USB_DevConnect
 .text.USB_DevDisconnect
                0x0800bcc4       0x1c CMakeFiles/DM_T_Code.elf.dir/Drivers/STM32H7xx_HAL_Driver/Src/stm32h7xx_ll_usb.c.obj
                0x0800bcc4                USB_DevDisconnect
 .text.USB_ReadInterrupts
                0x0800bce0        0x8 CMakeFiles/DM_T_Code.elf.dir/Drivers/STM32H7xx_HAL_Driver/Src/stm32h7xx_ll_usb.c.obj
                0x0800bce0                USB_ReadInterrupts
 .text.USB_ReadDevAllOutEpInterrupt
                0x0800bce8       0x10 CMakeFiles/DM_T_Code.elf.dir/Drivers/STM32H7xx_HAL_Driver/Src/stm32h7xx_ll_usb.c.obj
                0x0800bce8                USB_ReadDevAllOutEpInterrupt
 .text.USB_ReadDevAllInEpInterrupt
                0x0800bcf8       0x10 CMakeFiles/DM_T_Code.elf.dir/Drivers/STM32H7xx_HAL_Driver/Src/stm32h7xx_ll_usb.c.obj
                0x0800bcf8                USB_ReadDevAllInEpInterrupt
 .text.USB_ReadDevOutEPInterrupt
                0x0800bd08       0x12 CMakeFiles/DM_T_Code.elf.dir/Drivers/STM32H7xx_HAL_Driver/Src/stm32h7xx_ll_usb.c.obj
                0x0800bd08                USB_ReadDevOutEPInterrupt
 .text.USB_ReadDevInEPInterrupt
                0x0800bd1a       0x24 CMakeFiles/DM_T_Code.elf.dir/Drivers/STM32H7xx_HAL_Driver/Src/stm32h7xx_ll_usb.c.obj
                0x0800bd1a                USB_ReadDevInEPInterrupt
 .text.USB_GetMode
                0x0800bd3e        0x8 CMakeFiles/DM_T_Code.elf.dir/Drivers/STM32H7xx_HAL_Driver/Src/stm32h7xx_ll_usb.c.obj
                0x0800bd3e                USB_GetMode
 .text.USB_SetCurrentMode
                0x0800bd46       0x62 CMakeFiles/DM_T_Code.elf.dir/Drivers/STM32H7xx_HAL_Driver/Src/stm32h7xx_ll_usb.c.obj
                0x0800bd46                USB_SetCurrentMode
 .text.USB_ActivateSetup
                0x0800bda8       0x1c CMakeFiles/DM_T_Code.elf.dir/Drivers/STM32H7xx_HAL_Driver/Src/stm32h7xx_ll_usb.c.obj
                0x0800bda8                USB_ActivateSetup
 .text.USB_EP0_OutStart
                0x0800bdc4       0x60 CMakeFiles/DM_T_Code.elf.dir/Drivers/STM32H7xx_HAL_Driver/Src/stm32h7xx_ll_usb.c.obj
                0x0800bdc4                USB_EP0_OutStart
 .text.float_to_uint
                0x0800be24       0x48 CMakeFiles/DM_T_Code.elf.dir/MathFunction_User/convert.c.obj
                0x0800be24                float_to_uint
 .text.uint_to_float
                0x0800be6c       0x28 CMakeFiles/DM_T_Code.elf.dir/MathFunction_User/convert.c.obj
                0x0800be6c                uint_to_float
 .text.DiffCalc
                0x0800be94      0x370 CMakeFiles/DM_T_Code.elf.dir/MathFunction_User/diff.c.obj
                0x0800be94                DiffCalc
 .text.PidCalc  0x0800c204      0x140 CMakeFiles/DM_T_Code.elf.dir/MathFunction_User/pid.c.obj
                0x0800c204                PidCalc
 .text.PidClear
                0x0800c344        0xe CMakeFiles/DM_T_Code.elf.dir/MathFunction_User/pid.c.obj
                0x0800c344                PidClear
 .text.PVP_Abs  0x0800c352       0x12 CMakeFiles/DM_T_Code.elf.dir/MathFunction_User/position_velocity_planner.c.obj
 .text.PVP_Min  0x0800c364       0x18 CMakeFiles/DM_T_Code.elf.dir/MathFunction_User/position_velocity_planner.c.obj
 .text.PVP_Sign
                0x0800c37c       0x24 CMakeFiles/DM_T_Code.elf.dir/MathFunction_User/position_velocity_planner.c.obj
 .text.PVP_StepWithTolerance
                0x0800c3a0      0x130 CMakeFiles/DM_T_Code.elf.dir/MathFunction_User/position_velocity_planner.c.obj
                0x0800c3a0                PVP_StepWithTolerance
 .text.USBD_CDC_EP0_RxReady
                0x0800c4d0       0x40 CMakeFiles/DM_T_Code.elf.dir/Middlewares/ST/STM32_USB_Device_Library/Class/CDC/Src/usbd_cdc.c.obj
 .text.USBD_CDC_GetDeviceQualifierDescriptor
                0x0800c510        0xc CMakeFiles/DM_T_Code.elf.dir/Middlewares/ST/STM32_USB_Device_Library/Class/CDC/Src/usbd_cdc.c.obj
                0x0800c510                USBD_CDC_GetDeviceQualifierDescriptor
 .text.USBD_CDC_GetOtherSpeedCfgDesc
                0x0800c51c       0x48 CMakeFiles/DM_T_Code.elf.dir/Middlewares/ST/STM32_USB_Device_Library/Class/CDC/Src/usbd_cdc.c.obj
 .text.USBD_CDC_GetFSCfgDesc
                0x0800c564       0x48 CMakeFiles/DM_T_Code.elf.dir/Middlewares/ST/STM32_USB_Device_Library/Class/CDC/Src/usbd_cdc.c.obj
 .text.USBD_CDC_GetHSCfgDesc
                0x0800c5ac       0x48 CMakeFiles/DM_T_Code.elf.dir/Middlewares/ST/STM32_USB_Device_Library/Class/CDC/Src/usbd_cdc.c.obj
 .text.USBD_CDC_DataOut
                0x0800c5f4       0x38 CMakeFiles/DM_T_Code.elf.dir/Middlewares/ST/STM32_USB_Device_Library/Class/CDC/Src/usbd_cdc.c.obj
 .text.USBD_CDC_DataIn
                0x0800c62c       0x7c CMakeFiles/DM_T_Code.elf.dir/Middlewares/ST/STM32_USB_Device_Library/Class/CDC/Src/usbd_cdc.c.obj
 .text.USBD_CDC_Setup
                0x0800c6a8      0x114 CMakeFiles/DM_T_Code.elf.dir/Middlewares/ST/STM32_USB_Device_Library/Class/CDC/Src/usbd_cdc.c.obj
 .text.USBD_CDC_DeInit
                0x0800c7bc       0x64 CMakeFiles/DM_T_Code.elf.dir/Middlewares/ST/STM32_USB_Device_Library/Class/CDC/Src/usbd_cdc.c.obj
 .text.USBD_CDC_Init
                0x0800c820       0xee CMakeFiles/DM_T_Code.elf.dir/Middlewares/ST/STM32_USB_Device_Library/Class/CDC/Src/usbd_cdc.c.obj
 .text.USBD_CDC_RegisterInterface
                0x0800c90e       0x16 CMakeFiles/DM_T_Code.elf.dir/Middlewares/ST/STM32_USB_Device_Library/Class/CDC/Src/usbd_cdc.c.obj
                0x0800c90e                USBD_CDC_RegisterInterface
 .text.USBD_CDC_SetTxBuffer
                0x0800c924       0x1c CMakeFiles/DM_T_Code.elf.dir/Middlewares/ST/STM32_USB_Device_Library/Class/CDC/Src/usbd_cdc.c.obj
                0x0800c924                USBD_CDC_SetTxBuffer
 .text.USBD_CDC_SetRxBuffer
                0x0800c940       0x18 CMakeFiles/DM_T_Code.elf.dir/Middlewares/ST/STM32_USB_Device_Library/Class/CDC/Src/usbd_cdc.c.obj
                0x0800c940                USBD_CDC_SetRxBuffer
 .text.USBD_CDC_ReceivePacket
                0x0800c958       0x38 CMakeFiles/DM_T_Code.elf.dir/Middlewares/ST/STM32_USB_Device_Library/Class/CDC/Src/usbd_cdc.c.obj
                0x0800c958                USBD_CDC_ReceivePacket
 .text.USBD_Init
                0x0800c990       0x2e CMakeFiles/DM_T_Code.elf.dir/Middlewares/ST/STM32_USB_Device_Library/Core/Src/usbd_core.c.obj
                0x0800c990                USBD_Init
 .text.USBD_RegisterClass
                0x0800c9be       0x40 CMakeFiles/DM_T_Code.elf.dir/Middlewares/ST/STM32_USB_Device_Library/Core/Src/usbd_core.c.obj
                0x0800c9be                USBD_RegisterClass
 .text.USBD_Start
                0x0800c9fe        0x8 CMakeFiles/DM_T_Code.elf.dir/Middlewares/ST/STM32_USB_Device_Library/Core/Src/usbd_core.c.obj
                0x0800c9fe                USBD_Start
 .text.USBD_SetClassConfig
                0x0800ca06       0x12 CMakeFiles/DM_T_Code.elf.dir/Middlewares/ST/STM32_USB_Device_Library/Core/Src/usbd_core.c.obj
                0x0800ca06                USBD_SetClassConfig
 .text.USBD_ClrClassConfig
                0x0800ca18       0x12 CMakeFiles/DM_T_Code.elf.dir/Middlewares/ST/STM32_USB_Device_Library/Core/Src/usbd_core.c.obj
                0x0800ca18                USBD_ClrClassConfig
 .text.USBD_LL_SetupStage
                0x0800ca2a       0x58 CMakeFiles/DM_T_Code.elf.dir/Middlewares/ST/STM32_USB_Device_Library/Core/Src/usbd_core.c.obj
                0x0800ca2a                USBD_LL_SetupStage
 .text.USBD_LL_Reset
                0x0800ca82       0x64 CMakeFiles/DM_T_Code.elf.dir/Middlewares/ST/STM32_USB_Device_Library/Core/Src/usbd_core.c.obj
                0x0800ca82                USBD_LL_Reset
 .text.USBD_LL_SetSpeed
                0x0800cae6        0x6 CMakeFiles/DM_T_Code.elf.dir/Middlewares/ST/STM32_USB_Device_Library/Core/Src/usbd_core.c.obj
                0x0800cae6                USBD_LL_SetSpeed
 .text.USBD_LL_Suspend
                0x0800caec       0x1c CMakeFiles/DM_T_Code.elf.dir/Middlewares/ST/STM32_USB_Device_Library/Core/Src/usbd_core.c.obj
                0x0800caec                USBD_LL_Suspend
 .text.USBD_LL_Resume
                0x0800cb08       0x18 CMakeFiles/DM_T_Code.elf.dir/Middlewares/ST/STM32_USB_Device_Library/Core/Src/usbd_core.c.obj
                0x0800cb08                USBD_LL_Resume
 .text.USBD_LL_SOF
                0x0800cb20       0x20 CMakeFiles/DM_T_Code.elf.dir/Middlewares/ST/STM32_USB_Device_Library/Core/Src/usbd_core.c.obj
                0x0800cb20                USBD_LL_SOF
 .text.USBD_LL_IsoINIncomplete
                0x0800cb40       0x2c CMakeFiles/DM_T_Code.elf.dir/Middlewares/ST/STM32_USB_Device_Library/Core/Src/usbd_core.c.obj
                0x0800cb40                USBD_LL_IsoINIncomplete
 .text.USBD_LL_IsoOUTIncomplete
                0x0800cb6c       0x2c CMakeFiles/DM_T_Code.elf.dir/Middlewares/ST/STM32_USB_Device_Library/Core/Src/usbd_core.c.obj
                0x0800cb6c                USBD_LL_IsoOUTIncomplete
 .text.USBD_LL_DevConnected
                0x0800cb98        0x4 CMakeFiles/DM_T_Code.elf.dir/Middlewares/ST/STM32_USB_Device_Library/Core/Src/usbd_core.c.obj
                0x0800cb98                USBD_LL_DevConnected
 .text.USBD_LL_DevDisconnected
                0x0800cb9c       0x20 CMakeFiles/DM_T_Code.elf.dir/Middlewares/ST/STM32_USB_Device_Library/Core/Src/usbd_core.c.obj
                0x0800cb9c                USBD_LL_DevDisconnected
 .text.USBD_CoreFindIF
                0x0800cbbc        0x4 CMakeFiles/DM_T_Code.elf.dir/Middlewares/ST/STM32_USB_Device_Library/Core/Src/usbd_core.c.obj
                0x0800cbbc                USBD_CoreFindIF
 .text.USBD_CoreFindEP
                0x0800cbc0        0x4 CMakeFiles/DM_T_Code.elf.dir/Middlewares/ST/STM32_USB_Device_Library/Core/Src/usbd_core.c.obj
                0x0800cbc0                USBD_CoreFindEP
 .text.USBD_LL_DataOutStage
                0x0800cbc4       0xc0 CMakeFiles/DM_T_Code.elf.dir/Middlewares/ST/STM32_USB_Device_Library/Core/Src/usbd_core.c.obj
                0x0800cbc4                USBD_LL_DataOutStage
 .text.USBD_LL_DataInStage
                0x0800cc84       0xd2 CMakeFiles/DM_T_Code.elf.dir/Middlewares/ST/STM32_USB_Device_Library/Core/Src/usbd_core.c.obj
                0x0800cc84                USBD_LL_DataInStage
 .text.USBD_GetNextDesc
                0x0800cd56        0xe CMakeFiles/DM_T_Code.elf.dir/Middlewares/ST/STM32_USB_Device_Library/Core/Src/usbd_core.c.obj
                0x0800cd56                USBD_GetNextDesc
 .text.USBD_GetEpDesc
                0x0800cd64       0x3e CMakeFiles/DM_T_Code.elf.dir/Middlewares/ST/STM32_USB_Device_Library/Core/Src/usbd_core.c.obj
                0x0800cd64                USBD_GetEpDesc
 .text.USBD_GetLen
                0x0800cda2       0x14 CMakeFiles/DM_T_Code.elf.dir/Middlewares/ST/STM32_USB_Device_Library/Core/Src/usbd_ctlreq.c.obj
 .text.USBD_ParseSetupRequest
                0x0800cdb6       0x28 CMakeFiles/DM_T_Code.elf.dir/Middlewares/ST/STM32_USB_Device_Library/Core/Src/usbd_ctlreq.c.obj
                0x0800cdb6                USBD_ParseSetupRequest
 .text.USBD_CtlError
                0x0800cdde       0x14 CMakeFiles/DM_T_Code.elf.dir/Middlewares/ST/STM32_USB_Device_Library/Core/Src/usbd_ctlreq.c.obj
                0x0800cdde                USBD_CtlError
 .text.USBD_GetDescriptor
                0x0800cdf2      0x1ac CMakeFiles/DM_T_Code.elf.dir/Middlewares/ST/STM32_USB_Device_Library/Core/Src/usbd_ctlreq.c.obj
 .text.USBD_SetAddress
                0x0800cf9e       0x4e CMakeFiles/DM_T_Code.elf.dir/Middlewares/ST/STM32_USB_Device_Library/Core/Src/usbd_ctlreq.c.obj
 .text.USBD_SetConfig
                0x0800cfec       0xcc CMakeFiles/DM_T_Code.elf.dir/Middlewares/ST/STM32_USB_Device_Library/Core/Src/usbd_ctlreq.c.obj
 .text.USBD_GetConfig
                0x0800d0b8       0x40 CMakeFiles/DM_T_Code.elf.dir/Middlewares/ST/STM32_USB_Device_Library/Core/Src/usbd_ctlreq.c.obj
 .text.USBD_GetStatus
                0x0800d0f8       0x38 CMakeFiles/DM_T_Code.elf.dir/Middlewares/ST/STM32_USB_Device_Library/Core/Src/usbd_ctlreq.c.obj
 .text.USBD_SetFeature
                0x0800d130       0x2a CMakeFiles/DM_T_Code.elf.dir/Middlewares/ST/STM32_USB_Device_Library/Core/Src/usbd_ctlreq.c.obj
 .text.USBD_ClrFeature
                0x0800d15a       0x26 CMakeFiles/DM_T_Code.elf.dir/Middlewares/ST/STM32_USB_Device_Library/Core/Src/usbd_ctlreq.c.obj
 .text.USBD_StdDevReq
                0x0800d180       0x76 CMakeFiles/DM_T_Code.elf.dir/Middlewares/ST/STM32_USB_Device_Library/Core/Src/usbd_ctlreq.c.obj
                0x0800d180                USBD_StdDevReq
 .text.USBD_StdItfReq
                0x0800d1f6       0x84 CMakeFiles/DM_T_Code.elf.dir/Middlewares/ST/STM32_USB_Device_Library/Core/Src/usbd_ctlreq.c.obj
                0x0800d1f6                USBD_StdItfReq
 .text.USBD_StdEPReq
                0x0800d27a      0x23a CMakeFiles/DM_T_Code.elf.dir/Middlewares/ST/STM32_USB_Device_Library/Core/Src/usbd_ctlreq.c.obj
                0x0800d27a                USBD_StdEPReq
 .text.USBD_GetString
                0x0800d4b4       0x46 CMakeFiles/DM_T_Code.elf.dir/Middlewares/ST/STM32_USB_Device_Library/Core/Src/usbd_ctlreq.c.obj
                0x0800d4b4                USBD_GetString
 .text.USBD_CtlSendData
                0x0800d4fa       0x1a CMakeFiles/DM_T_Code.elf.dir/Middlewares/ST/STM32_USB_Device_Library/Core/Src/usbd_ioreq.c.obj
                0x0800d4fa                USBD_CtlSendData
 .text.USBD_CtlContinueSendData
                0x0800d514       0x10 CMakeFiles/DM_T_Code.elf.dir/Middlewares/ST/STM32_USB_Device_Library/Core/Src/usbd_ioreq.c.obj
                0x0800d514                USBD_CtlContinueSendData
 .text.USBD_CtlPrepareRx
                0x0800d524       0x1e CMakeFiles/DM_T_Code.elf.dir/Middlewares/ST/STM32_USB_Device_Library/Core/Src/usbd_ioreq.c.obj
                0x0800d524                USBD_CtlPrepareRx
 .text.USBD_CtlContinueRx
                0x0800d542       0x10 CMakeFiles/DM_T_Code.elf.dir/Middlewares/ST/STM32_USB_Device_Library/Core/Src/usbd_ioreq.c.obj
                0x0800d542                USBD_CtlContinueRx
 .text.USBD_CtlSendStatus
                0x0800d552       0x16 CMakeFiles/DM_T_Code.elf.dir/Middlewares/ST/STM32_USB_Device_Library/Core/Src/usbd_ioreq.c.obj
                0x0800d552                USBD_CtlSendStatus
 .text.USBD_CtlReceiveStatus
                0x0800d568       0x16 CMakeFiles/DM_T_Code.elf.dir/Middlewares/ST/STM32_USB_Device_Library/Core/Src/usbd_ioreq.c.obj
                0x0800d568                USBD_CtlReceiveStatus
 .text.SysTick_Handler
                0x0800d57e       0x18 CMakeFiles/DM_T_Code.elf.dir/Middlewares/Third_Party/FreeRTOS/Source/CMSIS_RTOS_V2/cmsis_os2.c.obj
                0x0800d57e                SysTick_Handler
 *fill*         0x0800d596        0x2 
 .text.osKernelInitialize
                0x0800d598       0x24 CMakeFiles/DM_T_Code.elf.dir/Middlewares/Third_Party/FreeRTOS/Source/CMSIS_RTOS_V2/cmsis_os2.c.obj
                0x0800d598                osKernelInitialize
 .text.osKernelStart
                0x0800d5bc       0x38 CMakeFiles/DM_T_Code.elf.dir/Middlewares/Third_Party/FreeRTOS/Source/CMSIS_RTOS_V2/cmsis_os2.c.obj
                0x0800d5bc                osKernelStart
 .text.osKernelGetTickCount
                0x0800d5f4       0x14 CMakeFiles/DM_T_Code.elf.dir/Middlewares/Third_Party/FreeRTOS/Source/CMSIS_RTOS_V2/cmsis_os2.c.obj
                0x0800d5f4                osKernelGetTickCount
 .text.osThreadNew
                0x0800d608       0xb6 CMakeFiles/DM_T_Code.elf.dir/Middlewares/Third_Party/FreeRTOS/Source/CMSIS_RTOS_V2/cmsis_os2.c.obj
                0x0800d608                osThreadNew
 .text.osDelay  0x0800d6be       0x1c CMakeFiles/DM_T_Code.elf.dir/Middlewares/Third_Party/FreeRTOS/Source/CMSIS_RTOS_V2/cmsis_os2.c.obj
                0x0800d6be                osDelay
 .text.osSemaphoreNew
                0x0800d6da       0xb8 CMakeFiles/DM_T_Code.elf.dir/Middlewares/Third_Party/FreeRTOS/Source/CMSIS_RTOS_V2/cmsis_os2.c.obj
                0x0800d6da                osSemaphoreNew
 .text.osSemaphoreAcquire
                0x0800d792       0x68 CMakeFiles/DM_T_Code.elf.dir/Middlewares/Third_Party/FreeRTOS/Source/CMSIS_RTOS_V2/cmsis_os2.c.obj
                0x0800d792                osSemaphoreAcquire
 .text.osSemaphoreRelease
                0x0800d7fa       0x5e CMakeFiles/DM_T_Code.elf.dir/Middlewares/Third_Party/FreeRTOS/Source/CMSIS_RTOS_V2/cmsis_os2.c.obj
                0x0800d7fa                osSemaphoreRelease
 .text.vApplicationGetIdleTaskMemory
                0x0800d858       0x18 CMakeFiles/DM_T_Code.elf.dir/Middlewares/Third_Party/FreeRTOS/Source/CMSIS_RTOS_V2/cmsis_os2.c.obj
                0x0800d858                vApplicationGetIdleTaskMemory
 .text.vApplicationGetTimerTaskMemory
                0x0800d870       0x18 CMakeFiles/DM_T_Code.elf.dir/Middlewares/Third_Party/FreeRTOS/Source/CMSIS_RTOS_V2/cmsis_os2.c.obj
                0x0800d870                vApplicationGetTimerTaskMemory
 .text.vListInitialise
                0x0800d888       0x16 CMakeFiles/DM_T_Code.elf.dir/Middlewares/Third_Party/FreeRTOS/Source/list.c.obj
                0x0800d888                vListInitialise
 .text.vListInitialiseItem
                0x0800d89e        0x6 CMakeFiles/DM_T_Code.elf.dir/Middlewares/Third_Party/FreeRTOS/Source/list.c.obj
                0x0800d89e                vListInitialiseItem
 .text.vListInsertEnd
                0x0800d8a4       0x16 CMakeFiles/DM_T_Code.elf.dir/Middlewares/Third_Party/FreeRTOS/Source/list.c.obj
                0x0800d8a4                vListInsertEnd
 .text.vListInsert
                0x0800d8ba       0x32 CMakeFiles/DM_T_Code.elf.dir/Middlewares/Third_Party/FreeRTOS/Source/list.c.obj
                0x0800d8ba                vListInsert
 .text.uxListRemove
                0x0800d8ec       0x26 CMakeFiles/DM_T_Code.elf.dir/Middlewares/Third_Party/FreeRTOS/Source/list.c.obj
                0x0800d8ec                uxListRemove
 *fill*         0x0800d912        0x2 
 .text.prvTaskExitError
                0x0800d914       0x40 CMakeFiles/DM_T_Code.elf.dir/Middlewares/Third_Party/FreeRTOS/Source/portable/GCC/ARM_CM4F/port.c.obj
 .text.prvPortStartFirstTask