Archive member included to satisfy reference by file (symbol)

D:/Arm_GUN_Toolchain/14.2 rel1/bin/../lib/gcc/arm-none-eabi/14.2.1/thumb/v7e-m+fp/hard\libgcc.a(_arm_muldf3.o)
                              CMakeFiles/DM_T_Code.elf.dir/MathFunction_User/diff.c.obj (__aeabi_dmul)
D:/Arm_GUN_Toolchain/14.2 rel1/bin/../lib/gcc/arm-none-eabi/14.2.1/thumb/v7e-m+fp/hard\libgcc.a(_arm_addsubdf3.o)
                              CMakeFiles/DM_T_Code.elf.dir/MathFunction_User/diff.c.obj (__aeabi_dsub)
D:/Arm_GUN_Toolchain/14.2 rel1/bin/../lib/gcc/arm-none-eabi/14.2.1/thumb/v7e-m+fp/hard\libgcc.a(_arm_muldivdf3.o)
                              CMakeFiles/DM_T_Code.elf.dir/Driver_User/driver_dm_motor.c.obj (__aeabi_ddiv)
D:/Arm_GUN_Toolchain/14.2 rel1/bin/../lib/gcc/arm-none-eabi/14.2.1/thumb/v7e-m+fp/hard\libgcc.a(_arm_truncdfsf2.o)
                              CMakeFiles/DM_T_Code.elf.dir/Driver_User/driver_dm_motor.c.obj (__aeabi_d2f)
D:/Arm_GUN_Toolchain/14.2 rel1/bin/../lib/gcc/arm-none-eabi/14.2.1/thumb/v7e-m+fp/hard\libgcc.a(_aeabi_uldivmod.o)
                              CMakeFiles/DM_T_Code.elf.dir/Drivers/STM32H7xx_HAL_Driver/Src/stm32h7xx_hal_uart.c.obj (__aeabi_uldivmod)
D:/Arm_GUN_Toolchain/14.2 rel1/bin/../lib/gcc/arm-none-eabi/14.2.1/thumb/v7e-m+fp/hard\libgcc.a(_udivmoddi4.o)
                              D:/Arm_GUN_Toolchain/14.2 rel1/bin/../lib/gcc/arm-none-eabi/14.2.1/thumb/v7e-m+fp/hard\libgcc.a(_aeabi_uldivmod.o) (__udivmoddi4)
D:/Arm_GUN_Toolchain/14.2 rel1/bin/../lib/gcc/arm-none-eabi/14.2.1/thumb/v7e-m+fp/hard\libgcc.a(_dvmd_tls.o)
                              D:/Arm_GUN_Toolchain/14.2 rel1/bin/../lib/gcc/arm-none-eabi/14.2.1/thumb/v7e-m+fp/hard\libgcc.a(_aeabi_uldivmod.o) (__aeabi_ldiv0)
D:/Arm_GUN_Toolchain/14.2 rel1/bin/../lib/gcc/arm-none-eabi/14.2.1/thumb/v7e-m+fp/hard\libg.a(libc_a-exit.o)
                              D:/Arm_GUN_Toolchain/14.2 rel1/bin/../lib/gcc/arm-none-eabi/14.2.1/thumb/v7e-m+fp/hard/crt0.o (exit)
D:/Arm_GUN_Toolchain/14.2 rel1/bin/../lib/gcc/arm-none-eabi/14.2.1/thumb/v7e-m+fp/hard\libg.a(libc_a-findfp.o)
                              CMakeFiles/DM_T_Code.elf.dir/Middlewares/Third_Party/FreeRTOS/Source/tasks.c.obj (__sf)
D:/Arm_GUN_Toolchain/14.2 rel1/bin/../lib/gcc/arm-none-eabi/14.2.1/thumb/v7e-m+fp/hard\libg.a(libc_a-fwalk.o)
                              D:/Arm_GUN_Toolchain/14.2 rel1/bin/../lib/gcc/arm-none-eabi/14.2.1/thumb/v7e-m+fp/hard\libg.a(libc_a-findfp.o) (_fwalk_sglue)
D:/Arm_GUN_Toolchain/14.2 rel1/bin/../lib/gcc/arm-none-eabi/14.2.1/thumb/v7e-m+fp/hard\libg.a(libc_a-stdio.o)
                              D:/Arm_GUN_Toolchain/14.2 rel1/bin/../lib/gcc/arm-none-eabi/14.2.1/thumb/v7e-m+fp/hard\libg.a(libc_a-findfp.o) (__sread)
D:/Arm_GUN_Toolchain/14.2 rel1/bin/../lib/gcc/arm-none-eabi/14.2.1/thumb/v7e-m+fp/hard\libg.a(libc_a-memset.o)
                              D:/Arm_GUN_Toolchain/14.2 rel1/bin/../lib/gcc/arm-none-eabi/14.2.1/thumb/v7e-m+fp/hard/crt0.o (memset)
D:/Arm_GUN_Toolchain/14.2 rel1/bin/../lib/gcc/arm-none-eabi/14.2.1/thumb/v7e-m+fp/hard\libg.a(libc_a-closer.o)
                              D:/Arm_GUN_Toolchain/14.2 rel1/bin/../lib/gcc/arm-none-eabi/14.2.1/thumb/v7e-m+fp/hard\libg.a(libc_a-stdio.o) (_close_r)
D:/Arm_GUN_Toolchain/14.2 rel1/bin/../lib/gcc/arm-none-eabi/14.2.1/thumb/v7e-m+fp/hard\libg.a(libc_a-reent.o)
                              CMakeFiles/DM_T_Code.elf.dir/Middlewares/Third_Party/FreeRTOS/Source/tasks.c.obj (_reclaim_reent)
D:/Arm_GUN_Toolchain/14.2 rel1/bin/../lib/gcc/arm-none-eabi/14.2.1/thumb/v7e-m+fp/hard\libg.a(libc_a-impure.o)
                              CMakeFiles/DM_T_Code.elf.dir/Middlewares/Third_Party/FreeRTOS/Source/tasks.c.obj (_impure_ptr)
D:/Arm_GUN_Toolchain/14.2 rel1/bin/../lib/gcc/arm-none-eabi/14.2.1/thumb/v7e-m+fp/hard\libg.a(libc_a-lseekr.o)
                              D:/Arm_GUN_Toolchain/14.2 rel1/bin/../lib/gcc/arm-none-eabi/14.2.1/thumb/v7e-m+fp/hard\libg.a(libc_a-stdio.o) (_lseek_r)
D:/Arm_GUN_Toolchain/14.2 rel1/bin/../lib/gcc/arm-none-eabi/14.2.1/thumb/v7e-m+fp/hard\libg.a(libc_a-readr.o)
                              D:/Arm_GUN_Toolchain/14.2 rel1/bin/../lib/gcc/arm-none-eabi/14.2.1/thumb/v7e-m+fp/hard\libg.a(libc_a-stdio.o) (_read_r)
D:/Arm_GUN_Toolchain/14.2 rel1/bin/../lib/gcc/arm-none-eabi/14.2.1/thumb/v7e-m+fp/hard\libg.a(libc_a-writer.o)
                              D:/Arm_GUN_Toolchain/14.2 rel1/bin/../lib/gcc/arm-none-eabi/14.2.1/thumb/v7e-m+fp/hard\libg.a(libc_a-stdio.o) (_write_r)
D:/Arm_GUN_Toolchain/14.2 rel1/bin/../lib/gcc/arm-none-eabi/14.2.1/thumb/v7e-m+fp/hard\libg.a(libc_a-errno.o)
                              CMakeFiles/DM_T_Code.elf.dir/Core/Src/syscalls.c.obj (__errno)
D:/Arm_GUN_Toolchain/14.2 rel1/bin/../lib/gcc/arm-none-eabi/14.2.1/thumb/v7e-m+fp/hard\libg.a(libc_a-init.o)
                              D:/Arm_GUN_Toolchain/14.2 rel1/bin/../lib/gcc/arm-none-eabi/14.2.1/thumb/v7e-m+fp/hard/crt0.o (__libc_init_array)
[...]
Memory Configuration

Name             Origin             Length             Attributes
ITCMRAM          0x00000000         0x00010000         xrw
DTCMRAM          0x20000000         0x00020000         xrw
FLASH            0x08000000         0x00100000         xr
RAM_D1           0x24000000         0x00050000         xrw
RAM_D2           0x30000000         0x00008000         xrw
RAM_D3           0x38000000         0x00004000         xrw
*default*        0x00000000         0xffffffff

Linker script and memory map

LOAD D:/Arm_GUN_Toolchain/14.2 rel1/bin/../lib/gcc/arm-none-eabi/14.2.1/thumb/v7e-m+fp/hard/crti.o
LOAD D:/Arm_GUN_Toolchain/14.2 rel1/bin/../lib/gcc/arm-none-eabi/14.2.1/thumb/v7e-m+fp/hard/crtbegin.o
LOAD D:/Arm_GUN_Toolchain/14.2 rel1/bin/../lib/gcc/arm-none-eabi/14.2.1/thumb/v7e-m+fp/hard/crt0.o
LOAD CMakeFiles/DM_T_Code.elf.dir/App_User/app_tsda_servo.c.obj
LOAD CMakeFiles/DM_T_Code.elf.dir/Bsp_User/bsp_fdcan.c.obj
LOAD CMakeFiles/DM_T_Code.elf.dir/Bsp_User/bsp_pwm.c.obj
LOAD CMakeFiles/DM_T_Code.elf.dir/Bsp_User/bsp_spi.c.obj
LOAD CMakeFiles/DM_T_Code.elf.dir/Bsp_User/bsp_usart.c.obj
LOAD CMakeFiles/DM_T_Code.elf.dir/Core/Src/dma.c.obj
LOAD CMakeFiles/DM_T_Code.elf.dir/Core/Src/fdcan.c.obj
LOAD CMakeFiles/DM_T_Code.elf.dir/Core/Src/freertos.c.obj
LOAD CMakeFiles/DM_T_Code.elf.dir/Core/Src/gpio.c.obj
LOAD CMakeFiles/DM_T_Code.elf.dir/Core/Src/main.c.obj
LOAD CMakeFiles/DM_T_Code.elf.dir/Core/Src/memorymap.c.obj
LOAD CMakeFiles/DM_T_Code.elf.dir/Core/Src/spi.c.obj
LOAD CMakeFiles/DM_T_Code.elf.dir/Core/Src/stm32h7xx_hal_msp.c.obj
LOAD CMakeFiles/DM_T_Code.elf.dir/Core/Src/stm32h7xx_hal_timebase_tim.c.obj
LOAD CMakeFiles/DM_T_Code.elf.dir/Core/Src/stm32h7xx_it.c.obj
LOAD CMakeFiles/DM_T_Code.elf.dir/Core/Src/syscalls.c.obj
LOAD CMakeFiles/DM_T_Code.elf.dir/Core/Src/sysmem.c.obj
LOAD CMakeFiles/DM_T_Code.elf.dir/Core/Src/system_stm32h7xx.c.obj
LOAD CMakeFiles/DM_T_Code.elf.dir/Core/Src/tim.c.obj
LOAD CMakeFiles/DM_T_Code.elf.dir/Core/Src/usart.c.obj
LOAD CMakeFiles/DM_T_Code.elf.dir/Core/Startup/startup_stm32h723vgtx.s.obj
LOAD CMakeFiles/DM_T_Code.elf.dir/Driver_User/driver_dm_motor.c.obj
LOAD CMakeFiles/DM_T_Code.elf.dir/Driver_User/driver_led.c.obj
LOAD CMakeFiles/DM_T_Code.elf.dir/Driver_User/driver_los.c.obj
LOAD CMakeFiles/DM_T_Code.elf.dir/Driver_User/driver_motor.c.obj
LOAD CMakeFiles/DM_T_Code.elf.dir/Driver_User/driver_power.c.obj
LOAD CMakeFiles/DM_T_Code.elf.dir/Driver_User/driver_remote.c.obj
LOAD CMakeFiles/DM_T_Code.elf.dir/Driver_User/driver_rs_motor.c.obj
LOAD CMakeFiles/DM_T_Code.elf.dir/Driver_User/driver_tsda_servo.c.obj
LOAD CMakeFiles/DM_T_Code.elf.dir/Drivers/STM32H7xx_HAL_Driver/Src/stm32h7xx_hal.c.obj
LOAD CMakeFiles/DM_T_Code.elf.dir/Drivers/STM32H7xx_HAL_Driver/Src/stm32h7xx_hal_cortex.c.obj
LOAD CMakeFiles/DM_T_Code.elf.dir/Drivers/STM32H7xx_HAL_Driver/Src/stm32h7xx_hal_dma.c.obj
LOAD CMakeFiles/DM_T_Code.elf.dir/Drivers/STM32H7xx_HAL_Driver/Src/stm32h7xx_hal_dma_ex.c.obj
LOAD CMakeFiles/DM_T_Code.elf.dir/Drivers/STM32H7xx_HAL_Driver/Src/stm32h7xx_hal_exti.c.obj
LOAD CMakeFiles/DM_T_Code.elf.dir/Drivers/STM32H7xx_HAL_Driver/Src/stm32h7xx_hal_fdcan.c.obj
LOAD CMakeFiles/DM_T_Code.elf.dir/Drivers/STM32H7xx_HAL_Driver/Src/stm32h7xx_hal_flash.c.obj
LOAD CMakeFiles/DM_T_Code.elf.dir/Drivers/STM32H7xx_HAL_Driver/Src/stm32h7xx_hal_flash_ex.c.obj
LOAD CMakeFiles/DM_T_Code.elf.dir/Drivers/STM32H7xx_HAL_Driver/Src/stm32h7xx_hal_gpio.c.obj
LOAD CMakeFiles/DM_T_Code.elf.dir/Drivers/STM32H7xx_HAL_Driver/Src/stm32h7xx_hal_hsem.c.obj
LOAD CMakeFiles/DM_T_Code.elf.dir/Drivers/STM32H7xx_HAL_Driver/Src/stm32h7xx_hal_i2c.c.obj
LOAD CMakeFiles/DM_T_Code.elf.dir/Drivers/STM32H7xx_HAL_Driver/Src/stm32h7xx_hal_i2c_ex.c.obj
LOAD CMakeFiles/DM_T_Code.elf.dir/Drivers/STM32H7xx_HAL_Driver/Src/stm32h7xx_hal_mdma.c.obj
LOAD CMakeFiles/DM_T_Code.elf.dir/Drivers/STM32H7xx_HAL_Driver/Src/stm32h7xx_hal_pcd.c.obj
LOAD CMakeFiles/DM_T_Code.elf.dir/Drivers/STM32H7xx_HAL_Driver/Src/stm32h7xx_hal_pcd_ex.c.obj
LOAD CMakeFiles/DM_T_Code.elf.dir/Drivers/STM32H7xx_HAL_Driver/Src/stm32h7xx_hal_pwr.c.obj
LOAD CMakeFiles/DM_T_Code.elf.dir/Drivers/STM32H7xx_HAL_Driver/Src/stm32h7xx_hal_pwr_ex.c.obj
LOAD CMakeFiles/DM_T_Code.elf.dir/Drivers/STM32H7xx_HAL_Driver/Src/stm32h7xx_hal_rcc.c.obj
LOAD CMakeFiles/DM_T_Code.elf.dir/Drivers/STM32H7xx_HAL_Driver/Src/stm32h7xx_hal_rcc_ex.c.obj
LOAD CMakeFiles/DM_T_Code.elf.dir/Drivers/STM32H7xx_HAL_Driver/Src/stm32h7xx_hal_spi.c.obj
LOAD CMakeFiles/DM_T_Code.elf.dir/Drivers/STM32H7xx_HAL_Driver/Src/stm32h7xx_hal_spi_ex.c.obj
LOAD CMakeFiles/DM_T_Code.elf.dir/Drivers/STM32H7xx_HAL_Driver/Src/stm32h7xx_hal_tim.c.obj
LOAD CMakeFiles/DM_T_Code.elf.dir/Drivers/STM32H7xx_HAL_Driver/Src/stm32h7xx_hal_tim_ex.c.obj
LOAD CMakeFiles/DM_T_Code.elf.dir/Drivers/STM32H7xx_HAL_Driver/Src/stm32h7xx_hal_uart.c.obj
LOAD CMakeFiles/DM_T_Code.elf.dir/Drivers/STM32H7xx_HAL_Driver/Src/stm32h7xx_hal_uart_ex.c.obj
LOAD CMakeFiles/DM_T_Code.elf.dir/Drivers/STM32H7xx_HAL_Driver/Src/stm32h7xx_ll_usb.c.obj
LOAD CMakeFiles/DM_T_Code.elf.dir/MathFunction_User/convert.c.obj
LOAD CMakeFiles/DM_T_Code.elf.dir/MathFunction_User/crc.c.obj
LOAD CMakeFiles/DM_T_Code.elf.dir/MathFunction_User/diff.c.obj
LOAD CMakeFiles/DM_T_Code.elf.dir/MathFunction_User/pid.c.obj
LOAD CMakeFiles/DM_T_Code.elf.dir/MathFunction_User/position_velocity_planner.c.obj
LOAD CMakeFiles/DM_T_Code.elf.dir/Middlewares/ST/STM32_USB_Device_Library/Class/CDC/Src/usbd_cdc.c.obj
LOAD CMakeFiles/DM_T_Code.elf.dir/Middlewares/ST/STM32_USB_Device_Library/Core/Src/usbd_core.c.obj
LOAD CMakeFiles/DM_T_Code.elf.dir/Middlewares/ST/STM32_USB_Device_Library/Core/Src/usbd_ctlreq.c.obj
LOAD CMakeFiles/DM_T_Code.elf.dir/Middlewares/ST/STM32_USB_Device_Library/Core/Src/usbd_ioreq.c.obj
LOAD CMakeFiles/DM_T_Code.elf.dir/Middlewares/Third_Party/FreeRTOS/Source/CMSIS_RTOS_V2/cmsis_os2.c.obj
LOAD CMakeFiles/DM_T_Code.elf.dir/Middlewares/Third_Party/FreeRTOS/Source/croutine.c.obj
LOAD CMakeFiles/DM_T_Code.elf.dir/Middlewares/Third_Party/FreeRTOS/Source/event_groups.c.obj
LOAD CMakeFiles/DM_T_Code.elf.dir/Middlewares/Third_Party/FreeRTOS/Source/list.c.obj
LOAD CMakeFiles/DM_T_Code.elf.dir/Middlewares/Third_Party/FreeRTOS/Source/portable/GCC/ARM_CM4F/port.c.obj
LOAD CMakeFiles/DM_T_Code.elf.dir/Middlewares/Third_Party/FreeRTOS/Source/portable/MemMang/heap_4.c.obj
LOAD CMakeFiles/DM_T_Code.elf.dir/Middlewares/Third_Party/FreeRTOS/Source/queue.c.obj
LOAD CMakeFiles/DM_T_Code.elf.dir/Middlewares/Third_Party/FreeRTOS/Source/stream_buffer.c.obj
LOAD CMakeFiles/DM_T_Code.elf.dir/Middlewares/Third_Party/FreeRTOS/Source/tasks.c.obj
LOAD CMakeFiles/DM_T_Code.elf.dir/Middlewares/Third_Party/FreeRTOS/Source/timers.c.obj
LOAD CMakeFiles/DM_T_Code.elf.dir/Task_User/task_led.c.obj
LOAD CMakeFiles/DM_T_Code.elf.dir/Task_User/task_los.c.obj
LOAD CMakeFiles/DM_T_Code.elf.dir/Task_User/task_motor.c.obj
LOAD CMakeFiles/DM_T_Code.elf.dir/Task_User/task_remote.c.obj
LOAD CMakeFiles/DM_T_Code.elf.dir/USB_DEVICE/App/usb_device.c.obj
LOAD CMakeFiles/DM_T_Code.elf.dir/USB_DEVICE/App/usbd_cdc_if.c.obj
LOAD CMakeFiles/DM_T_Code.elf.dir/USB_DEVICE/App/usbd_desc.c.obj
LOAD CMakeFiles/DM_T_Code.elf.dir/USB_DEVICE/Target/usbd_conf.c.obj
START GROUP
LOAD D:/Arm_GUN_Toolchain/14.2 rel1/bin/../lib/gcc/arm-none-eabi/14.2.1/thumb/v7e-m+fp/hard\libgcc.a
LOAD D:/Arm_GUN_Toolchain/14.2 rel1/bin/../lib/gcc/arm-none-eabi/14.2.1/thumb/v7e-m+fp/hard\libg.a
LOAD D:/Arm_GUN_Toolchain/14.2 rel1/bin/../lib/gcc/arm-none-eabi/14.2.1/thumb/v7e-m+fp/hard\libc.a
END GROUP
LOAD D:/Arm_GUN_Toolchain/14.2 rel1/bin/../lib/gcc/arm-none-eabi/14.2.1/thumb/v7e-m+fp/hard/crtend.o
LOAD D:/Arm_GUN_Toolchain/14.2 rel1/bin/../lib/gcc/arm-none-eabi/14.2.1/thumb/v7e-m+fp/hard/crtn.o
                0x24050000                        _estack = (ORIGIN (RAM_D1) + LENGTH (RAM_D1))
                0x00000200                        _Min_Heap_Size = 0x200
                0x00000400                        _Min_Stack_Size = 0x400

.isr_vector     0x08000000      0x2cc
                0x08000000                        . = ALIGN (0x4)
 *(.isr_vector)
 .isr_vector    0x08000000      0x2cc CMakeFiles/DM_T_Code.elf.dir/Core/Startup/startup_stm32h723vgtx.s.obj
                0x08000000                g_pfnVectors
                0x080002cc                        . = ALIGN (0x4)

.text           0x080002d0    0x10e8c
                0x080002d0                        . = ALIGN (0x4)
 *(.text)
 .text          0x080002d0      0x378 D:/Arm_GUN_Toolchain/14.2 rel1/bin/../lib/gcc/arm-none-eabi/14.2.1/thumb/v7e-m+fp/hard\libgcc.a(_arm_addsubdf3.o)
                0x080002d0                __aeabi_drsub
                0x080002d8                __aeabi_dsub
                0x080002d8                __subdf3
                0x080002dc                __aeabi_dadd
                0x080002dc                __adddf3
                0x08000554                __floatunsidf
                0x08000554                __aeabi_ui2d
                0x08000574                __floatsidf
                0x08000574                __aeabi_i2d
                0x08000598                __aeabi_f2d
                0x08000598                __extendsfdf2
                0x080005dc                __floatundidf
                0x080005dc                __aeabi_ul2d
                0x080005ec                __floatdidf
                0x080005ec                __aeabi_l2d
 .text          0x08000648      0x424 D:/Arm_GUN_Toolchain/14.2 rel1/bin/../lib/gcc/arm-none-eabi/14.2.1/thumb/v7e-m+fp/hard\libgcc.a(_arm_muldivdf3.o)
                0x08000648                __aeabi_dmul
                0x08000648                __muldf3
                0x0800089c                __divdf3
                0x0800089c                __aeabi_ddiv
 .text          0x08000a6c       0xa0 D:/Arm_GUN_Toolchain/14.2 rel1/bin/../lib/gcc/arm-none-eabi/14.2.1/thumb/v7e-m+fp/hard\libgcc.a(_arm_truncdfsf2.o)
                0x08000a6c                __truncdfsf2
                0x08000a6c                __aeabi_d2f
 .text          0x08000b0c       0x30 D:/Arm_GUN_Toolchain/14.2 rel1/bin/../lib/gcc/arm-none-eabi/14.2.1/thumb/v7e-m+fp/hard\libgcc.a(_aeabi_uldivmod.o)
                0x08000b0c                __aeabi_uldivmod
 .text          0x08000b3c        0x4 D:/Arm_GUN_Toolchain/14.2 rel1/bin/../lib/gcc/arm-none-eabi/14.2.1/thumb/v7e-m+fp/hard\libgcc.a(_dvmd_tls.o)
                0x08000b3c                __aeabi_idiv0
                0x08000b3c                __aeabi_ldiv0
 .text          0x08000b40      0x134 D:/Arm_GUN_Toolchain/14.2 rel1/bin/../lib/gcc/arm-none-eabi/14.2.1/thumb/v7e-m+fp/hard\libg.a(libc_a-memcpy.o)
                0x08000b40                memcpy
 *(.text*)
 .text.deregister_tm_clones
                0x08000c74       0x1c D:/Arm_GUN_Toolchain/14.2 rel1/bin/../lib/gcc/arm-none-eabi/14.2.1/thumb/v7e-m+fp/hard/crtbegin.o
 .text.register_tm_clones
                0x08000c90       0x24 D:/Arm_GUN_Toolchain/14.2 rel1/bin/../lib/gcc/arm-none-eabi/14.2.1/thumb/v7e-m+fp/hard/crtbegin.o
 .text.__do_global_dtors_aux
                0x08000cb4       0x28 D:/Arm_GUN_Toolchain/14.2 rel1/bin/../lib/gcc/arm-none-eabi/14.2.1/thumb/v7e-m+fp/hard/crtbegin.o
 .text.frame_dummy
                0x08000cdc       0x24 D:/Arm_GUN_Toolchain/14.2 rel1/bin/../lib/gcc/arm-none-eabi/14.2.1/thumb/v7e-m+fp/hard/crtbegin.o
 .text.TSDA_AppSetState
                0x08000d00       0x54 CMakeFiles/DM_T_Code.elf.dir/App_User/app_tsda_servo.c.obj
 .text.TSDA_AppSetWait
                0x08000d54       0x2c CMakeFiles/DM_T_Code.elf.dir/App_User/app_tsda_servo.c.obj
 .text.TSDA_AppCommandIntervalElapsed
                0x08000d80       0x18 CMakeFiles/DM_T_Code.elf.dir/App_User/app_tsda_servo.c.obj
 .text.TSDA_AppCheckHomingProtection
                0x08000d98       0x6c CMakeFiles/DM_T_Code.elf.dir/App_User/app_tsda_servo.c.obj
 .text.TSDA_AppEnterError
                0x08000e04       0x50 CMakeFiles/DM_T_Code.elf.dir/App_User/app_tsda_servo.c.obj
 .text.TSDA_AppHandleWaitTimeout
                0x08000e54       0x3c CMakeFiles/DM_T_Code.elf.dir/App_User/app_tsda_servo.c.obj
 .text.TSDA_AppSendSucceeded
                0x08000e90       0x20 CMakeFiles/DM_T_Code.elf.dir/App_User/app_tsda_servo.c.obj
 .text.TSDA_AppRunUpperHoming
                0x08000eb0       0x70 CMakeFiles/DM_T_Code.elf.dir/App_User/app_tsda_servo.c.obj
 .text.TSDA_AppRunZeroSpeedTest
                0x08000f20       0x6c CMakeFiles/DM_T_Code.elf.dir/App_User/app_tsda_servo.c.obj
 .text.TSDA_AppProcessRxFrame
                0x08000f8c      0x2a4 CMakeFiles/DM_T_Code.elf.dir/App_User/app_tsda_servo.c.obj
 .text.TSDA_AppProcessRxQueue
                0x08001230       0x44 CMakeFiles/DM_T_Code.elf.dir/App_User/app_tsda_servo.c.obj
 .text.TSDA_AppInit
                0x08001274       0x58 CMakeFiles/DM_T_Code.elf.dir/App_User/app_tsda_servo.c.obj
                0x08001274                TSDA_AppInit
 .text.TSDA_AppUpdate
                0x080012cc      0x384 CMakeFiles/DM_T_Code.elf.dir/App_User/app_tsda_servo.c.obj
                0x080012cc                TSDA_AppUpdate
 .text.TSDA_AppOnCanRx
                0x08001650       0x64 CMakeFiles/DM_T_Code.elf.dir/App_User/app_tsda_servo.c.obj
                0x08001650                TSDA_AppOnCanRx
 .text.TSDA_AppIsError
                0x080016b4       0x14 CMakeFiles/DM_T_Code.elf.dir/App_User/app_tsda_servo.c.obj
                0x080016b4                TSDA_AppIsError
 .text.TSDA_AppIsServoEnabled
                0x080016c8        0xc CMakeFiles/DM_T_Code.elf.dir/App_User/app_tsda_servo.c.obj
                0x080016c8                TSDA_AppIsServoEnabled
 .text.FDCAN1_Filter_Config
                0x080016d4       0x58 CMakeFiles/DM_T_Code.elf.dir/Bsp_User/bsp_fdcan.c.obj
                0x080016d4                FDCAN1_Filter_Config
 .text.FDCAN2_Filter_Config
                0x0800172c       0x58 CMakeFiles/DM_T_Code.elf.dir/Bsp_User/bsp_fdcan.c.obj
                0x0800172c                FDCAN2_Filter_Config
 .text.FDCAN3_Filter_Config
                0x08001784       0x50 CMakeFiles/DM_T_Code.elf.dir/Bsp_User/bsp_fdcan.c.obj
                0x08001784                FDCAN3_Filter_Config
 .text.FDCAN1Config
                0x080017d4       0x20 CMakeFiles/DM_T_Code.elf.dir/Bsp_User/bsp_fdcan.c.obj
                0x080017d4                FDCAN1Config
 .text.FDCAN2Config
                0x080017f4       0x20 CMakeFiles/DM_T_Code.elf.dir/Bsp_User/bsp_fdcan.c.obj
                0x080017f4                FDCAN2Config
 .text.FDCAN3Config
                0x08001814       0x20 CMakeFiles/DM_T_Code.elf.dir/Bsp_User/bsp_fdcan.c.obj
                0x08001814                FDCAN3Config
 .text.FDCAN1_Send_Msg
                0x08001834       0x50 CMakeFiles/DM_T_Code.elf.dir/Bsp_User/bsp_fdcan.c.obj
                0x08001834                FDCAN1_Send_Msg
 .text.HAL_FDCAN_RxFifo0Callback
                0x08001884       0x2c CMakeFiles/DM_T_Code.elf.dir/Bsp_User/bsp_fdcan.c.obj
                0x08001884                HAL_FDCAN_RxFifo0Callback
 .text.HAL_FDCAN_RxFifo1Callback
                0x080018b0       0x14 CMakeFiles/DM_T_Code.elf.dir/Bsp_User/bsp_fdcan.c.obj
                0x080018b0                HAL_FDCAN_RxFifo1Callback
 .text.PWM_Init
                0x080018c4       0x10 CMakeFiles/DM_T_Code.elf.dir/Bsp_User/bsp_pwm.c.obj
                0x080018c4                PWM_Init
 .text.BeepSet  0x080018d4        0xc CMakeFiles/DM_T_Code.elf.dir/Bsp_User/bsp_pwm.c.obj
                0x080018d4                BeepSet
 .text.UART7ConfigEnable
                0x080018e0       0x98 CMakeFiles/DM_T_Code.elf.dir/Bsp_User/bsp_usart.c.obj
                0x080018e0                UART7ConfigEnable
 .text.HAL_UARTEx_RxEventCallback
                0x08001978       0x2c CMakeFiles/DM_T_Code.elf.dir/Bsp_User/bsp_usart.c.obj
                0x08001978                HAL_UARTEx_RxEventCallback
 .text.MX_DMA_Init
                0x080019a4       0x48 CMakeFiles/DM_T_Code.elf.dir/Core/Src/dma.c.obj
                0x080019a4                MX_DMA_Init
 .text.MX_FDCAN1_Init
                0x080019ec       0x64 CMakeFiles/DM_T_Code.elf.dir/Core/Src/fdcan.c.obj
                0x080019ec                MX_FDCAN1_Init
 .text.MX_FDCAN2_Init
                0x08001a50       0x68 CMakeFiles/DM_T_Code.elf.dir/Core/Src/fdcan.c.obj
                0x08001a50                MX_FDCAN2_Init
 .text.MX_FDCAN3_Init
                0x08001ab8       0x68 CMakeFiles/DM_T_Code.elf.dir/Core/Src/fdcan.c.obj
                0x08001ab8                MX_FDCAN3_Init
 .text.HAL_FDCAN_MspInit
                0x08001b20      0x228 CMakeFiles/DM_T_Code.elf.dir/Core/Src/fdcan.c.obj
                0x08001b20                HAL_FDCAN_MspInit
 .text.StartDefaultTask
                0x08001d48        0xe CMakeFiles/DM_T_Code.elf.dir/Core/Src/freertos.c.obj
                0x08001d48                StartDefaultTask
 *fill*         0x08001d56        0x2 
 .text.MX_FREERTOS_Init
                0x08001d58       0x9c CMakeFiles/DM_T_Code.elf.dir/Core/Src/freertos.c.obj
                0x08001d58                MX_FREERTOS_Init
 .text.MX_GPIO_Init
                0x08001df4      0x12c CMakeFiles/DM_T_Code.elf.dir/Core/Src/gpio.c.obj
                0x08001df4                MX_GPIO_Init
 .text.HAL_TIM_PeriodElapsedCallback
                0x08001f20       0x18 CMakeFiles/DM_T_Code.elf.dir/Core/Src/main.c.obj
                0x08001f20                HAL_TIM_PeriodElapsedCallback
 .text.Error_Handler
                0x08001f38        0x4 CMakeFiles/DM_T_Code.elf.dir/Core/Src/main.c.obj
                0x08001f38                Error_Handler
 .text.SystemClock_Config
                0x08001f3c       0xa8 CMakeFiles/DM_T_Code.elf.dir/Core/Src/main.c.obj
                0x08001f3c                SystemClock_Config
 .text.main     0x08001fe4       0x3c CMakeFiles/DM_T_Code.elf.dir/Core/Src/main.c.obj
                0x08001fe4                main
 .text.MX_SPI6_Init
                0x08002020       0x64 CMakeFiles/DM_T_Code.elf.dir/Core/Src/spi.c.obj
                0x08002020                MX_SPI6_Init
 .text.HAL_SPI_MspInit
                0x08002084      0x160 CMakeFiles/DM_T_Code.elf.dir/Core/Src/spi.c.obj
                0x08002084                HAL_SPI_MspInit
 .text.HAL_MspInit
                0x080021e4       0x34 CMakeFiles/DM_T_Code.elf.dir/Core/Src/stm32h7xx_hal_msp.c.obj
                0x080021e4                HAL_MspInit
 .text.HAL_InitTick
                0x08002218       0x9c CMakeFiles/DM_T_Code.elf.dir/Core/Src/stm32h7xx_hal_timebase_tim.c.obj
                0x08002218                HAL_InitTick
 .text.NMI_Handler
                0x080022b4        0x2 CMakeFiles/DM_T_Code.elf.dir/Core/Src/stm32h7xx_it.c.obj
                0x080022b4                NMI_Handler
 .text.HardFault_Handler
                0x080022b6        0x2 CMakeFiles/DM_T_Code.elf.dir/Core/Src/stm32h7xx_it.c.obj
                0x080022b6                HardFault_Handler
 .text.MemManage_Handler
                0x080022b8        0x2 CMakeFiles/DM_T_Code.elf.dir/Core/Src/stm32h7xx_it.c.obj
                0x080022b8                MemManage_Handler
 .text.BusFault_Handler
                0x080022ba        0x2 CMakeFiles/DM_T_Code.elf.dir/Core/Src/stm32h7xx_it.c.obj
                0x080022ba                BusFault_Handler
 .text.UsageFault_Handler
                0x080022bc        0x2 CMakeFiles/DM_T_Code.elf.dir/Core/Src/stm32h7xx_it.c.obj
                0x080022bc                UsageFault_Handler
 .text.DebugMon_Handler
                0x080022be        0x2 CMakeFiles/DM_T_Code.elf.dir/Core/Src/stm32h7xx_it.c.obj
                0x080022be                DebugMon_Handler
 .text.DMA1_Stream0_IRQHandler
                0x080022c0       0x10 CMakeFiles/DM_T_Code.elf.dir/Core/Src/stm32h7xx_it.c.obj
                0x080022c0                DMA1_Stream0_IRQHandler
 .text.DMA1_Stream1_IRQHandler
                0x080022d0       0x10 CMakeFiles/DM_T_Code.elf.dir/Core/Src/stm32h7xx_it.c.obj
                0x080022d0                DMA1_Stream1_IRQHandler
 .text.FDCAN1_IT0_IRQHandler
                0x080022e0       0x10 CMakeFiles/DM_T_Code.elf.dir/Core/Src/stm32h7xx_it.c.obj
                0x080022e0                FDCAN1_IT0_IRQHandler
 .text.FDCAN2_IT0_IRQHandler
                0x080022f0       0x10 CMakeFiles/DM_T_Code.elf.dir/Core/Src/stm32h7xx_it.c.obj
                0x080022f0                FDCAN2_IT0_IRQHandler
 .text.FDCAN1_IT1_IRQHandler
                0x08002300       0x10 CMakeFiles/DM_T_Code.elf.dir/Core/Src/stm32h7xx_it.c.obj
                0x08002300                FDCAN1_IT1_IRQHandler
 .text.FDCAN2_IT1_IRQHandler
                0x08002310       0x10 CMakeFiles/DM_T_Code.elf.dir/Core/Src/stm32h7xx_it.c.obj
                0x08002310                FDCAN2_IT1_IRQHandler
 .text.TIM8_TRG_COM_TIM14_IRQHandler
                0x08002320       0x10 CMakeFiles/DM_T_Code.elf.dir/Core/Src/stm32h7xx_it.c.obj
                0x08002320                TIM8_TRG_COM_TIM14_IRQHandler
 .text.UART5_IRQHandler
                0x08002330       0x10 CMakeFiles/DM_T_Code.elf.dir/Core/Src/stm32h7xx_it.c.obj
                0x08002330                UART5_IRQHandler
 .text.OTG_HS_IRQHandler
                0x08002340       0x10 CMakeFiles/DM_T_Code.elf.dir/Core/Src/stm32h7xx_it.c.obj
                0x08002340                OTG_HS_IRQHandler
 .text.UART7_IRQHandler
                0x08002350       0x10 CMakeFiles/DM_T_Code.elf.dir/Core/Src/stm32h7xx_it.c.obj
                0x08002350                UART7_IRQHandler
 .text.FDCAN3_IT0_IRQHandler
                0x08002360       0x10 CMakeFiles/DM_T_Code.elf.dir/Core/Src/stm32h7xx_it.c.obj
                0x08002360                FDCAN3_IT0_IRQHandler
 .text.FDCAN3_IT1_IRQHandler
                0x08002370       0x10 CMakeFiles/DM_T_Code.elf.dir/Core/Src/stm32h7xx_it.c.obj
                0x08002370                FDCAN3_IT1_IRQHandler
 .text._sbrk    0x08002380       0x48 CMakeFiles/DM_T_Code.elf.dir/Core/Src/sysmem.c.obj
                0x08002380                _sbrk
 .text.SystemInit
                0x080023c8       0xac CMakeFiles/DM_T_Code.elf.dir/Core/Src/system_stm32h7xx.c.obj
                0x080023c8                SystemInit
 .text.HAL_TIM_PWM_MspInit
                0x08002474       0x34 CMakeFiles/DM_T_Code.elf.dir/Core/Src/tim.c.obj
                0x08002474                HAL_TIM_PWM_MspInit
 .text.HAL_TIM_MspPostInit
                0x080024a8       0x5c CMakeFiles/DM_T_Code.elf.dir/Core/Src/tim.c.obj
                0x080024a8                HAL_TIM_MspPostInit
 .text.MX_TIM12_Init
                0x08002504       0x88 CMakeFiles/DM_T_Code.elf.dir/Core/Src/tim.c.obj
                0x08002504                MX_TIM12_Init
 .text.MX_UART5_Init
                0x0800258c       0x78 CMakeFiles/DM_T_Code.elf.dir/Core/Src/usart.c.obj
                0x0800258c                MX_UART5_Init
 .text.MX_UART7_Init
                0x08002604       0x6c CMakeFiles/DM_T_Code.elf.dir/Core/Src/usart.c.obj
                0x08002604                MX_UART7_Init
 .text.HAL_UART_MspInit
                0x08002670      0x1d8 CMakeFiles/DM_T_Code.elf.dir/Core/Src/usart.c.obj
                0x08002670                HAL_UART_MspInit
 .text.Reset_Handler
                0x08002848       0x50 CMakeFiles/DM_T_Code.elf.dir/Core/Startup/startup_stm32h723vgtx.s.obj
                0x08002848                Reset_Handler
 .text.Default_Handler
                0x08002898        0x2 CMakeFiles/DM_T_Code.elf.dir/Core/Startup/startup_stm32h723vgtx.s.obj
                0x08002898                RTC_Alarm_IRQHandler
                0x08002898                EXTI2_IRQHandler
                0x08002898                TIM8_CC_IRQHandler
                0x08002898                UART8_IRQHandler
                0x08002898                SPI4_IRQHandler
                0x08002898                TIM1_CC_IRQHandler
                0x08002898                BDMA_Channel6_IRQHandler
                0x08002898                DMA2_Stream5_IRQHandler
                0x08002898                DMA1_Stream5_IRQHandler
                0x08002898                CORDIC_IRQHandler
                0x08002898                BDMA_Channel1_IRQHandler
                0x08002898                TAMP_STAMP_IRQHandler
                0x08002898                EXTI3_IRQHandler
                0x08002898                LPTIM4_IRQHandler
                0x08002898                LPTIM2_IRQHandler
                0x08002898                DFSDM1_FLT1_IRQHandler
                0x08002898                DMAMUX2_OVR_IRQHandler
                0x08002898                TIM8_UP_TIM13_IRQHandler
                0x08002898                I2C3_ER_IRQHandler
                0x08002898                DFSDM1_FLT2_IRQHandler
                0x08002898                I2C5_EV_IRQHandler
                0x08002898                USART10_IRQHandler
                0x08002898                MDMA_IRQHandler
                0x08002898                LPTIM3_IRQHandler
                0x08002898                HSEM1_IRQHandler
                0x08002898                EXTI0_IRQHandler
                0x08002898                I2C2_EV_IRQHandler
                0x08002898                DMA1_Stream2_IRQHandler
                0x08002898                FPU_IRQHandler
                0x08002898                OTG_HS_WKUP_IRQHandler
                0x08002898                LTDC_ER_IRQHandler
                0x08002898                DMA2_Stream2_IRQHandler
                0x08002898                SPI1_IRQHandler
                0x08002898                OCTOSPI1_IRQHandler
                0x08002898                TIM6_DAC_IRQHandler
                0x08002898                DMA2_Stream3_IRQHandler
                0x08002898                OCTOSPI2_IRQHandler
                0x08002898                DFSDM1_FLT3_IRQHandler
                0x08002898                TIM23_IRQHandler
                0x08002898                USART6_IRQHandler
                0x08002898                TIM17_IRQHandler
                0x08002898                USART3_IRQHandler
                0x08002898                BDMA_Channel7_IRQHandler
                0x08002898                LPTIM5_IRQHandler
                0x08002898                ADC3_IRQHandler
                0x08002898                DMA2_Stream0_IRQHandler
                0x08002898                TIM4_IRQHandler
                0x08002898                BDMA_Channel2_IRQHandler
                0x08002898                I2C1_EV_IRQHandler
                0x08002898                DMA1_Stream6_IRQHandler
                0x08002898                DMAMUX1_OVR_IRQHandler
                0x08002898                TIM16_IRQHandler
                0x08002898                UART4_IRQHandler
                0x08002898                BDMA_Channel5_IRQHandler
                0x08002898                TIM3_IRQHandler
                0x08002898                RCC_IRQHandler
                0x08002898                UART9_IRQHandler
                0x08002898                TIM8_BRK_TIM12_IRQHandler
                0x08002898                TIM1_TRG_COM_IRQHandler
                0x08002898                Default_Handler
                0x08002898                ECC_IRQHandler
                0x08002898                FMAC_IRQHandler
                0x08002898                CEC_IRQHandler
                0x08002898                EXTI15_10_IRQHandler
                0x08002898                BDMA_Channel0_IRQHandler
                0x08002898                ADC_IRQHandler
                0x08002898                I2C5_ER_IRQHandler
                0x08002898                DMA1_Stream7_IRQHandler
                0x08002898                SPI5_IRQHandler
                0x08002898                TIM7_IRQHandler
                0x08002898                SDMMC1_IRQHandler
                0x08002898                TIM5_IRQHandler
                0x08002898                DMA2_Stream7_IRQHandler
                0x08002898                TIM15_IRQHandler
                0x08002898                PVD_AVD_IRQHandler
                0x08002898                I2C3_EV_IRQHandler
                0x08002898                EXTI9_5_IRQHandler
                0x08002898                RTC_WKUP_IRQHandler
                0x08002898                LTDC_IRQHandler
                0x08002898                ETH_WKUP_IRQHandler
                0x08002898                SPDIF_RX_IRQHandler
                0x08002898                SPI2_IRQHandler
                0x08002898                OTG_HS_EP1_IN_IRQHandler
                0x08002898                TIM24_IRQHandler
                0x08002898                CRS_IRQHandler
                0x08002898                EXTI4_IRQHandler
                0x08002898                RNG_IRQHandler
                0x08002898                ETH_IRQHandler
                0x08002898                TIM1_UP_IRQHandler
                0x08002898                BDMA_Channel4_IRQHandler
                0x08002898                OTG_HS_EP1_OUT_IRQHandler
                0x08002898                WWDG_IRQHandler
                0x08002898                SPI6_IRQHandler
                0x08002898                MDIOS_IRQHandler
                0x08002898                I2C4_EV_IRQHandler
                0x08002898                LPUART1_IRQHandler
                0x08002898                TIM2_IRQHandler
                0x08002898                DMA2D_IRQHandler
                0x08002898                TIM1_BRK_IRQHandler
                0x08002898                EXTI1_IRQHandler
                0x08002898                SDMMC2_IRQHandler
                0x08002898                BDMA_Channel3_IRQHandler
                0x08002898                DTS_IRQHandler
                0x08002898                MDIOS_WKUP_IRQHandler
                0x08002898                USART2_IRQHandler
                0x08002898                DFSDM1_FLT0_IRQHandler
                0x08002898                SAI4_IRQHandler
                0x08002898                I2C2_ER_IRQHandler
                0x08002898                DMA2_Stream1_IRQHandler
                0x08002898                FLASH_IRQHandler
                0x08002898                DMA2_Stream4_IRQHandler
                0x08002898                USART1_IRQHandler
                0x08002898                SPI3_IRQHandler
                0x08002898                WAKEUP_PIN_IRQHandler
                0x08002898                DMA1_Stream4_IRQHandler
                0x08002898                I2C1_ER_IRQHandler
                0x08002898                FMC_IRQHandler
                0x08002898                FDCAN_CAL_IRQHandler
                0x08002898                SWPMI1_IRQHandler
                0x08002898                COMP1_IRQHandler
                0x08002898                LPTIM1_IRQHandler
                0x08002898                DCMI_PSSI_IRQHandler
                0x08002898                I2C4_ER_IRQHandler
                0x08002898                DMA2_Stream6_IRQHandler
                0x08002898                SAI1_IRQHandler
                0x08002898                DMA1_Stream3_IRQHandler
 *fill*         0x0800289a        0x2 
 .text.WS2812_Ctrl
                0x0800289c       0xbc CMakeFiles/DM_T_Code.elf.dir/Driver_User/driver_led.c.obj
                0x0800289c                WS2812_Ctrl
 .text.LED_Light_Up
                0x08002958       0x5e CMakeFiles/DM_T_Code.elf.dir/Driver_User/driver_led.c.obj
                0x08002958                LED_Light_Up
 *fill*         0x080029b6        0x2 
 .text.SignalTimeInit
                0x080029b8       0x18 CMakeFiles/DM_T_Code.elf.dir/Driver_User/driver_los.c.obj
                0x080029b8                SignalTimeInit
 .text.LostOfSignalFeed
                0x080029d0        0xc CMakeFiles/DM_T_Code.elf.dir/Driver_User/driver_los.c.obj
                0x080029d0                LostOfSignalFeed
 .text.LostSignalCount
                0x080029dc       0x9c CMakeFiles/DM_T_Code.elf.dir/Driver_User/driver_los.c.obj
                0x080029dc                LostSignalCount
 .text.SignalLossHandling
                0x08002a78       0x2c CMakeFiles/DM_T_Code.elf.dir/Driver_User/driver_los.c.obj
                0x08002a78                SignalLossHandling
 .text.MotorInit
                0x08002aa4       0x3c CMakeFiles/DM_T_Code.elf.dir/Driver_User/driver_motor.c.obj
                0x08002aa4                MotorInit
 .text.MotorDataUpdate
                0x08002ae0       0x10 CMakeFiles/DM_T_Code.elf.dir/Driver_User/driver_motor.c.obj
                0x08002ae0                MotorDataUpdate
 .text.MotorSettingUpdate
                0x08002af0       0x94 CMakeFiles/DM_T_Code.elf.dir/Driver_User/driver_motor.c.obj
                0x08002af0                MotorSettingUpdate
 *fill*         0x08002b84        0x4 
 .text.MotorCalculate
                0x08002b88       0x1c CMakeFiles/DM_T_Code.elf.dir/Driver_User/driver_motor.c.obj
                0x08002b88                MotorCalculate
 .text.MotorCANSend
                0x08002ba4       0x30 CMakeFiles/DM_T_Code.elf.dir/Driver_User/driver_motor.c.obj
                0x08002ba4                MotorCANSend
 .text.PowerOut5VTurnON
                0x08002bd4       0x14 CMakeFiles/DM_T_Code.elf.dir/Driver_User/driver_power.c.obj
                0x08002bd4                PowerOut5VTurnON
 .text.RemoteDeadBand
                0x08002be8       0x36 CMakeFiles/DM_T_Code.elf.dir/Driver_User/driver_remote.c.obj
                0x08002be8                RemoteDeadBand
 .text.CrsfDataUpdate
                0x08002c1e      0x12e CMakeFiles/DM_T_Code.elf.dir/Driver_User/driver_remote.c.obj
                0x08002c1e                CrsfDataUpdate
 .text.RemoteDataUpdate
                0x08002d4c      0x120 CMakeFiles/DM_T_Code.elf.dir/Driver_User/driver_remote.c.obj
                0x08002d4c                RemoteDataUpdate
 .text.RS_MotorInit
                0x08002e6c       0xee CMakeFiles/DM_T_Code.elf.dir/Driver_User/driver_rs_motor.c.obj
                0x08002e6c                RS_MotorInit
 *fill*         0x08002f5a        0x2 
 .text.RS_MotorThrValUpdate
                0x08002f5c       0xb8 CMakeFiles/DM_T_Code.elf.dir/Driver_User/driver_rs_motor.c.obj
                0x08002f5c                RS_MotorThrValUpdate
 .text.RS_MotorFeedbackFrameDataUpdate
                0x08003014       0xcc CMakeFiles/DM_T_Code.elf.dir/Driver_User/driver_rs_motor.c.obj
                0x08003014                RS_MotorFeedbackFrameDataUpdate
 .text.RS_MotorRawFeedbackDataCalculate
                0x080030e0       0xec CMakeFiles/DM_T_Code.elf.dir/Driver_User/driver_rs_motor.c.obj
                0x080030e0                RS_MotorRawFeedbackDataCalculate
 .text.RS_MotorParamReadFrameDataUpdate
                0x080031cc       0x44 CMakeFiles/DM_T_Code.elf.dir/Driver_User/driver_rs_motor.c.obj
                0x080031cc                RS_MotorParamReadFrameDataUpdate
 .text.RS_MotorErrorFrameDataUpdate
                0x08003210       0x38 CMakeFiles/DM_T_Code.elf.dir/Driver_User/driver_rs_motor.c.obj
                0x08003210                RS_MotorErrorFrameDataUpdate
 .text.RS_MotorOperatingStateUpdate
                0x08003248       0x96 CMakeFiles/DM_T_Code.elf.dir/Driver_User/driver_rs_motor.c.obj
                0x08003248                RS_MotorOperatingStateUpdate
 .text.RS_MotorDataUpdate
                0x080032de       0x82 CMakeFiles/DM_T_Code.elf.dir/Driver_User/driver_rs_motor.c.obj
                0x080032de                RS_MotorDataUpdate
 .text.RS_MotorSendDataCalculate
                0x08003360       0xc4 CMakeFiles/DM_T_Code.elf.dir/Driver_User/driver_rs_motor.c.obj
                0x08003360                RS_MotorSendDataCalculate
 .text.RS_MotorEnableSendFrameDataUpdate
                0x08003424       0x30 CMakeFiles/DM_T_Code.elf.dir/Driver_User/driver_rs_motor.c.obj
                0x08003424                RS_MotorEnableSendFrameDataUpdate
 .text.RS_MotorStopSendFrameDataUpdate
                0x08003454       0x3e CMakeFiles/DM_T_Code.elf.dir/Driver_User/driver_rs_motor.c.obj
                0x08003454                RS_MotorStopSendFrameDataUpdate
 .text.RS_MotorModeInitSendFrameDataUpdate
                0x08003492       0x42 CMakeFiles/DM_T_Code.elf.dir/Driver_User/driver_rs_motor.c.obj
                0x08003492                RS_MotorModeInitSendFrameDataUpdate
 .text.RS_MotorModeZeroPosSetFrameDataUpdate
                0x080034d4       0x34 CMakeFiles/DM_T_Code.elf.dir/Driver_User/driver_rs_motor.c.obj
                0x080034d4                RS_MotorModeZeroPosSetFrameDataUpdate
 .text.RS_MotorModeDataStorageSendFrameDataUpdate
                0x08003508       0x30 CMakeFiles/DM_T_Code.elf.dir/Driver_User/driver_rs_motor.c.obj
                0x08003508                RS_MotorModeDataStorageSendFrameDataUpdate
 .text.RS_MotorModePauseSendFrameDataUpdate
                0x08003538       0x2e CMakeFiles/DM_T_Code.elf.dir/Driver_User/driver_rs_motor.c.obj
                0x08003538                RS_MotorModePauseSendFrameDataUpdate
 .text.RS_MotorRunReadSendFrameDataUpdate
                0x08003566       0x36 CMakeFiles/DM_T_Code.elf.dir/Driver_User/driver_rs_motor.c.obj
                0x08003566                RS_MotorRunReadSendFrameDataUpdate
 .text.RS_Motor_CON_SendFrameDataUpdate
                0x0800359c       0xe8 CMakeFiles/DM_T_Code.elf.dir/Driver_User/driver_rs_motor.c.obj
                0x0800359c                RS_Motor_CON_SendFrameDataUpdate
 .text.RS_Motor_POS_SendFrameDataUpdate
                0x08003684       0x3c CMakeFiles/DM_T_Code.elf.dir/Driver_User/driver_rs_motor.c.obj
                0x08003684                RS_Motor_POS_SendFrameDataUpdate
 .text.RS_Motor_VEL_SendFrameDataUpdate
                0x080036c0       0x3c CMakeFiles/DM_T_Code.elf.dir/Driver_User/driver_rs_motor.c.obj
                0x080036c0                RS_Motor_VEL_SendFrameDataUpdate
 .text.RS_Motor_CUR_SendFrameDataUpdate
                0x080036fc       0x3c CMakeFiles/DM_T_Code.elf.dir/Driver_User/driver_rs_motor.c.obj
                0x080036fc                RS_Motor_CUR_SendFrameDataUpdate
 .text.RS_MotorSendFrameDataUpdate
                0x08003738      0x164 CMakeFiles/DM_T_Code.elf.dir/Driver_User/driver_rs_motor.c.obj
                0x08003738                RS_MotorSendFrameDataUpdate
 .text.RS_MotorSendDataUpdate
                0x0800389c       0x34 CMakeFiles/DM_T_Code.elf.dir/Driver_User/driver_rs_motor.c.obj
                0x0800389c                RS_MotorSendDataUpdate
 .text.RS_MotorSpeedCalculate
                0x080038d0       0x1c CMakeFiles/DM_T_Code.elf.dir/Driver_User/driver_rs_motor.c.obj
                0x080038d0                RS_MotorSpeedCalculate
 .text.RS_MotorLocationCalculate
                0x080038ec       0x1c CMakeFiles/DM_T_Code.elf.dir/Driver_User/driver_rs_motor.c.obj
                0x080038ec                RS_MotorLocationCalculate
 .text.RS_MotorSpeedFFCalculate
                0x08003908       0xa8 CMakeFiles/DM_T_Code.elf.dir/Driver_User/driver_rs_motor.c.obj
                0x08003908                RS_MotorSpeedFFCalculate
 .text.RS_MotorPIDCalculate
                0x080039b0       0xbe CMakeFiles/DM_T_Code.elf.dir/Driver_User/driver_rs_motor.c.obj
                0x080039b0                RS_MotorPIDCalculate
 .text.TSDA_SendFrame
                0x08003a6e       0x26 CMakeFiles/DM_T_Code.elf.dir/Driver_User/driver_tsda_servo.c.obj
 .text.TSDA_PackInt16
                0x08003a94        0xa CMakeFiles/DM_T_Code.elf.dir/Driver_User/driver_tsda_servo.c.obj
 .text.TSDA_Init
                0x08003a9e        0xe CMakeFiles/DM_T_Code.elf.dir/Driver_User/driver_tsda_servo.c.obj
                0x08003a9e                TSDA_Init
 .text.TSDA_WriteReg2
                0x08003aac       0x48 CMakeFiles/DM_T_Code.elf.dir/Driver_User/driver_tsda_servo.c.obj
                0x08003aac                TSDA_WriteReg2
 .text.TSDA_WriteReg
                0x08003af4       0x14 CMakeFiles/DM_T_Code.elf.dir/Driver_User/driver_tsda_servo.c.obj
                0x08003af4                TSDA_WriteReg
 .text.TSDA_ReadReg2
                0x08003b08       0x3c CMakeFiles/DM_T_Code.elf.dir/Driver_User/driver_tsda_servo.c.obj
                0x08003b08                TSDA_ReadReg2
 .text.TSDA_ReadReg
                0x08003b44        0xa CMakeFiles/DM_T_Code.elf.dir/Driver_User/driver_tsda_servo.c.obj
                0x08003b44                TSDA_ReadReg
 .text.TSDA_ClearFault
                0x08003b4e        0xc CMakeFiles/DM_T_Code.elf.dir/Driver_User/driver_tsda_servo.c.obj
                0x08003b4e                TSDA_ClearFault
 .text.TSDA_SetSpeedModeAndAccDec
                0x08003b5a       0x1c CMakeFiles/DM_T_Code.elf.dir/Driver_User/driver_tsda_servo.c.obj
                0x08003b5a                TSDA_SetSpeedModeAndAccDec
 .text.TSDA_SetTargetSpeedRpm
                0x08003b76        0xc CMakeFiles/DM_T_Code.elf.dir/Driver_User/driver_tsda_servo.c.obj
                0x08003b76                TSDA_SetTargetSpeedRpm
 .text.TSDA_Enable
                0x08003b82        0xc CMakeFiles/DM_T_Code.elf.dir/Driver_User/driver_tsda_servo.c.obj
                0x08003b82                TSDA_Enable
 .text.TSDA_Disable
                0x08003b8e        0xc CMakeFiles/DM_T_Code.elf.dir/Driver_User/driver_tsda_servo.c.obj
                0x08003b8e                TSDA_Disable
 .text.TSDA_GetAckCanId
                0x08003b9a       0x10 CMakeFiles/DM_T_Code.elf.dir/Driver_User/driver_tsda_servo.c.obj
                0x08003b9a                TSDA_GetAckCanId
 .text.TSDA_MakeAckExpect
                0x08003baa       0x28 CMakeFiles/DM_T_Code.elf.dir/Driver_User/driver_tsda_servo.c.obj
                0x08003baa                TSDA_MakeAckExpect
 .text.TSDA_IsExpectedWriteAck
                0x08003bd2       0x5e CMakeFiles/DM_T_Code.elf.dir/Driver_User/driver_tsda_servo.c.obj
                0x08003bd2                TSDA_IsExpectedWriteAck
 .text.TSDA_IsExpectedReadResponse
                0x08003c30       0x5e CMakeFiles/DM_T_Code.elf.dir/Driver_User/driver_tsda_servo.c.obj
                0x08003c30                TSDA_IsExpectedReadResponse
 .text.TSDA_GetResponseValue1
                0x08003c8e       0x12 CMakeFiles/DM_T_Code.elf.dir/Driver_User/driver_tsda_servo.c.obj
                0x08003c8e                TSDA_GetResponseValue1
 .text.TSDA_GetResponseValue2
                0x08003ca0       0x12 CMakeFiles/DM_T_Code.elf.dir/Driver_User/driver_tsda_servo.c.obj
                0x08003ca0                TSDA_GetResponseValue2
 *fill*         0x08003cb2        0x2 
 .text.HAL_Init
                0x08003cb4       0x5c CMakeFiles/DM_T_Code.elf.dir/Drivers/STM32H7xx_HAL_Driver/Src/stm32h7xx_hal.c.obj
                0x08003cb4                HAL_Init
 .text.HAL_IncTick
                0x08003d10       0x18 CMakeFiles/DM_T_Code.elf.dir/Drivers/STM32H7xx_HAL_Driver/Src/stm32h7xx_hal.c.obj
                0x08003d10                HAL_IncTick
 .text.HAL_GetTick
                0x08003d28        0xc CMakeFiles/DM_T_Code.elf.dir/Drivers/STM32H7xx_HAL_Driver/Src/stm32h7xx_hal.c.obj
                0x08003d28                HAL_GetTick
 .text.HAL_Delay
                0x08003d34       0x28 CMakeFiles/DM_T_Code.elf.dir/Drivers/STM32H7xx_HAL_Driver/Src/stm32h7xx_hal.c.obj
                0x08003d34                HAL_Delay
 .text.__NVIC_EnableIRQ
                0x08003d5c       0x1c CMakeFiles/DM_T_Code.elf.dir/Drivers/STM32H7xx_HAL_Driver/Src/stm32h7xx_hal_cortex.c.obj
 .text.__NVIC_SetPriority
                0x08003d78       0x24 CMakeFiles/DM_T_Code.elf.dir/Drivers/STM32H7xx_HAL_Driver/Src/stm32h7xx_hal_cortex.c.obj
 .text.NVIC_EncodePriority
                0x08003d9c       0x3e CMakeFiles/DM_T_Code.elf.dir/Drivers/STM32H7xx_HAL_Driver/Src/stm32h7xx_hal_cortex.c.obj
 *fill*         0x08003dda        0x2 
 .text.HAL_NVIC_SetPriorityGrouping
                0x08003ddc       0x24 CMakeFiles/DM_T_Code.elf.dir/Drivers/STM32H7xx_HAL_Driver/Src/stm32h7xx_hal_cortex.c.obj
                0x08003ddc                HAL_NVIC_SetPriorityGrouping
 .text.HAL_NVIC_SetPriority
                0x08003e00       0x20 CMakeFiles/DM_T_Code.elf.dir/Drivers/STM32H7xx_HAL_Driver/Src/stm32h7xx_hal_cortex.c.obj
                0x08003e00                HAL_NVIC_SetPriority
 .text.HAL_NVIC_EnableIRQ
                0x08003e20        0x8 CMakeFiles/DM_T_Code.elf.dir/Drivers/STM32H7xx_HAL_Driver/Src/stm32h7xx_hal_cortex.c.obj
                0x08003e20                HAL_NVIC_EnableIRQ
 .text.DMA_SetConfig
                0x08003e28      0x1b4 CMakeFiles/DM_T_Code.elf.dir/Drivers/STM32H7xx_HAL_Driver/Src/stm32h7xx_hal_dma.c.obj
 .text.DMA_CalcBaseAndBitshift
                0x08003fdc       0xb0 CMakeFiles/DM_T_Code.elf.dir/Drivers/STM32H7xx_HAL_Driver/Src/stm32h7xx_hal_dma.c.obj
 .text.DMA_CheckFifoParam
                0x0800408c       0x92 CMakeFiles/DM_T_Code.elf.dir/Drivers/STM32H7xx_HAL_Driver/Src/stm32h7xx_hal_dma.c.obj
 *fill*         0x0800411e        0x2 
 .text.DMA_CalcDMAMUXChannelBaseAndMask
                0x08004120       0xac CMakeFiles/DM_T_Code.elf.dir/Drivers/STM32H7xx_HAL_Driver/Src/stm32h7xx_hal_dma.c.obj
 .text.DMA_CalcDMAMUXRequestGenBaseAndMask
                0x080041cc       0x7c CMakeFiles/DM_T_Code.elf.dir/Drivers/STM32H7xx_HAL_Driver/Src/stm32h7xx_hal_dma.c.obj
 .text.HAL_DMA_Init
                0x08004248      0x39c CMakeFiles/DM_T_Code.elf.dir/Drivers/STM32H7xx_HAL_Driver/Src/stm32h7xx_hal_dma.c.obj
                0x08004248                HAL_DMA_Init
 .text.HAL_DMA_Start_IT
                0x080045e4      0x294 CMakeFiles/DM_T_Code.elf.dir/Drivers/STM32H7xx_HAL_Driver/Src/stm32h7xx_hal_dma.c.obj
                0x080045e4                HAL_DMA_Start_IT
 .text.HAL_DMA_Abort
                0x08004878      0x33c CMakeFiles/DM_T_Code.elf.dir/Drivers/STM32H7xx_HAL_Driver/Src/stm32h7xx_hal_dma.c.obj
                0x08004878                HAL_DMA_Abort
 .text.HAL_DMA_Abort_IT
                0x08004bb4      0x26c CMakeFiles/DM_T_Code.elf.dir/Drivers/STM32H7xx_HAL_Driver/Src/stm32h7xx_hal_dma.c.obj
                0x08004bb4                HAL_DMA_Abort_IT
 .text.HAL_DMA_IRQHandler
                0x08004e20      0x734 CMakeFiles/DM_T_Code.elf.dir/Drivers/STM32H7xx_HAL_Driver/Src/stm32h7xx_hal_dma.c.obj
                0x08004e20                HAL_DMA_IRQHandler
 .text.FDCAN_CalcultateRamBlockAddresses
                0x08005554      0x1d4 CMakeFiles/DM_T_Code.elf.dir/Drivers/STM32H7xx_HAL_Driver/Src/stm32h7xx_hal_fdcan.c.obj
 .text.FDCAN_CopyMessageToRAM
                0x08005728       0x8c CMakeFiles/DM_T_Code.elf.dir/Drivers/STM32H7xx_HAL_Driver/Src/stm32h7xx_hal_fdcan.c.obj
 .text.HAL_FDCAN_Init
                0x080057b4      0x294 CMakeFiles/DM_T_Code.elf.dir/Drivers/STM32H7xx_HAL_Driver/Src/stm32h7xx_hal_fdcan.c.obj
                0x080057b4                HAL_FDCAN_Init
 .text.HAL_FDCAN_ConfigFilter
                0x08005a48       0x8a CMakeFiles/DM_T_Code.elf.dir/Drivers/STM32H7xx_HAL_Driver/Src/stm32h7xx_hal_fdcan.c.obj
                0x08005a48                HAL_FDCAN_ConfigFilter
 .text.HAL_FDCAN_ConfigGlobalFilter
                0x08005ad2       0x32 CMakeFiles/DM_T_Code.elf.dir/Drivers/STM32H7xx_HAL_Driver/Src/stm32h7xx_hal_fdcan.c.obj
                0x08005ad2                HAL_FDCAN_ConfigGlobalFilter
 .text.HAL_FDCAN_Start
                0x08005b04       0x32 CMakeFiles/DM_T_Code.elf.dir/Drivers/STM32H7xx_HAL_Driver/Src/stm32h7xx_hal_fdcan.c.obj
                0x08005b04                HAL_FDCAN_Start
 .text.HAL_FDCAN_AddMessageToTxFifoQ
                0x08005b36       0x74 CMakeFiles/DM_T_Code.elf.dir/Drivers/STM32H7xx_HAL_Driver/Src/stm32h7xx_hal_fdcan.c.obj
                0x08005b36                HAL_FDCAN_AddMessageToTxFifoQ
 *fill*         0x08005baa        0x2 
 .text.HAL_FDCAN_GetRxMessage
                0x08005bac      0x1dc CMakeFiles/DM_T_Code.elf.dir/Drivers/STM32H7xx_HAL_Driver/Src/stm32h7xx_hal_fdcan.c.obj
                0x08005bac                HAL_FDCAN_GetRxMessage
 .text.HAL_FDCAN_ActivateNotification
                0x08005d88       0x90 CMakeFiles/DM_T_Code.elf.dir/Drivers/STM32H7xx_HAL_Driver/Src/stm32h7xx_hal_fdcan.c.obj
                0x08005d88                HAL_FDCAN_ActivateNotification
 .text.HAL_FDCAN_ClockCalibrationCallback
                0x08005e18        0x2 CMakeFiles/DM_T_Code.elf.dir/Drivers/STM32H7xx_HAL_Driver/Src/stm32h7xx_hal_fdcan.c.obj
                0x08005e18                HAL_FDCAN_ClockCalibrationCallback
 .text.HAL_FDCAN_TxEventFifoCallback
                0x08005e1a        0x2 CMakeFiles/DM_T_Code.elf.dir/Drivers/STM32H7xx_HAL_Driver/Src/stm32h7xx_hal_fdcan.c.obj
                0x08005e1a                HAL_FDCAN_TxEventFifoCallback
 .text.HAL_FDCAN_TxFifoEmptyCallback
                0x08005e1c        0x2 CMakeFiles/DM_T_Code.elf.dir/Drivers/STM32H7xx_HAL_Driver/Src/stm32h7xx_hal_fdcan.c.obj
                0x08005e1c                HAL_FDCAN_TxFifoEmptyCallback
 .text.HAL_FDCAN_TxBufferCompleteCallback
                0x08005e1e        0x2 CMakeFiles/DM_T_Code.elf.dir/Drivers/STM32H7xx_HAL_Driver/Src/stm32h7xx_hal_fdcan.c.obj
                0x08005e1e                HAL_FDCAN_TxBufferCompleteCallback
 .text.HAL_FDCAN_TxBufferAbortCallback
                0x08005e20        0x2 CMakeFiles/DM_T_Code.elf.dir/Drivers/STM32H7xx_HAL_Driver/Src/stm32h7xx_hal_fdcan.c.obj
                0x08005e20                HAL_FDCAN_TxBufferAbortCallback
 .text.HAL_FDCAN_RxBufferNewMessageCallback
                0x08005e22        0x2 CMakeFiles/DM_T_Code.elf.dir/Drivers/STM32H7xx_HAL_Driver/Src/stm32h7xx_hal_fdcan.c.obj
                0x08005e22                HAL_FDCAN_RxBufferNewMessageCallback
 .text.HAL_FDCAN_TimestampWraparoundCallback
                0x08005e24        0x2 CMakeFiles/DM_T_Code.elf.dir/Drivers/STM32H7xx_HAL_Driver/Src/stm32h7xx_hal_fdcan.c.obj
                0x08005e24                HAL_FDCAN_TimestampWraparoundCallback
 .text.HAL_FDCAN_TimeoutOccurredCallback
                0x08005e26        0x2 CMakeFiles/DM_T_Code.elf.dir/Drivers/STM32H7xx_HAL_Driver/Src/stm32h7xx_hal_fdcan.c.obj
                0x08005e26                HAL_FDCAN_TimeoutOccurredCallback
 .text.HAL_FDCAN_HighPriorityMessageCallback
                0x08005e28        0x2 CMakeFiles/DM_T_Code.elf.dir/Drivers/STM32H7xx_HAL_Driver/Src/stm32h7xx_hal_fdcan.c.obj
                0x08005e28                HAL_FDCAN_HighPriorityMessageCallback
 .text.HAL_FDCAN_ErrorCallback
                0x08005e2a        0x2 CMakeFiles/DM_T_Code.elf.dir/Drivers/STM32H7xx_HAL_Driver/Src/stm32h7xx_hal_fdcan.c.obj
                0x08005e2a                HAL_FDCAN_ErrorCallback
 .text.HAL_FDCAN_ErrorStatusCallback
                0x08005e2c        0x2 CMakeFiles/DM_T_Code.elf.dir/Drivers/STM32H7xx_HAL_Driver/Src/stm32h7xx_hal_fdcan.c.obj
                0x08005e2c                HAL_FDCAN_ErrorStatusCallback
 .text.HAL_FDCAN_TT_ScheduleSyncCallback
                0x08005e2e        0x2 CMakeFiles/DM_T_Code.elf.dir/Drivers/STM32H7xx_HAL_Driver/Src/stm32h7xx_hal_fdcan.c.obj
                0x08005e2e                HAL_FDCAN_TT_ScheduleSyncCallback
 .text.HAL_FDCAN_TT_TimeMarkCallback
                0x08005e30        0x2 CMakeFiles/DM_T_Code.elf.dir/Drivers/STM32H7xx_HAL_Driver/Src/stm32h7xx_hal_fdcan.c.obj
                0x08005e30                HAL_FDCAN_TT_TimeMarkCallback
 .text.HAL_FDCAN_TT_StopWatchCallback
                0x08005e32        0x2 CMakeFiles/DM_T_Code.elf.dir/Drivers/STM32H7xx_HAL_Driver/Src/stm32h7xx_hal_fdcan.c.obj
                0x08005e32                HAL_FDCAN_TT_StopWatchCallback
 .text.HAL_FDCAN_TT_GlobalTimeCallback
                0x08005e34        0x2 CMakeFiles/DM_T_Code.elf.dir/Drivers/STM32H7xx_HAL_Driver/Src/stm32h7xx_hal_fdcan.c.obj
                0x08005e34                HAL_FDCAN_TT_GlobalTimeCallback
 *fill*         0x08005e36        0x2 
 .text.HAL_FDCAN_IRQHandler
                0x08005e38      0x320 CMakeFiles/DM_T_Code.elf.dir/Drivers/STM32H7xx_HAL_Driver/Src/stm32h7xx_hal_fdcan.c.obj
                0x08005e38                HAL_FDCAN_IRQHandler
 .text.HAL_GPIO_Init
                0x08006158      0x214 CMakeFiles/DM_T_Code.elf.dir/Drivers/STM32H7xx_HAL_Driver/Src/stm32h7xx_hal_gpio.c.obj
                0x08006158                HAL_GPIO_Init
 .text.HAL_GPIO_WritePin
                0x0800636c        0xc CMakeFiles/DM_T_Code.elf.dir/Drivers/STM32H7xx_HAL_Driver/Src/stm32h7xx_hal_gpio.c.obj
                0x0800636c                HAL_GPIO_WritePin
 .text.PCD_WriteEmptyTxFifo
                0x08006378       0xd0 CMakeFiles/DM_T_Code.elf.dir/Drivers/STM32H7xx_HAL_Driver/Src/stm32h7xx_hal_pcd.c.obj
 .text.HAL_PCD_Init
                0x08006448      0x102 CMakeFiles/DM_T_Code.elf.dir/Drivers/STM32H7xx_HAL_Driver/Src/stm32h7xx_hal_pcd.c.obj
                0x08006448                HAL_PCD_Init
 .text.HAL_PCD_Start
                0x0800654a       0x44 CMakeFiles/DM_T_Code.elf.dir/Drivers/STM32H7xx_HAL_Driver/Src/stm32h7xx_hal_pcd.c.obj
                0x0800654a                HAL_PCD_Start
 *fill*         0x0800658e        0x2 
 .text.PCD_EP_OutXfrComplete_int
                0x08006590      0x104 CMakeFiles/DM_T_Code.elf.dir/Drivers/STM32H7xx_HAL_Driver/Src/stm32h7xx_hal_pcd.c.obj
 .text.PCD_EP_OutSetupPacket_int
                0x08006694       0x50 CMakeFiles/DM_T_Code.elf.dir/Drivers/STM32H7xx_HAL_Driver/Src/stm32h7xx_hal_pcd.c.obj
 .text.HAL_PCD_SetAddress
                0x080066e4       0x26 CMakeFiles/DM_T_Code.elf.dir/Drivers/STM32H7xx_HAL_Driver/Src/stm32h7xx_hal_pcd.c.obj
                0x080066e4                HAL_PCD_SetAddress
 .text.HAL_PCD_EP_Open
                0x0800670a       0x8c CMakeFiles/DM_T_Code.elf.dir/Drivers/STM32H7xx_HAL_Driver/Src/stm32h7xx_hal_pcd.c.obj
                0x0800670a                HAL_PCD_EP_Open
 .text.HAL_PCD_EP_Close
                0x08006796       0x70 CMakeFiles/DM_T_Code.elf.dir/Drivers/STM32H7xx_HAL_Driver/Src/stm32h7xx_hal_pcd.c.obj
                0x08006796                HAL_PCD_EP_Close
 .text.HAL_PCD_EP_Receive
                0x08006806       0x4a CMakeFiles/DM_T_Code.elf.dir/Drivers/STM32H7xx_HAL_Driver/Src/stm32h7xx_hal_pcd.c.obj
                0x08006806                HAL_PCD_EP_Receive
 .text.HAL_PCD_EP_GetRxCount
                0x08006850       0x12 CMakeFiles/DM_T_Code.elf.dir/Drivers/STM32H7xx_HAL_Driver/Src/stm32h7xx_hal_pcd.c.obj
                0x08006850                HAL_PCD_EP_GetRxCount
 .text.HAL_PCD_EP_Transmit
                0x08006862       0x4a CMakeFiles/DM_T_Code.elf.dir/Drivers/STM32H7xx_HAL_Driver/Src/stm32h7xx_hal_pcd.c.obj
                0x08006862                HAL_PCD_EP_Transmit
 .text.HAL_PCD_EP_SetStall
                0x080068ac       0x86 CMakeFiles/DM_T_Code.elf.dir/Drivers/STM32H7xx_HAL_Driver/Src/stm32h7xx_hal_pcd.c.obj
                0x080068ac                HAL_PCD_EP_SetStall
 .text.HAL_PCD_EP_ClrStall
                0x08006932       0x74 CMakeFiles/DM_T_Code.elf.dir/Drivers/STM32H7xx_HAL_Driver/Src/stm32h7xx_hal_pcd.c.obj
                0x08006932                HAL_PCD_EP_ClrStall
 .text.HAL_PCD_EP_Abort
                0x080069a6       0x34 CMakeFiles/DM_T_Code.elf.dir/Drivers/STM32H7xx_HAL_Driver/Src/stm32h7xx_hal_pcd.c.obj
                0x080069a6                HAL_PCD_EP_Abort
 .text.HAL_PCD_IRQHandler
                0x080069da      0x600 CMakeFiles/DM_T_Code.elf.dir/Drivers/STM32H7xx_HAL_Driver/Src/stm32h7xx_hal_pcd.c.obj
                0x080069da                HAL_PCD_IRQHandler
 .text.HAL_PCDEx_SetTxFiFo
                0x08006fda       0x4c CMakeFiles/DM_T_Code.elf.dir/Drivers/STM32H7xx_HAL_Driver/Src/stm32h7xx_hal_pcd_ex.c.obj
                0x08006fda                HAL_PCDEx_SetTxFiFo
 .text.HAL_PCDEx_SetRxFiFo
                0x08007026        0x8 CMakeFiles/DM_T_Code.elf.dir/Drivers/STM32H7xx_HAL_Driver/Src/stm32h7xx_hal_pcd_ex.c.obj
                0x08007026                HAL_PCDEx_SetRxFiFo
 *fill*         0x0800702e        0x2 
 .text.HAL_PCDEx_ActivateLPM
                0x08007030       0x28 CMakeFiles/DM_T_Code.elf.dir/Drivers/STM32H7xx_HAL_Driver/Src/stm32h7xx_hal_pcd_ex.c.obj
                0x08007030                HAL_PCDEx_ActivateLPM
 .text.HAL_PCDEx_LPM_Callback
                0x08007058        0x2 CMakeFiles/DM_T_Code.elf.dir/Drivers/STM32H7xx_HAL_Driver/Src/stm32h7xx_hal_pcd_ex.c.obj
                0x08007058                HAL_PCDEx_LPM_Callback
 *fill*         0x0800705a        0x2 
 .text.HAL_PWREx_ConfigSupply
                0x0800705c       0x54 CMakeFiles/DM_T_Code.elf.dir/Drivers/STM32H7xx_HAL_Driver/Src/stm32h7xx_hal_pwr_ex.c.obj
                0x0800705c                HAL_PWREx_ConfigSupply
 .text.HAL_PWREx_EnableUSBVoltageDetector
                0x080070b0       0x10 CMakeFiles/DM_T_Code.elf.dir/Drivers/STM32H7xx_HAL_Driver/Src/stm32h7xx_hal_pwr_ex.c.obj
                0x080070b0                HAL_PWREx_EnableUSBVoltageDetector
 .text.HAL_RCC_OscConfig
                0x080070c0      0x5e4 CMakeFiles/DM_T_Code.elf.dir/Drivers/STM32H7xx_HAL_Driver/Src/stm32h7xx_hal_rcc.c.obj
                0x080070c0                HAL_RCC_OscConfig
 .text.HAL_RCC_GetSysClockFreq
                0x080076a4      0x1f8 CMakeFiles/DM_T_Code.elf.dir/Drivers/STM32H7xx_HAL_Driver/Src/stm32h7xx_hal_rcc.c.obj
                0x080076a4                HAL_RCC_GetSysClockFreq
 .text.HAL_RCC_ClockConfig
                0x0800789c      0x294 CMakeFiles/DM_T_Code.elf.dir/Drivers/STM32H7xx_HAL_Driver/Src/stm32h7xx_hal_rcc.c.obj
                0x0800789c                HAL_RCC_ClockConfig
 .text.HAL_RCC_GetHCLKFreq
                0x08007b30       0x44 CMakeFiles/DM_T_Code.elf.dir/Drivers/STM32H7xx_HAL_Driver/Src/stm32h7xx_hal_rcc.c.obj
                0x08007b30                HAL_RCC_GetHCLKFreq
 .text.HAL_RCC_GetPCLK1Freq
                0x08007b74       0x24 CMakeFiles/DM_T_Code.elf.dir/Drivers/STM32H7xx_HAL_Driver/Src/stm32h7xx_hal_rcc.c.obj
                0x08007b74                HAL_RCC_GetPCLK1Freq
 .text.HAL_RCC_GetPCLK2Freq
                0x08007b98       0x24 CMakeFiles/DM_T_Code.elf.dir/Drivers/STM32H7xx_HAL_Driver/Src/stm32h7xx_hal_rcc.c.obj
                0x08007b98                HAL_RCC_GetPCLK2Freq
 .text.HAL_RCC_GetClockConfig
                0x08007bbc       0x54 CMakeFiles/DM_T_Code.elf.dir/Drivers/STM32H7xx_HAL_Driver/Src/stm32h7xx_hal_rcc.c.obj
                0x08007bbc                HAL_RCC_GetClockConfig
 .text.RCCEx_PLL2_Config
                0x08007c10      0x108 CMakeFiles/DM_T_Code.elf.dir/Drivers/STM32H7xx_HAL_Driver/Src/stm32h7xx_hal_rcc_ex.c.obj
 .text.RCCEx_PLL3_Config
                0x08007d18      0x108 CMakeFiles/DM_T_Code.elf.dir/Drivers/STM32H7xx_HAL_Driver/Src/stm32h7xx_hal_rcc_ex.c.obj
 .text.HAL_RCCEx_PeriphCLKConfig
                0x08007e20      0xa38 CMakeFiles/DM_T_Code.elf.dir/Drivers/STM32H7xx_HAL_Driver/Src/stm32h7xx_hal_rcc_ex.c.obj
                0x08007e20                HAL_RCCEx_PeriphCLKConfig
 .text.HAL_RCCEx_GetD3PCLK1Freq
                0x08008858       0x24 CMakeFiles/DM_T_Code.elf.dir/Drivers/STM32H7xx_HAL_Driver/Src/stm32h7xx_hal_rcc_ex.c.obj
                0x08008858                HAL_RCCEx_GetD3PCLK1Freq
 .text.HAL_RCCEx_GetPLL2ClockFreq
                0x0800887c      0x200 CMakeFiles/DM_T_Code.elf.dir/Drivers/STM32H7xx_HAL_Driver/Src/stm32h7xx_hal_rcc_ex.c.obj
                0x0800887c                HAL_RCCEx_GetPLL2ClockFreq
 .text.HAL_RCCEx_GetPLL3ClockFreq
                0x08008a7c      0x200 CMakeFiles/DM_T_Code.elf.dir/Drivers/STM32H7xx_HAL_Driver/Src/stm32h7xx_hal_rcc_ex.c.obj
                0x08008a7c                HAL_RCCEx_GetPLL3ClockFreq
 .text.SPI_CloseTransfer
                0x08008c7c       0xcc CMakeFiles/DM_T_Code.elf.dir/Drivers/STM32H7xx_HAL_Driver/Src/stm32h7xx_hal_spi.c.obj
 .text.SPI_GetPacketSize
                0x08008d48       0x10 CMakeFiles/DM_T_Code.elf.dir/Drivers/STM32H7xx_HAL_Driver/Src/stm32h7xx_hal_spi.c.obj
 .text.SPI_WaitOnFlagUntilTimeout
                0x08008d58       0x48 CMakeFiles/DM_T_Code.elf.dir/Drivers/STM32H7xx_HAL_Driver/Src/stm32h7xx_hal_spi.c.obj
 .text.HAL_SPI_Init
                0x08008da0      0x190 CMakeFiles/DM_T_Code.elf.dir/Drivers/STM32H7xx_HAL_Driver/Src/stm32h7xx_hal_spi.c.obj
                0x08008da0                HAL_SPI_Init
 .text.HAL_SPI_Transmit
                0x08008f30      0x2c0 CMakeFiles/DM_T_Code.elf.dir/Drivers/STM32H7xx_HAL_Driver/Src/stm32h7xx_hal_spi.c.obj
                0x08008f30                HAL_SPI_Transmit
 .text.TIM_OC1_SetConfig
                0x080091f0       0xa4 CMakeFiles/DM_T_Code.elf.dir/Drivers/STM32H7xx_HAL_Driver/Src/stm32h7xx_hal_tim.c.obj
 .text.TIM_OC3_SetConfig
                0x08009294       0x94 CMakeFiles/DM_T_Code.elf.dir/Drivers/STM32H7xx_HAL_Driver/Src/stm32h7xx_hal_tim.c.obj
 .text.TIM_OC4_SetConfig
                0x08009328       0x74 CMakeFiles/DM_T_Code.elf.dir/Drivers/STM32H7xx_HAL_Driver/Src/stm32h7xx_hal_tim.c.obj
 .text.TIM_OC5_SetConfig
                0x0800939c       0x74 CMakeFiles/DM_T_Code.elf.dir/Drivers/STM32H7xx_HAL_Driver/Src/stm32h7xx_hal_tim.c.obj
 .text.TIM_OC6_SetConfig
                0x08009410       0x74 CMakeFiles/DM_T_Code.elf.dir/Drivers/STM32H7xx_HAL_Driver/Src/stm32h7xx_hal_tim.c.obj
 .text.HAL_TIM_Base_MspInit
                0x08009484        0x2 CMakeFiles/DM_T_Code.elf.dir/Drivers/STM32H7xx_HAL_Driver/Src/stm32h7xx_hal_tim.c.obj
                0x08009484                HAL_TIM_Base_MspInit
 *fill*         0x08009486        0x2 
 .text.HAL_TIM_Base_Start_IT
                0x08009488       0xa0 CMakeFiles/DM_T_Code.elf.dir/Drivers/STM32H7xx_HAL_Driver/Src/stm32h7xx_hal_tim.c.obj
                0x08009488                HAL_TIM_Base_Start_IT
 .text.HAL_TIM_OC_DelayElapsedCallback
                0x08009528        0x2 CMakeFiles/DM_T_Code.elf.dir/Drivers/STM32H7xx_HAL_Driver/Src/stm32h7xx_hal_tim.c.obj
                0x08009528                HAL_TIM_OC_DelayElapsedCallback
 .text.HAL_TIM_IC_CaptureCallback
                0x0800952a        0x2 CMakeFiles/DM_T_Code.elf.dir/Drivers/STM32H7xx_HAL_Driver/Src/stm32h7xx_hal_tim.c.obj
                0x0800952a                HAL_TIM_IC_CaptureCallback
 .text.HAL_TIM_PWM_PulseFinishedCallback
                0x0800952c        0x2 CMakeFiles/DM_T_Code.elf.dir/Drivers/STM32H7xx_HAL_Driver/Src/stm32h7xx_hal_tim.c.obj
                0x0800952c                HAL_TIM_PWM_PulseFinishedCallback
 .text.HAL_TIM_TriggerCallback
                0x0800952e        0x2 CMakeFiles/DM_T_Code.elf.dir/Drivers/STM32H7xx_HAL_Driver/Src/stm32h7xx_hal_tim.c.obj
                0x0800952e                HAL_TIM_TriggerCallback
 .text.HAL_TIM_IRQHandler
                0x08009530      0x17a CMakeFiles/DM_T_Code.elf.dir/Drivers/STM32H7xx_HAL_Driver/Src/stm32h7xx_hal_tim.c.obj
                0x08009530                HAL_TIM_IRQHandler
 *fill*         0x080096aa        0x2 
 .text.TIM_Base_SetConfig
                0x080096ac      0x120 CMakeFiles/DM_T_Code.elf.dir/Drivers/STM32H7xx_HAL_Driver/Src/stm32h7xx_hal_tim.c.obj
                0x080096ac                TIM_Base_SetConfig
 .text.HAL_TIM_Base_Init
                0x080097cc       0x60 CMakeFiles/DM_T_Code.elf.dir/Drivers/STM32H7xx_HAL_Driver/Src/stm32h7xx_hal_tim.c.obj
                0x080097cc                HAL_TIM_Base_Init
 .text.HAL_TIM_PWM_Init
                0x0800982c       0x60 CMakeFiles/DM_T_Code.elf.dir/Drivers/STM32H7xx_HAL_Driver/Src/stm32h7xx_hal_tim.c.obj
                0x0800982c                HAL_TIM_PWM_Init
 .text.TIM_OC2_SetConfig
                0x0800988c       0x94 CMakeFiles/DM_T_Code.elf.dir/Drivers/STM32H7xx_HAL_Driver/Src/stm32h7xx_hal_tim.c.obj
                0x0800988c                TIM_OC2_SetConfig
 .text.HAL_TIM_PWM_ConfigChannel
                0x08009920      0x13a CMakeFiles/DM_T_Code.elf.dir/Drivers/STM32H7xx_HAL_Driver/Src/stm32h7xx_hal_tim.c.obj
                0x08009920                HAL_TIM_PWM_ConfigChannel
 .text.TIM_CCxChannelCmd
                0x08009a5a       0x1e CMakeFiles/DM_T_Code.elf.dir/Drivers/STM32H7xx_HAL_Driver/Src/stm32h7xx_hal_tim.c.obj
                0x08009a5a                TIM_CCxChannelCmd
 .text.HAL_TIM_PWM_Start
                0x08009a78      0x170 CMakeFiles/DM_T_Code.elf.dir/Drivers/STM32H7xx_HAL_Driver/Src/stm32h7xx_hal_tim.c.obj
                0x08009a78                HAL_TIM_PWM_Start
 .text.HAL_TIMEx_MasterConfigSynchronization
                0x08009be8       0xb0 CMakeFiles/DM_T_Code.elf.dir/Drivers/STM32H7xx_HAL_Driver/Src/stm32h7xx_hal_tim_ex.c.obj
                0x08009be8                HAL_TIMEx_MasterConfigSynchronization
 .text.HAL_TIMEx_CommutCallback
                0x08009c98        0x2 CMakeFiles/DM_T_Code.elf.dir/Drivers/STM32H7xx_HAL_Driver/Src/stm32h7xx_hal_tim_ex.c.obj
                0x08009c98                HAL_TIMEx_CommutCallback
 .text.HAL_TIMEx_BreakCallback
                0x08009c9a        0x2 CMakeFiles/DM_T_Code.elf.dir/Drivers/STM32H7xx_HAL_Driver/Src/stm32h7xx_hal_tim_ex.c.obj
                0x08009c9a                HAL_TIMEx_BreakCallback
 .text.HAL_TIMEx_Break2Callback
                0x08009c9c        0x2 CMakeFiles/DM_T_Code.elf.dir/Drivers/STM32H7xx_HAL_Driver/Src/stm32h7xx_hal_tim_ex.c.obj
                0x08009c9c                HAL_TIMEx_Break2Callback
 .text.UART_EndTxTransfer
                0x08009c9e       0x32 CMakeFiles/DM_T_Code.elf.dir/Drivers/STM32H7xx_HAL_Driver/Src/stm32h7xx_hal_uart.c.obj
 .text.UART_EndRxTransfer
                0x08009cd0       0x58 CMakeFiles/DM_T_Code.elf.dir/Drivers/STM32H7xx_HAL_Driver/Src/stm32h7xx_hal_uart.c.obj
 .text.HAL_UART_TxCpltCallback
                0x08009d28        0x2 CMakeFiles/DM_T_Code.elf.dir/Drivers/STM32H7xx_HAL_Driver/Src/stm32h7xx_hal_uart.c.obj
                0x08009d28                HAL_UART_TxCpltCallback
 .text.UART_EndTransmit_IT
                0x08009d2a       0x24 CMakeFiles/DM_T_Code.elf.dir/Drivers/STM32H7xx_HAL_Driver/Src/stm32h7xx_hal_uart.c.obj
 .text.HAL_UART_RxCpltCallback
                0x08009d4e        0x2 CMakeFiles/DM_T_Code.elf.dir/Drivers/STM32H7xx_HAL_Driver/Src/stm32h7xx_hal_uart.c.obj
                0x08009d4e                HAL_UART_RxCpltCallback
 .text.HAL_UART_RxHalfCpltCallback
                0x08009d50        0x2 CMakeFiles/DM_T_Code.elf.dir/Drivers/STM32H7xx_HAL_Driver/Src/stm32h7xx_hal_uart.c.obj
                0x08009d50                HAL_UART_RxHalfCpltCallback
 .text.HAL_UART_ErrorCallback
                0x08009d52        0x2 CMakeFiles/DM_T_Code.elf.dir/Drivers/STM32H7xx_HAL_Driver/Src/stm32h7xx_hal_uart.c.obj
                0x08009d52                HAL_UART_ErrorCallback
 .text.UART_DMAError
                0x08009d54       0x58 CMakeFiles/DM_T_Code.elf.dir/Drivers/STM32H7xx_HAL_Driver/Src/stm32h7xx_hal_uart.c.obj
 .text.UART_DMAAbortOnError
                0x08009dac       0x10 CMakeFiles/DM_T_Code.elf.dir/Drivers/STM32H7xx_HAL_Driver/Src/stm32h7xx_hal_uart.c.obj
 .text.HAL_UART_IRQHandler
                0x08009dbc      0x3d0 CMakeFiles/DM_T_Code.elf.dir/Drivers/STM32H7xx_HAL_Driver/Src/stm32h7xx_hal_uart.c.obj
                0x08009dbc                HAL_UART_IRQHandler
 .text.UART_DMARxHalfCplt
                0x0800a18c       0x20 CMakeFiles/DM_T_Code.elf.dir/Drivers/STM32H7xx_HAL_Driver/Src/stm32h7xx_hal_uart.c.obj
 .text.UART_DMAReceiveCplt
                0x0800a1ac       0x90 CMakeFiles/DM_T_Code.elf.dir/Drivers/STM32H7xx_HAL_Driver/Src/stm32h7xx_hal_uart.c.obj
 .text.UART_SetConfig
                0x0800a23c      0x6bc CMakeFiles/DM_T_Code.elf.dir/Drivers/STM32H7xx_HAL_Driver/Src/stm32h7xx_hal_uart.c.obj
                0x0800a23c                UART_SetConfig
 .text.UART_AdvFeatureConfig
                0x0800a8f8       0xca CMakeFiles/DM_T_Code.elf.dir/Drivers/STM32H7xx_HAL_Driver/Src/stm32h7xx_hal_uart.c.obj
                0x0800a8f8                UART_AdvFeatureConfig
 .text.UART_WaitOnFlagUntilTimeout
                0x0800a9c2       0xa6 CMakeFiles/DM_T_Code.elf.dir/Drivers/STM32H7xx_HAL_Driver/Src/stm32h7xx_hal_uart.c.obj
                0x0800a9c2                UART_WaitOnFlagUntilTimeout
 .text.UART_CheckIdleState
                0x0800aa68       0xca CMakeFiles/DM_T_Code.elf.dir/Drivers/STM32H7xx_HAL_Driver/Src/stm32h7xx_hal_uart.c.obj
                0x0800aa68                UART_CheckIdleState
 .text.HAL_UART_Init
                0x0800ab32       0x66 CMakeFiles/DM_T_Code.elf.dir/Drivers/STM32H7xx_HAL_Driver/Src/stm32h7xx_hal_uart.c.obj
                0x0800ab32                HAL_UART_Init
 .text.UART_Start_Receive_DMA
                0x0800ab98       0xb0 CMakeFiles/DM_T_Code.elf.dir/Drivers/STM32H7xx_HAL_Driver/Src/stm32h7xx_hal_uart.c.obj
                0x0800ab98                UART_Start_Receive_DMA
 .text.UARTEx_SetNbDataToProcess
                0x0800ac48       0x4c CMakeFiles/DM_T_Code.elf.dir/Drivers/STM32H7xx_HAL_Driver/Src/stm32h7xx_hal_uart_ex.c.obj
 .text.HAL_UARTEx_WakeupCallback
                0x0800ac94        0x2 CMakeFiles/DM_T_Code.elf.dir/Drivers/STM32H7xx_HAL_Driver/Src/stm32h7xx_hal_uart_ex.c.obj
                0x0800ac94                HAL_UARTEx_WakeupCallback
 .text.HAL_UARTEx_RxFifoFullCallback
                0x0800ac96        0x2 CMakeFiles/DM_T_Code.elf.dir/Drivers/STM32H7xx_HAL_Driver/Src/stm32h7xx_hal_uart_ex.c.obj
                0x0800ac96                HAL_UARTEx_RxFifoFullCallback
 .text.HAL_UARTEx_TxFifoEmptyCallback
                0x0800ac98        0x2 CMakeFiles/DM_T_Code.elf.dir/Drivers/STM32H7xx_HAL_Driver/Src/stm32h7xx_hal_uart_ex.c.obj
                0x0800ac98                HAL_UARTEx_TxFifoEmptyCallback
 .text.HAL_UARTEx_DisableFifoMode
                0x0800ac9a       0x3e CMakeFiles/DM_T_Code.elf.dir/Drivers/STM32H7xx_HAL_Driver/Src/stm32h7xx_hal_uart_ex.c.obj
                0x0800ac9a                HAL_UARTEx_DisableFifoMode
 .text.HAL_UARTEx_SetTxFifoThreshold
                0x0800acd8       0x4a CMakeFiles/DM_T_Code.elf.dir/Drivers/STM32H7xx_HAL_Driver/Src/stm32h7xx_hal_uart_ex.c.obj
                0x0800acd8                HAL_UARTEx_SetTxFifoThreshold
 .text.HAL_UARTEx_SetRxFifoThreshold
                0x0800ad22       0x4a CMakeFiles/DM_T_Code.elf.dir/Drivers/STM32H7xx_HAL_Driver/Src/stm32h7xx_hal_uart_ex.c.obj
                0x0800ad22                HAL_UARTEx_SetRxFifoThreshold
 .text.HAL_UARTEx_ReceiveToIdle_DMA
                0x0800ad6c       0x50 CMakeFiles/DM_T_Code.elf.dir/Drivers/STM32H7xx_HAL_Driver/Src/stm32h7xx_hal_uart_ex.c.obj
                0x0800ad6c                HAL_UARTEx_ReceiveToIdle_DMA
 .text.USB_CoreReset
                0x0800adbc       0x4a CMakeFiles/DM_T_Code.elf.dir/Drivers/STM32H7xx_HAL_Driver/Src/stm32h7xx_ll_usb.c.obj
 *fill*         0x0800ae06        0x2 
 .text.USB_CoreInit
                0x0800ae08       0xa4 CMakeFiles/DM_T_Code.elf.dir/Drivers/STM32H7xx_HAL_Driver/Src/stm32h7xx_ll_usb.c.obj
                0x0800ae08                USB_CoreInit
 .text.USB_SetTurnaroundTime
                0x0800aeac       0xe4 CMakeFiles/DM_T_Code.elf.dir/Drivers/STM32H7xx_HAL_Driver/Src/stm32h7xx_ll_usb.c.obj
                0x0800aeac                USB_SetTurnaroundTime
 .text.USB_EnableGlobalInt
                0x0800af90        0xc CMakeFiles/DM_T_Code.elf.dir/Drivers/STM32H7xx_HAL_Driver/Src/stm32h7xx_ll_usb.c.obj
                0x0800af90                USB_EnableGlobalInt
 .text.USB_DisableGlobalInt
                0x0800af9c        0xc CMakeFiles/DM_T_Code.elf.dir/Drivers/STM32H7xx_HAL_Driver/Src/stm32h7xx_ll_usb.c.obj
                0x0800af9c                USB_DisableGlobalInt
 .text.USB_FlushTxFifo
                0x0800afa8       0x4a CMakeFiles/DM_T_Code.elf.dir/Drivers/STM32H7xx_HAL_Driver/Src/stm32h7xx_ll_usb.c.obj
                0x0800afa8                USB_FlushTxFifo
 .text.USB_FlushRxFifo
                0x0800aff2       0x46 CMakeFiles/DM_T_Code.elf.dir/Drivers/STM32H7xx_HAL_Driver/Src/stm32h7xx_ll_usb.c.obj
                0x0800aff2                USB_FlushRxFifo
 .text.USB_SetDevSpeed
                0x0800b038        0xe CMakeFiles/DM_T_Code.elf.dir/Drivers/STM32H7xx_HAL_Driver/Src/stm32h7xx_ll_usb.c.obj
                0x0800b038                USB_SetDevSpeed
 *fill*         0x0800b046        0x2 
 .text.USB_DevInit
                0x0800b048      0x190 CMakeFiles/DM_T_Code.elf.dir/Drivers/STM32H7xx_HAL_Driver/Src/stm32h7xx_ll_usb.c.obj
                0x0800b048                USB_DevInit
 .text.USB_GetDevSpeed
                0x0800b1d8       0x22 CMakeFiles/DM_T_Code.elf.dir/Drivers/STM32H7xx_HAL_Driver/Src/stm32h7xx_ll_usb.c.obj
                0x0800b1d8                USB_GetDevSpeed
 *fill*         0x0800b1fa        0x2 
 .text.USB_ActivateEndpoint
                0x0800b1fc       0x98 CMakeFiles/DM_T_Code.elf.dir/Drivers/STM32H7xx_HAL_Driver/Src/stm32h7xx_ll_usb.c.obj
                0x0800b1fc                USB_ActivateEndpoint
 .text.USB_DeactivateEndpoint
                0x0800b294       0xe0 CMakeFiles/DM_T_Code.elf.dir/Drivers/STM32H7xx_HAL_Driver/Src/stm32h7xx_ll_usb.c.obj
                0x0800b294                USB_DeactivateEndpoint
 .text.USB_EPStopXfer
                0x0800b374       0xbe CMakeFiles/DM_T_Code.elf.dir/Drivers/STM32H7xx_HAL_Driver/Src/stm32h7xx_ll_usb.c.obj
                0x0800b374                USB_EPStopXfer
 .text.USB_WritePacket
                0x0800b432       0x2e CMakeFiles/DM_T_Code.elf.dir/Drivers/STM32H7xx_HAL_Driver/Src/stm32h7xx_ll_usb.c.obj
                0x0800b432                USB_WritePacket
 .text.USB_EPStartXfer
                0x0800b460      0x244 CMakeFiles/DM_T_Code.elf.dir/Drivers/STM32H7xx_HAL_Driver/Src/stm32h7xx_ll_usb.c.obj
                0x0800b460                USB_EPStartXfer
 .text.USB_ReadPacket
                0x0800b6a4       0x46 CMakeFiles/DM_T_Code.elf.dir/Drivers/STM32H7xx_HAL_Driver/Src/stm32h7xx_ll_usb.c.obj
                0x0800b6a4                USB_ReadPacket
 .text.USB_EPSetStall
                0x0800b6ea       0x5a CMakeFiles/DM_T_Code.elf.dir/Drivers/STM32H7xx_HAL_Driver/Src/stm32h7xx_ll_usb.c.obj
                0x0800b6ea                USB_EPSetStall
 .text.USB_EPClearStall
                0x0800b744       0x5c CMakeFiles/DM_T_Code.elf.dir/Drivers/STM32H7xx_HAL_Driver/Src/stm32h7xx_ll_usb.c.obj
                0x0800b744                USB_EPClearStall
 .text.USB_SetDevAddress
                0x0800b7a0       0x20 CMakeFiles/DM_T_Code.elf.dir/Drivers/STM32H7xx_HAL_Driver/Src/stm32h7xx_ll_usb.c.obj
                0x0800b7a0                USB_SetDevAddress
 .text.USB_DevConnect
                0x0800b7c0       0x1c CMakeFiles/DM_T_Code.elf.dir/Drivers/STM32H7xx_HAL_Driver/Src/stm32h7xx_ll_usb.c.obj
                0x0800b7c0                USB_DevConnect
 .text.USB_DevDisconnect
                0x0800b7dc       0x1c CMakeFiles/DM_T_Code.elf.dir/Drivers/STM32H7xx_HAL_Driver/Src/stm32h7xx_ll_usb.c.obj
                0x0800b7dc                USB_DevDisconnect
 .text.USB_ReadInterrupts
                0x0800b7f8        0x8 CMakeFiles/DM_T_Code.elf.dir/Drivers/STM32H7xx_HAL_Driver/Src/stm32h7xx_ll_usb.c.obj
                0x0800b7f8                USB_ReadInterrupts
 .text.USB_ReadDevAllOutEpInterrupt
                0x0800b800       0x10 CMakeFiles/DM_T_Code.elf.dir/Drivers/STM32H7xx_HAL_Driver/Src/stm32h7xx_ll_usb.c.obj
                0x0800b800                USB_ReadDevAllOutEpInterrupt
 .text.USB_ReadDevAllInEpInterrupt
                0x0800b810       0x10 CMakeFiles/DM_T_Code.elf.dir/Drivers/STM32H7xx_HAL_Driver/Src/stm32h7xx_ll_usb.c.obj
                0x0800b810                USB_ReadDevAllInEpInterrupt
 .text.USB_ReadDevOutEPInterrupt
                0x0800b820       0x12 CMakeFiles/DM_T_Code.elf.dir/Drivers/STM32H7xx_HAL_Driver/Src/stm32h7xx_ll_usb.c.obj
                0x0800b820                USB_ReadDevOutEPInterrupt
 .text.USB_ReadDevInEPInterrupt
                0x0800b832       0x24 CMakeFiles/DM_T_Code.elf.dir/Drivers/STM32H7xx_HAL_Driver/Src/stm32h7xx_ll_usb.c.obj
                0x0800b832                USB_ReadDevInEPInterrupt
 .text.USB_GetMode
                0x0800b856        0x8 CMakeFiles/DM_T_Code.elf.dir/Drivers/STM32H7xx_HAL_Driver/Src/stm32h7xx_ll_usb.c.obj
                0x0800b856                USB_GetMode
 .text.USB_SetCurrentMode
                0x0800b85e       0x62 CMakeFiles/DM_T_Code.elf.dir/Drivers/STM32H7xx_HAL_Driver/Src/stm32h7xx_ll_usb.c.obj
                0x0800b85e                USB_SetCurrentMode
 .text.USB_ActivateSetup
                0x0800b8c0       0x1c CMakeFiles/DM_T_Code.elf.dir/Drivers/STM32H7xx_HAL_Driver/Src/stm32h7xx_ll_usb.c.obj
                0x0800b8c0                USB_ActivateSetup
 .text.USB_EP0_OutStart
                0x0800b8dc       0x60 CMakeFiles/DM_T_Code.elf.dir/Drivers/STM32H7xx_HAL_Driver/Src/stm32h7xx_ll_usb.c.obj
                0x0800b8dc                USB_EP0_OutStart
 .text.float_to_uint
                0x0800b93c       0x48 CMakeFiles/DM_T_Code.elf.dir/MathFunction_User/convert.c.obj
                0x0800b93c                float_to_uint
 .text.uint_to_float
                0x0800b984       0x28 CMakeFiles/DM_T_Code.elf.dir/MathFunction_User/convert.c.obj
                0x0800b984                uint_to_float
 .text.DiffCalc
                0x0800b9ac      0x370 CMakeFiles/DM_T_Code.elf.dir/MathFunction_User/diff.c.obj
                0x0800b9ac                DiffCalc
 .text.PidCalc  0x0800bd1c      0x140 CMakeFiles/DM_T_Code.elf.dir/MathFunction_User/pid.c.obj
                0x0800bd1c                PidCalc
 .text.PidClear
                0x0800be5c        0xe CMakeFiles/DM_T_Code.elf.dir/MathFunction_User/pid.c.obj
                0x0800be5c                PidClear
 .text.USBD_CDC_EP0_RxReady
                0x0800be6a       0x40 CMakeFiles/DM_T_Code.elf.dir/Middlewares/ST/STM32_USB_Device_Library/Class/CDC/Src/usbd_cdc.c.obj
 *fill*         0x0800beaa        0x2 
 .text.USBD_CDC_GetDeviceQualifierDescriptor
                0x0800beac        0xc CMakeFiles/DM_T_Code.elf.dir/Middlewares/ST/STM32_USB_Device_Library/Class/CDC/Src/usbd_cdc.c.obj
                0x0800beac                USBD_CDC_GetDeviceQualifierDescriptor
 .text.USBD_CDC_GetOtherSpeedCfgDesc
                0x0800beb8       0x48 CMakeFiles/DM_T_Code.elf.dir/Middlewares/ST/STM32_USB_Device_Library/Class/CDC/Src/usbd_cdc.c.obj
 .text.USBD_CDC_GetFSCfgDesc
                0x0800bf00       0x48 CMakeFiles/DM_T_Code.elf.dir/Middlewares/ST/STM32_USB_Device_Library/Class/CDC/Src/usbd_cdc.c.obj
 .text.USBD_CDC_GetHSCfgDesc
                0x0800bf48       0x48 CMakeFiles/DM_T_Code.elf.dir/Middlewares/ST/STM32_USB_Device_Library/Class/CDC/Src/usbd_cdc.c.obj
 .text.USBD_CDC_DataOut
                0x0800bf90       0x38 CMakeFiles/DM_T_Code.elf.dir/Middlewares/ST/STM32_USB_Device_Library/Class/CDC/Src/usbd_cdc.c.obj
 .text.USBD_CDC_DataIn
                0x0800bfc8       0x7c CMakeFiles/DM_T_Code.elf.dir/Middlewares/ST/STM32_USB_Device_Library/Class/CDC/Src/usbd_cdc.c.obj
 .text.USBD_CDC_Setup
                0x0800c044      0x114 CMakeFiles/DM_T_Code.elf.dir/Middlewares/ST/STM32_USB_Device_Library/Class/CDC/Src/usbd_cdc.c.obj
 .text.USBD_CDC_DeInit
                0x0800c158       0x64 CMakeFiles/DM_T_Code.elf.dir/Middlewares/ST/STM32_USB_Device_Library/Class/CDC/Src/usbd_cdc.c.obj
 .text.USBD_CDC_Init
                0x0800c1bc       0xee CMakeFiles/DM_T_Code.elf.dir/Middlewares/ST/STM32_USB_Device_Library/Class/CDC/Src/usbd_cdc.c.obj
 .text.USBD_CDC_RegisterInterface
                0x0800c2aa       0x16 CMakeFiles/DM_T_Code.elf.dir/Middlewares/ST/STM32_USB_Device_Library/Class/CDC/Src/usbd_cdc.c.obj
                0x0800c2aa                USBD_CDC_RegisterInterface
 .text.USBD_CDC_SetTxBuffer
                0x0800c2c0       0x1c CMakeFiles/DM_T_Code.elf.dir/Middlewares/ST/STM32_USB_Device_Library/Class/CDC/Src/usbd_cdc.c.obj
                0x0800c2c0                USBD_CDC_SetTxBuffer
 .text.USBD_CDC_SetRxBuffer
                0x0800c2dc       0x18 CMakeFiles/DM_T_Code.elf.dir/Middlewares/ST/STM32_USB_Device_Library/Class/CDC/Src/usbd_cdc.c.obj
                0x0800c2dc                USBD_CDC_SetRxBuffer
 .text.USBD_CDC_ReceivePacket
                0x0800c2f4       0x38 CMakeFiles/DM_T_Code.elf.dir/Middlewares/ST/STM32_USB_Device_Library/Class/CDC/Src/usbd_cdc.c.obj
                0x0800c2f4                USBD_CDC_ReceivePacket
 .text.USBD_Init
                0x0800c32c       0x2e CMakeFiles/DM_T_Code.elf.dir/Middlewares/ST/STM32_USB_Device_Library/Core/Src/usbd_core.c.obj
                0x0800c32c                USBD_Init
 .text.USBD_RegisterClass
                0x0800c35a       0x40 CMakeFiles/DM_T_Code.elf.dir/Middlewares/ST/STM32_USB_Device_Library/Core/Src/usbd_core.c.obj
                0x0800c35a                USBD_RegisterClass
 .text.USBD_Start
                0x0800c39a        0x8 CMakeFiles/DM_T_Code.elf.dir/Middlewares/ST/STM32_USB_Device_Library/Core/Src/usbd_core.c.obj
                0x0800c39a                USBD_Start
 .text.USBD_SetClassConfig
                0x0800c3a2       0x12 CMakeFiles/DM_T_Code.elf.dir/Middlewares/ST/STM32_USB_Device_Library/Core/Src/usbd_core.c.obj
                0x0800c3a2                USBD_SetClassConfig
 .text.USBD_ClrClassConfig
                0x0800c3b4       0x12 CMakeFiles/DM_T_Code.elf.dir/Middlewares/ST/STM32_USB_Device_Library/Core/Src/usbd_core.c.obj
                0x0800c3b4                USBD_ClrClassConfig
 .text.USBD_LL_SetupStage
                0x0800c3c6       0x58 CMakeFiles/DM_T_Code.elf.dir/Middlewares/ST/STM32_USB_Device_Library/Core/Src/usbd_core.c.obj
                0x0800c3c6                USBD_LL_SetupStage
 .text.USBD_LL_Reset
                0x0800c41e       0x64 CMakeFiles/DM_T_Code.elf.dir/Middlewares/ST/STM32_USB_Device_Library/Core/Src/usbd_core.c.obj
                0x0800c41e                USBD_LL_Reset
 .text.USBD_LL_SetSpeed
                0x0800c482        0x6 CMakeFiles/DM_T_Code.elf.dir/Middlewares/ST/STM32_USB_Device_Library/Core/Src/usbd_core.c.obj
                0x0800c482                USBD_LL_SetSpeed
 .text.USBD_LL_Suspend
                0x0800c488       0x1c CMakeFiles/DM_T_Code.elf.dir/Middlewares/ST/STM32_USB_Device_Library/Core/Src/usbd_core.c.obj
                0x0800c488                USBD_LL_Suspend
 .text.USBD_LL_Resume
                0x0800c4a4       0x18 CMakeFiles/DM_T_Code.elf.dir/Middlewares/ST/STM32_USB_Device_Library/Core/Src/usbd_core.c.obj
                0x0800c4a4                USBD_LL_Resume
 .text.USBD_LL_SOF
                0x0800c4bc       0x20 CMakeFiles/DM_T_Code.elf.dir/Middlewares/ST/STM32_USB_Device_Library/Core/Src/usbd_core.c.obj
                0x0800c4bc                USBD_LL_SOF
 .text.USBD_LL_IsoINIncomplete
                0x0800c4dc       0x2c CMakeFiles/DM_T_Code.elf.dir/Middlewares/ST/STM32_USB_Device_Library/Core/Src/usbd_core.c.obj
                0x0800c4dc                USBD_LL_IsoINIncomplete
 .text.USBD_LL_IsoOUTIncomplete
                0x0800c508       0x2c CMakeFiles/DM_T_Code.elf.dir/Middlewares/ST/STM32_USB_Device_Library/Core/Src/usbd_core.c.obj
                0x0800c508                USBD_LL_IsoOUTIncomplete
 .text.USBD_LL_DevConnected
                0x0800c534        0x4 CMakeFiles/DM_T_Code.elf.dir/Middlewares/ST/STM32_USB_Device_Library/Core/Src/usbd_core.c.obj
                0x0800c534                USBD_LL_DevConnected
 .text.USBD_LL_DevDisconnected
                0x0800c538       0x20 CMakeFiles/DM_T_Code.elf.dir/Middlewares/ST/STM32_USB_Device_Library/Core/Src/usbd_core.c.obj
                0x0800c538                USBD_LL_DevDisconnected
 .text.USBD_CoreFindIF
                0x0800c558        0x4 CMakeFiles/DM_T_Code.elf.dir/Middlewares/ST/STM32_USB_Device_Library/Core/Src/usbd_core.c.obj
                0x0800c558                USBD_CoreFindIF
 .text.USBD_CoreFindEP
                0x0800c55c        0x4 CMakeFiles/DM_T_Code.elf.dir/Middlewares/ST/STM32_USB_Device_Library/Core/Src/usbd_core.c.obj
                0x0800c55c                USBD_CoreFindEP
 .text.USBD_LL_DataOutStage
                0x0800c560       0xc0 CMakeFiles/DM_T_Code.elf.dir/Middlewares/ST/STM32_USB_Device_Library/Core/Src/usbd_core.c.obj
                0x0800c560                USBD_LL_DataOutStage
 .text.USBD_LL_DataInStage
                0x0800c620       0xd2 CMakeFiles/DM_T_Code.elf.dir/Middlewares/ST/STM32_USB_Device_Library/Core/Src/usbd_core.c.obj
                0x0800c620                USBD_LL_DataInStage
 .text.USBD_GetNextDesc
                0x0800c6f2        0xe CMakeFiles/DM_T_Code.elf.dir/Middlewares/ST/STM32_USB_Device_Library/Core/Src/usbd_core.c.obj
                0x0800c6f2                USBD_GetNextDesc
 .text.USBD_GetEpDesc
                0x0800c700       0x3e CMakeFiles/DM_T_Code.elf.dir/Middlewares/ST/STM32_USB_Device_Library/Core/Src/usbd_core.c.obj
                0x0800c700                USBD_GetEpDesc
 .text.USBD_GetLen
                0x0800c73e       0x14 CMakeFiles/DM_T_Code.elf.dir/Middlewares/ST/STM32_USB_Device_Library/Core/Src/usbd_ctlreq.c.obj
 .text.USBD_ParseSetupRequest
                0x0800c752       0x28 CMakeFiles/DM_T_Code.elf.dir/Middlewares/ST/STM32_USB_Device_Library/Core/Src/usbd_ctlreq.c.obj
                0x0800c752                USBD_ParseSetupRequest
 .text.USBD_CtlError
                0x0800c77a       0x14 CMakeFiles/DM_T_Code.elf.dir/Middlewares/ST/STM32_USB_Device_Library/Core/Src/usbd_ctlreq.c.obj
                0x0800c77a                USBD_CtlError
 .text.USBD_GetDescriptor
                0x0800c78e      0x1ac CMakeFiles/DM_T_Code.elf.dir/Middlewares/ST/STM32_USB_Device_Library/Core/Src/usbd_ctlreq.c.obj
 .text.USBD_SetAddress
                0x0800c93a       0x4e CMakeFiles/DM_T_Code.elf.dir/Middlewares/ST/STM32_USB_Device_Library/Core/Src/usbd_ctlreq.c.obj
 .text.USBD_SetConfig
                0x0800c988       0xcc CMakeFiles/DM_T_Code.elf.dir/Middlewares/ST/STM32_USB_Device_Library/Core/Src/usbd_ctlreq.c.obj
 .text.USBD_GetConfig
                0x0800ca54       0x40 CMakeFiles/DM_T_Code.elf.dir/Middlewares/ST/STM32_USB_Device_Library/Core/Src/usbd_ctlreq.c.obj
 .text.USBD_GetStatus
                0x0800ca94       0x38 CMakeFiles/DM_T_Code.elf.dir/Middlewares/ST/STM32_USB_Device_Library/Core/Src/usbd_ctlreq.c.obj
 .text.USBD_SetFeature
                0x0800cacc       0x2a CMakeFiles/DM_T_Code.elf.dir/Middlewares/ST/STM32_USB_Device_Library/Core/Src/usbd_ctlreq.c.obj
 .text.USBD_ClrFeature
                0x0800caf6       0x26 CMakeFiles/DM_T_Code.elf.dir/Middlewares/ST/STM32_USB_Device_Library/Core/Src/usbd_ctlreq.c.obj
 .text.USBD_StdDevReq
                0x0800cb1c       0x76 CMakeFiles/DM_T_Code.elf.dir/Middlewares/ST/STM32_USB_Device_Library/Core/Src/usbd_ctlreq.c.obj
                0x0800cb1c                USBD_StdDevReq
 .text.USBD_StdItfReq
                0x0800cb92       0x84 CMakeFiles/DM_T_Code.elf.dir/Middlewares/ST/STM32_USB_Device_Library/Core/Src/usbd_ctlreq.c.obj
                0x0800cb92                USBD_StdItfReq
 .text.USBD_StdEPReq
                0x0800cc16      0x23a CMakeFiles/DM_T_Code.elf.dir/Middlewares/ST/STM32_USB_Device_Library/Core/Src/usbd_ctlreq.c.obj
                0x0800cc16                USBD_StdEPReq
 .text.USBD_GetString
                0x0800ce50       0x46 CMakeFiles/DM_T_Code.elf.dir/Middlewares/ST/STM32_USB_Device_Library/Core/Src/usbd_ctlreq.c.obj
                0x0800ce50                USBD_GetString
 .text.USBD_CtlSendData
                0x0800ce96       0x1a CMakeFiles/DM_T_Code.elf.dir/Middlewares/ST/STM32_USB_Device_Library/Core/Src/usbd_ioreq.c.obj
                0x0800ce96                USBD_CtlSendData
 .text.USBD_CtlContinueSendData
                0x0800ceb0       0x10 CMakeFiles/DM_T_Code.elf.dir/Middlewares/ST/STM32_USB_Device_Library/Core/Src/usbd_ioreq.c.obj
                0x0800ceb0                USBD_CtlContinueSendData
 .text.USBD_CtlPrepareRx
                0x0800cec0       0x1e CMakeFiles/DM_T_Code.elf.dir/Middlewares/ST/STM32_USB_Device_Library/Core/Src/usbd_ioreq.c.obj
                0x0800cec0                USBD_CtlPrepareRx
 .text.USBD_CtlContinueRx
                0x0800cede       0x10 CMakeFiles/DM_T_Code.elf.dir/Middlewares/ST/STM32_USB_Device_Library/Core/Src/usbd_ioreq.c.obj
                0x0800cede                USBD_CtlContinueRx
 .text.USBD_CtlSendStatus
                0x0800ceee       0x16 CMakeFiles/DM_T_Code.elf.dir/Middlewares/ST/STM32_USB_Device_Library/Core/Src/usbd_ioreq.c.obj
                0x0800ceee                USBD_CtlSendStatus
 .text.USBD_CtlReceiveStatus
                0x0800cf04       0x16 CMakeFiles/DM_T_Code.elf.dir/Middlewares/ST/STM32_USB_Device_Library/Core/Src/usbd_ioreq.c.obj
                0x0800cf04                USBD_CtlReceiveStatus
 .text.SysTick_Handler
                0x0800cf1a       0x18 CMakeFiles/DM_T_Code.elf.dir/Middlewares/Third_Party/FreeRTOS/Source/CMSIS_RTOS_V2/cmsis_os2.c.obj
                0x0800cf1a                SysTick_Handler
 *fill*         0x0800cf32        0x2 
 .text.osKernelInitialize
                0x0800cf34       0x24 CMakeFiles/DM_T_Code.elf.dir/Middlewares/Third_Party/FreeRTOS/Source/CMSIS_RTOS_V2/cmsis_os2.c.obj
                0x0800cf34                osKernelInitialize
 .text.osKernelStart
                0x0800cf58       0x38 CMakeFiles/DM_T_Code.elf.dir/Middlewares/Third_Party/FreeRTOS/Source/CMSIS_RTOS_V2/cmsis_os2.c.obj
                0x0800cf58                osKernelStart
 .text.osKernelGetTickCount
                0x0800cf90       0x14 CMakeFiles/DM_T_Code.elf.dir/Middlewares/Third_Party/FreeRTOS/Source/CMSIS_RTOS_V2/cmsis_os2.c.obj
                0x0800cf90                osKernelGetTickCount
 .text.osThreadNew
                0x0800cfa4       0xb6 CMakeFiles/DM_T_Code.elf.dir/Middlewares/Third_Party/FreeRTOS/Source/CMSIS_RTOS_V2/cmsis_os2.c.obj
                0x0800cfa4                osThreadNew
 .text.osDelay  0x0800d05a       0x1c CMakeFiles/DM_T_Code.elf.dir/Middlewares/Third_Party/FreeRTOS/Source/CMSIS_RTOS_V2/cmsis_os2.c.obj
                0x0800d05a                osDelay
 .text.osSemaphoreNew
                0x0800d076       0xb8 CMakeFiles/DM_T_Code.elf.dir/Middlewares/Third_Party/FreeRTOS/Source/CMSIS_RTOS_V2/cmsis_os2.c.obj
                0x0800d076                osSemaphoreNew
 .text.osSemaphoreAcquire
                0x0800d12e       0x68 CMakeFiles/DM_T_Code.elf.dir/Middlewares/Third_Party/FreeRTOS/Source/CMSIS_RTOS_V2/cmsis_os2.c.obj
                0x0800d12e                osSemaphoreAcquire
 .text.osSemaphoreRelease
                0x0800d196       0x5e CMakeFiles/DM_T_Code.elf.dir/Middlewares/Third_Party/FreeRTOS/Source/CMSIS_RTOS_V2/cmsis_os2.c.obj
                0x0800d196                osSemaphoreRelease
 .text.vApplicationGetIdleTaskMemory
                0x0800d1f4       0x18 CMakeFiles/DM_T_Code.elf.dir/Middlewares/Third_Party/FreeRTOS/Source/CMSIS_RTOS_V2/cmsis_os2.c.obj
                0x0800d1f4                vApplicationGetIdleTaskMemory
 .text.vApplicationGetTimerTaskMemory
                0x0800d20c       0x18 CMakeFiles/DM_T_Code.elf.dir/Middlewares/Third_Party/FreeRTOS/Source/CMSIS_RTOS_V2/cmsis_os2.c.obj
                0x0800d20c                vApplicationGetTimerTaskMemory
 .text.vListInitialise
                0x0800d224       0x16 CMakeFiles/DM_T_Code.elf.dir/Middlewares/Third_Party/FreeRTOS/Source/list.c.obj
                0x0800d224                vListInitialise
 .text.vListInitialiseItem
                0x0800d23a        0x6 CMakeFiles/DM_T_Code.elf.dir/Middlewares/Third_Party/FreeRTOS/Source/list.c.obj
                0x0800d23a                vListInitialiseItem
 .text.vListInsertEnd
                0x0800d240       0x16 CMakeFiles/DM_T_Code.elf.dir/Middlewares/Third_Party/FreeRTOS/Source/list.c.obj
                0x0800d240                vListInsertEnd
 .text.vListInsert
                0x0800d256       0x32 CMakeFiles/DM_T_Code.elf.dir/Middlewares/Third_Party/FreeRTOS/Source/list.c.obj
                0x0800d256                vListInsert
 .text.uxListRemove
                0x0800d288       0x26 CMakeFiles/DM_T_Code.elf.dir/Middlewares/Third_Party/FreeRTOS/Source/list.c.obj
                0x0800d288                uxListRemove
 *fill*         0x0800d2ae        0x2 
 .text.prvTaskExitError
                0x0800d2b0       0x40 CMakeFiles/DM_T_Code.elf.dir/Middlewares/Third_Party/FreeRTOS/Source/portable/GCC/ARM_CM4F/port.c.obj
 .text.prvPortStartFirstTask
                0x0800d2f0       0x28 CMakeFiles/DM_T_Code.elf.dir/Middlewares/Third_Party/FreeRTOS/Source/portable/GCC/ARM_CM4F/port.c.obj
 .text.vPortEnableVFP
                0x0800d318       0x14 CMakeFiles/DM_T_Code.elf.dir/Middlewares/Third_Party/FreeRTOS/Source/portable/GCC/ARM_CM4F/port.c.obj
 .text.pxPortInitialiseStack
                0x0800d32c       0x2c CMakeFiles/DM_T_Code.elf.dir/Middlewares/Third_Party/FreeRTOS/Source/portable/GCC/ARM_CM4F/port.c.obj
                0x0800d32c                pxPortInitialiseStack
 *fill*         0x0800d358        0x8 
 .text.SVC_Handler
                0x0800d360       0x24 CMakeFiles/DM_T_Code.elf.dir/Middlewares/Third_Party/FreeRTOS/Source/portable/GCC/ARM_CM4F/port.c.obj
                0x0800d360                SVC_Handler
 .text.vPortEnterCritical
                0x0800d384       0x44 CMakeFiles/DM_T_Code.elf.dir/Middlewares/Third_Party/FreeRTOS/Source/portable/GCC/ARM_CM4F/port.c.obj
                0x0800d384                vPortEnterCritical
 .text.vPortExitCritical
                0x0800d3c8       0x2c CMakeFiles/DM_T_Code.elf.dir/Middlewares/Third_Party/FreeRTOS/Source/portable/GCC/ARM_CM4F/port.c.obj
                0x0800d3c8                vPortExitCritical
 *fill*         0x0800d3f4        0xc 
 .text.PendSV_Handler
                0x0800d400       0x64 CMakeFiles/DM_T_Code.elf.dir/Middlewares/Third_Party/FreeRTOS/Source/portable/GCC/ARM_CM4F/port.c.obj
                0x0800d400                PendSV_Handler
 .text.xPortSysTickHandler
                0x0800d464       0x2c CMakeFiles/DM_T_Code.elf.dir/Middlewares/Third_Party/FreeRTOS/Source/portable/GCC/ARM_CM4F/port.c.obj
                0x0800d464                xPortSysTickHandler
 .text.vPortSetupTimerInterrupt
                0x0800d490       0x28 CMakeFiles/DM_T_Code.elf.dir/Middlewares/Third_Party/FreeRTOS/Source/portable/GCC/ARM_CM4F/port.c.obj
                0x0800d490                vPortSetupTimerInterrupt
 .text.xPortStartScheduler
                0x0800d4b8      0x118 CMakeFiles/DM_T_Code.elf.dir/Middlewares/Third_Party/FreeRTOS/Source/portable/GCC/ARM_CM4F/port.c.obj